


ARM Macro Assembler    Page 1 


    1 00000000         ; gpio.s
    2 00000000         ; Desenvolvido para a placa EK-TM4C1294XL
    3 00000000         ; Prof. Guilherme Peron
    4 00000000         ; 19/03/2018
    5 00000000         
    6 00000000         ; ------------------------------------------------------
                       -------------------------
    7 00000000                 THUMB                        ; Instruções do tip
                                                            o Thumb-2
    8 00000000         ; ------------------------------------------------------
                       -------------------------
    9 00000000         ; Declarações EQU - Defines
   10 00000000         ; ========================
   11 00000000         ; Definições dos Registradores Gerais
   12 00000000 400FE608 
                       SYSCTL_RCGCGPIO_R
                               EQU              0x400FE608
   13 00000000 400FEA08 
                       SYSCTL_PRGPIO_R
                               EQU              0x400FEA08
   14 00000000         ; ========================
   15 00000000         ; Definições dos Ports
   16 00000000 E000E104 
                       NVIC_EN1_R
                               EQU              0xE000E104
   17 00000000 E000E430 
                       NVIC_PRI12_R
                               EQU              0xE000E430
   18 00000000         
   19 00000000         ; PORT J
   20 00000000 40060520 
                       GPIO_PORTJ_AHB_LOCK_R
                               EQU              0x40060520
   21 00000000 40060524 
                       GPIO_PORTJ_AHB_CR_R
                               EQU              0x40060524
   22 00000000 40060528 
                       GPIO_PORTJ_AHB_AMSEL_R
                               EQU              0x40060528
   23 00000000 4006052C 
                       GPIO_PORTJ_AHB_PCTL_R
                               EQU              0x4006052C
   24 00000000 40060400 
                       GPIO_PORTJ_AHB_DIR_R
                               EQU              0x40060400
   25 00000000 40060420 
                       GPIO_PORTJ_AHB_AFSEL_R
                               EQU              0x40060420
   26 00000000 4006051C 
                       GPIO_PORTJ_AHB_DEN_R
                               EQU              0x4006051C
   27 00000000 40060510 
                       GPIO_PORTJ_AHB_PUR_R
                               EQU              0x40060510
   28 00000000 400603FC 
                       GPIO_PORTJ_AHB_DATA_R
                               EQU              0x400603FC
   29 00000000 00000100 
                       GPIO_PORTJ



ARM Macro Assembler    Page 2 


                               EQU              2_000000100000000
   30 00000000 40060410 
                       GPIO_PORTJ_AHB_IM_R
                               EQU              0x40060410
   31 00000000 40060404 
                       GPIO_PORTJ_AHB_IS_R
                               EQU              0x40060404
   32 00000000 40060408 
                       GPIO_PORTJ_AHB_IBE_R
                               EQU              0x40060408
   33 00000000 4006040C 
                       GPIO_PORTJ_AHB_IEV_R
                               EQU              0x4006040C
   34 00000000 4006041C 
                       GPIO_PORTJ_AHB_ICR_R
                               EQU              0x4006041C
   35 00000000 40060414 
                       GPIO_PORTJ_AHB_RIS_R
                               EQU              0x40060414
   36 00000000         
   37 00000000         ; PORT F
   38 00000000 4005D520 
                       GPIO_PORTF_AHB_LOCK_R
                               EQU              0x4005D520
   39 00000000 4005D524 
                       GPIO_PORTF_AHB_CR_R
                               EQU              0x4005D524
   40 00000000 4005D528 
                       GPIO_PORTF_AHB_AMSEL_R
                               EQU              0x4005D528
   41 00000000 4005D52C 
                       GPIO_PORTF_AHB_PCTL_R
                               EQU              0x4005D52C
   42 00000000 4005D400 
                       GPIO_PORTF_AHB_DIR_R
                               EQU              0x4005D400
   43 00000000 4005D420 
                       GPIO_PORTF_AHB_AFSEL_R
                               EQU              0x4005D420
   44 00000000 4005D51C 
                       GPIO_PORTF_AHB_DEN_R
                               EQU              0x4005D51C
   45 00000000 4005D510 
                       GPIO_PORTF_AHB_PUR_R
                               EQU              0x4005D510
   46 00000000 4005D3FC 
                       GPIO_PORTF_AHB_DATA_R
                               EQU              0x4005D3FC
   47 00000000 00000020 
                       GPIO_PORTF
                               EQU              2_000000000100000
   48 00000000         
   49 00000000         ; PORT K
   50 00000000 40061000 
                       GPIO_PORTK_DATA_BITS_R
                               EQU              0x40061000
   51 00000000 400613FC 
                       GPIO_PORTK_DATA_R
                               EQU              0x400613FC



ARM Macro Assembler    Page 3 


   52 00000000 40061400 
                       GPIO_PORTK_DIR_R
                               EQU              0x40061400
   53 00000000 40061404 
                       GPIO_PORTK_IS_R
                               EQU              0x40061404
   54 00000000 40061408 
                       GPIO_PORTK_IBE_R
                               EQU              0x40061408
   55 00000000 4006140C 
                       GPIO_PORTK_IEV_R
                               EQU              0x4006140C
   56 00000000 40061410 
                       GPIO_PORTK_IM_R
                               EQU              0x40061410
   57 00000000 40061414 
                       GPIO_PORTK_RIS_R
                               EQU              0x40061414
   58 00000000 40061418 
                       GPIO_PORTK_MIS_R
                               EQU              0x40061418
   59 00000000 4006141C 
                       GPIO_PORTK_ICR_R
                               EQU              0x4006141C
   60 00000000 40061420 
                       GPIO_PORTK_AFSEL_R
                               EQU              0x40061420
   61 00000000 40061500 
                       GPIO_PORTK_DR2R_R
                               EQU              0x40061500
   62 00000000 40061504 
                       GPIO_PORTK_DR4R_R
                               EQU              0x40061504
   63 00000000 40061508 
                       GPIO_PORTK_DR8R_R
                               EQU              0x40061508
   64 00000000 4006150C 
                       GPIO_PORTK_ODR_R
                               EQU              0x4006150C
   65 00000000 40061510 
                       GPIO_PORTK_PUR_R
                               EQU              0x40061510
   66 00000000 40061514 
                       GPIO_PORTK_PDR_R
                               EQU              0x40061514
   67 00000000 40061518 
                       GPIO_PORTK_SLR_R
                               EQU              0x40061518
   68 00000000 4006151C 
                       GPIO_PORTK_DEN_R
                               EQU              0x4006151C
   69 00000000 40061520 
                       GPIO_PORTK_LOCK_R
                               EQU              0x40061520
   70 00000000 40061524 
                       GPIO_PORTK_CR_R
                               EQU              0x40061524
   71 00000000 40061528 
                       GPIO_PORTK_AMSEL_R



ARM Macro Assembler    Page 4 


                               EQU              0x40061528
   72 00000000 4006152C 
                       GPIO_PORTK_PCTL_R
                               EQU              0x4006152C
   73 00000000 40061530 
                       GPIO_PORTK_ADCCTL_R
                               EQU              0x40061530
   74 00000000 40061534 
                       GPIO_PORTK_DMACTL_R
                               EQU              0x40061534
   75 00000000 40061538 
                       GPIO_PORTK_SI_R
                               EQU              0x40061538
   76 00000000 4006153C 
                       GPIO_PORTK_DR12R_R
                               EQU              0x4006153C
   77 00000000 40061540 
                       GPIO_PORTK_WAKEPEN_R
                               EQU              0x40061540
   78 00000000 40061544 
                       GPIO_PORTK_WAKELVL_R
                               EQU              0x40061544
   79 00000000 40061548 
                       GPIO_PORTK_WAKESTAT_R
                               EQU              0x40061548
   80 00000000 40061FC0 
                       GPIO_PORTK_PP_R
                               EQU              0x40061FC0
   81 00000000 40061FC4 
                       GPIO_PORTK_PC_R
                               EQU              0x40061FC4
   82 00000000 00000200 
                       GPIO_PORTK
                               EQU              2_1000000000
   83 00000000         
   84 00000000         ; ------------------------------------------------------
                       -------------------------
   85 00000000         ; Área de Código - Tudo abaixo da diretiva a seguir será
                        armazenado na memória de 
   86 00000000         ;                  código
   87 00000000                 AREA             |.text|, CODE, READONLY, ALIGN=
2
   88 00000000         
   89 00000000         ; Se alguma função do arquivo for chamada em outro arqui
                       vo 
   90 00000000                 EXPORT           GPIO_Init   ; Permite chamar GP
                                                            IO_Init de outro ar
                                                            quivo
   91 00000000                 EXPORT           PortF_Output ; Permite chamar P
                                                            ortN_Output de outr
                                                            o arquivo
   92 00000000                 EXPORT           PortJ_Input ; Permite chamar Po
                                                            rtJ_Input de outro 
                                                            arquivo
   93 00000000                 EXPORT           GPIOPortJ_Handler
   94 00000000                 EXPORT           EnableInterrupt
   95 00000000                 EXPORT           DisableInterrupt
   96 00000000         
   97 00000000                 IMPORT           LCD_init



ARM Macro Assembler    Page 5 


   98 00000000                 IMPORT           LCD_reset
   99 00000000                 IMPORT           LCD_command
  100 00000000                 IMPORT           LCD_write_data
  101 00000000                 IMPORT           LCD_print_string
  102 00000000         
  103 00000000                 IMPORT           MKBOARD_init
  104 00000000                 IMPORT           MKBOARD_getValuePressed
  105 00000000                 IMPORT           MKBOARD_valueToASCII
  106 00000000         
  107 00000000                 IMPORT           LEDS_AND_DISPLAYS_init
  108 00000000                 IMPORT           select_leds
  109 00000000                 IMPORT           select_dig_DS
  110 00000000                 IMPORT           turn_leds_ON
  111 00000000                 IMPORT           turn_DS1_ON
  112 00000000                 IMPORT           turn_DS2_ON
  113 00000000         
  114 00000000                 IMPORT           SysTick_Wait1us
  115 00000000                 IMPORT           SysTick_Wait1ms
  116 00000000         
  117 00000000                 IMPORT           enter_pw_master_interrupt
  118 00000000         ;-------------------------------------------------------
                       -------------------------
  119 00000000         ; Função GPIO_Init
  120 00000000         ; Parâmetro de entrada: Não tem
  121 00000000         ; Parâmetro de saída: Não tem
  122 00000000         GPIO_Init
  123 00000000         ;=====================
  124 00000000         ; 1. Ativar o clock para a porta setando o bit correspon
                       dente no registrador RCGCGPIO,
  125 00000000         ; após isso verificar no PRGPIO se a porta está pronta p
                       ara uso.
  126 00000000 484C            LDR              R0, =SYSCTL_RCGCGPIO_R ;Carrega
                                                             o endereço do regi
                                                            strador RCGCGPIO
  127 00000002 F04F 0120       MOV              R1, #GPIO_PORTF ;Seta o bit da 
                                                            porta F
  128 00000006 F441 7180       ORR              R1, #GPIO_PORTJ ;Seta o bit da 
                                                            porta J, fazendo co
                                                            m OR
  129 0000000A 6001            STR              R1, [R0]    ;Move para a memóri
                                                            a os bits das porta
                                                            s no endereço do RC
                                                            GCGPIO
  130 0000000C         
  131 0000000C 484A            LDR              R0, =SYSCTL_PRGPIO_R ;Carrega o
                                                             endereço do PRGPIO
                                                             para esperar os GP
                                                            IO ficarem prontos
  132 0000000E 6801    EsperaGPIO
                               LDR              R1, [R0]    ;Lê da memória o co
                                                            nteúdo do endereço 
                                                            do registrador
  133 00000010 F04F 0220       MOV              R2, #GPIO_PORTF ;Seta os bits c
                                                            orrespondentes às p
                                                            ortas para fazer a 
                                                            comparação
  134 00000014 F442 7280       ORR              R2, #GPIO_PORTJ ;Seta o bit da 
                                                            porta J, fazendo co
                                                            m OR



ARM Macro Assembler    Page 6 


  135 00000018 4211            TST              R1, R2      ;ANDS de R1 com R2
  136 0000001A D0F8            BEQ              EsperaGPIO  ;Se o flag Z=1, vol
                                                            ta para o laço. Sen
                                                            ão continua executa
                                                            ndo
  137 0000001C         
  138 0000001C         ; 2. Limpar o AMSEL para desabilitar a analógica
  139 0000001C F04F 0100       MOV              R1, #0x00   ;Colocar 0 no regis
                                                            trador para desabil
                                                            itar a função analó
                                                            gica
  140 00000020 4846            LDR              R0, =GPIO_PORTJ_AHB_AMSEL_R ;Ca
                                                            rrega o R0 com o en
                                                            dereço do AMSEL par
                                                            a a porta J
  141 00000022 6001            STR              R1, [R0]    ;Guarda no registra
                                                            dor AMSEL da porta 
                                                            J da memória
  142 00000024 4846            LDR              R0, =GPIO_PORTF_AHB_AMSEL_R ;Ca
                                                            rrega o R0 com o en
                                                            dereço do AMSEL par
                                                            a a porta F
  143 00000026 6001            STR              R1, [R0]    ;Guarda no registra
                                                            dor AMSEL da porta 
                                                            F da memória
  144 00000028         
  145 00000028         ; 3. Limpar PCTL para selecionar o GPIO
  146 00000028 F04F 0100       MOV              R1, #0x00   ;Colocar 0 no regis
                                                            trador para selecio
                                                            nar o modo GPIO
  147 0000002C 4845            LDR              R0, =GPIO_PORTJ_AHB_PCTL_R ;Car
                                                            rega o R0 com o end
                                                            ereço do PCTL para 
                                                            a porta J
  148 0000002E 6001            STR              R1, [R0]    ;Guarda no registra
                                                            dor PCTL da porta J
                                                             da memória
  149 00000030 4845            LDR              R0, =GPIO_PORTF_AHB_PCTL_R ;Car
                                                            rega o R0 com o end
                                                            ereço do PCTL para 
                                                            a porta F
  150 00000032 6001            STR              R1, [R0]    ;Guarda no registra
                                                            dor PCTL da porta F
                                                             da memória
  151 00000034         
  152 00000034         ; 4. DIR para 0 se for entrada, 1 se for saída
  153 00000034 4845            LDR              R0, =GPIO_PORTF_AHB_DIR_R ;Carr
                                                            ega o R0 com o ende
                                                            reço do DIR para a 
                                                            porta F
  154 00000036 F04F 0111       MOV              R1, #2_00010001 
                                                            ;PF4 & PF0 para LED
                                                            
  155 0000003A 6001            STR              R1, [R0]    ;Guarda no registra
                                                            dor
  156 0000003C         ; O certo era verificar os outros bits da PF para não tr
                       ansformar entradas em saídas desnecessárias
  157 0000003C 4844            LDR              R0, =GPIO_PORTJ_AHB_DIR_R ;Carr
                                                            ega o R0 com o ende



ARM Macro Assembler    Page 7 


                                                            reço do DIR para a 
                                                            porta J
  158 0000003E F04F 0100       MOV              R1, #0x00   ;Colocar 0 no regis
                                                            trador DIR para fun
                                                            cionar com saída
  159 00000042 6001            STR              R1, [R0]    ;Guarda no registra
                                                            dor PCTL da porta J
                                                             da memória   
  160 00000044         
  161 00000044         ; 5. Limpar os bits AFSEL para 0 para selecionar GPIO 
  162 00000044         ;    Sem função alternativa
  163 00000044 F04F 0100       MOV              R1, #0x00   ;Colocar o valor 0 
                                                            para não setar funç
                                                            ão alternativa
  164 00000048 4842            LDR              R0, =GPIO_PORTF_AHB_AFSEL_R ;Ca
                                                            rrega o endereço do
                                                             AFSEL da porta F
  165 0000004A 6001            STR              R1, [R0]    ;Escreve na porta
  166 0000004C 4842            LDR              R0, =GPIO_PORTJ_AHB_AFSEL_R ;Ca
                                                            rrega o endereço do
                                                             AFSEL da porta J
  167 0000004E 6001            STR              R1, [R0]    ;Escreve na porta
  168 00000050         
  169 00000050         ; 6. Setar os bits de DEN para habilitar I/O digital
  170 00000050 4842            LDR              R0, =GPIO_PORTF_AHB_DEN_R ;Carr
                                                            ega o endereço do D
                                                            EN
  171 00000052 F04F 0111       MOV              R1, #2_00010001 ;Ativa os pinos
                                                             PF0 e PF4 como I/O
                                                             Digital
  172 00000056 6001            STR              R1, [R0]    ;Escreve no registr
                                                            ador da memória fun
                                                            cionalidade digital
                                                             
  173 00000058         
  174 00000058 4841            LDR              R0, =GPIO_PORTJ_AHB_DEN_R ;Carr
                                                            ega o endereço do D
                                                            EN
  175 0000005A F04F 0103       MOV              R1, #2_00000011 ;Ativa os pinos
                                                             PJ0 e PJ1 como I/O
                                                             Digital      
  176 0000005E 6001            STR              R1, [R0]    ;Escreve no registr
                                                            ador da memória fun
                                                            cionalidade digital
                                                            
  177 00000060         
  178 00000060         ; 7. Para habilitar resistor de pull-up interno, setar P
                       UR para 1
  179 00000060 4840            LDR              R0, =GPIO_PORTJ_AHB_PUR_R ;Carr
                                                            ega o endereço do P
                                                            UR para a porta J
  180 00000062 F04F 0103       MOV              R1, #2_00000011 ;Habilitar func
                                                            ionalidade digital 
                                                            de resistor de pull
                                                            -up 
  181 00000066         ;nos bits 0 e 1
  182 00000066 6001            STR              R1, [R0]    ;Escreve no registr
                                                            ador da memória do 
                                                            resistor de pull-up



ARM Macro Assembler    Page 8 


                                                            
  183 00000068         
  184 00000068         ; config da interrupção
  185 00000068         
  186 00000068         ;desabilita as interrupcoes do port J (0:
  187 00000068 483F            LDR              R0, =GPIO_PORTJ_AHB_IM_R
  188 0000006A 6801            LDR              R1, [R0]    ;pega info
  189 0000006C F021 0101       BIC              R1, #2_1    ;reseta bits
  190 00000070 F041 0100       ORR              R1, R1, #2_0 ;seta bits
  191 00000074 6001            STR              R1, [R0]    ;registra
  192 00000076         ; configura como borda
  193 00000076 483D            LDR              R0, =GPIO_PORTJ_AHB_IS_R
  194 00000078 6801            LDR              R1, [R0]    ;pega info
  195 0000007A F021 0101       BIC              R1, #2_1    ;reseta bits
  196 0000007E F041 0100       ORR              R1, R1, #2_0 ;seta bits
  197 00000082 6001            STR              R1, [R0]
  198 00000084         ;configura borda unica
  199 00000084 483A            LDR              R0, =GPIO_PORTJ_AHB_IBE_R
  200 00000086 6801            LDR              R1, [R0]    ;pega info
  201 00000088 F021 0101       BIC              R1, #2_1    ;reseta bits
  202 0000008C F041 0100       ORR              R1, R1, #2_0 ;seta bits
  203 00000090 6001            STR              R1, [R0]
  204 00000092         ;Configurar borda de descida para J0 e borda de subida p
                       ara J1 no registrador GPIOIEV
  205 00000092 4838            LDR              R0, =GPIO_PORTJ_AHB_IEV_R
  206 00000094 6801            LDR              R1, [R0]    ;pega info
  207 00000096 F021 0101       BIC              R1, #2_1    ;reseta bits
  208 0000009A F041 0100       ORR              R1, R1, #2_0 ;seta bits
  209 0000009E 6001            STR              R1, [R0]
  210 000000A0         ;Garantir que a interrupção será atendida limpando o GPI
                       ORIS e GPIOMIS, realizando o ACK no registrador
  211 000000A0         ; GPIOICR para ambos os pinos. Setar os bits;
  212 000000A0 4835            LDR              R0, =GPIO_PORTJ_AHB_ICR_R
  213 000000A2 6801            LDR              R1, [R0]    ;pega info
  214 000000A4 F021 0101       BIC              R1, #2_1    ;reseta bits
  215 000000A8 F041 0101       ORR              R1, R1, #2_1 ;seta bits
  216 000000AC 6001            STR              R1, [R0]
  217 000000AE         ; reabilita as interrupções
  218 000000AE 482E            LDR              R0, =GPIO_PORTJ_AHB_IM_R
  219 000000B0 6801            LDR              R1, [R0]    ;pega info
  220 000000B2 F021 0103       BIC              R1, #2_11   ;reseta bits
  221 000000B6 F041 0103       ORR              R1, R1, #2_11 ;seta bits
  222 000000BA 6001            STR              R1, [R0]    ;registra
  223 000000BC         ; ativar a fonte de interrupção no NVIC
  224 000000BC 482F            LDR              R0, =NVIC_EN1_R
  225 000000BE 6801            LDR              R1, [R0]
  226 000000C0 F04F 0201       MOV              R2, #2_1
  227 000000C4 EA4F 42C2       LSL              R2, #19
  228 000000C8 EA41 0102       ORR              R1, R1, R2
  229 000000CC 6001            STR              R1, [R0]
  230 000000CE         
  231 000000CE         ; define a prioridade da fonte de interrupcao
  232 000000CE 482C            LDR              R0, =NVIC_PRI12_R
  233 000000D0 6801            LDR              R1, [R0]
  234 000000D2 F04F 0207       MOV              R2, #2_111  ;para limpar os bit
                                                            s do R1
  235 000000D6 EA4F 7242       LSL              R2, #29
  236 000000DA EA21 0102       BIC              R1, R1, R2
  237 000000DE F04F 0305       MOV              R3, #5      ;prioridade



ARM Macro Assembler    Page 9 


  238 000000E2 EA4F 7343       LSL              R3, #29     ;4a posicao do reg 
                                                            PRI12
  239 000000E6 EA41 0103       ORR              R1, R1, R3
  240 000000EA 6001            STR              R1, [R0]
  241 000000EC         
  242 000000EC 4770            BX               LR          ;retorno
  243 000000EE         
  244 000000EE         
  245 000000EE         ; ------------------------------------------------------
                       -------------------------
  246 000000EE         ; Função PortF_Output
  247 000000EE         ; Parâmetro de entrada: R0 --> se os BIT4 e BIT0 estão l
                       igado ou desligado
  248 000000EE         ; Parâmetro de saída: Não tem
  249 000000EE         PortF_Output
  250 000000EE 4925            LDR              R1, =GPIO_PORTF_AHB_DATA_R ;Car
                                                            rega o valor do off
                                                            set do data registe
                                                            r
  251 000000F0         ;Read-Modify-Write para escrita
  252 000000F0 680A            LDR              R2, [R1]
  253 000000F2 F022 0211       BIC              R2, #2_00010001 ;Primeiro limpa
                                                            mos os dois bits do
                                                             lido da porta R2 =
                                                             R2 & 11101110
  254 000000F6 EA40 0002       ORR              R0, R0, R2  ;Fazer o OR do lido
                                                             pela porta com o p
                                                            arâmetro de entrada
                                                            
  255 000000FA 6008            STR              R0, [R1]    ;Escreve na porta F
                                                             o barramento de da
                                                            dos dos pinos F4 e 
                                                            F0
  256 000000FC 4770            BX               LR          ;Retorno
  257 000000FE         
  258 000000FE         ; ------------------------------------------------------
                       -------------------------
  259 000000FE         ; Função PortJ_Input
  260 000000FE         ; Parâmetro de entrada: Não tem
  261 000000FE         ; Parâmetro de saída: R0 --> o valor da leitura
  262 000000FE         PortJ_Input
  263 000000FE 4922            LDR              R1, =GPIO_PORTJ_AHB_DATA_R ;Car
                                                            rega o valor do off
                                                            set do data registe
                                                            r
  264 00000100 6808            LDR              R0, [R1]    ;Lê no barramento d
                                                            e dados dos pinos [
                                                            J1-J0]
  265 00000102 4770            BX               LR          ;Retorno
  266 00000104         
  267 00000104         ; ------------------------------------------------------
                       -------------------------
  268 00000104         ; Função GPIOPortJ_Handler
  269 00000104         ; Parâmetro de entrada: Não tem
  270 00000104         ; Parâmetro de saída: nao tem
  271 00000104         GPIOPortJ_Handler
  272 00000104 4921            LDR              R1, =GPIO_PORTJ_AHB_RIS_R
  273 00000106 680A            LDR              R2, [R1]
  274 00000108 2A01            CMP              R2, #2_1



ARM Macro Assembler    Page 10 


  275 0000010A D0FF            BEQ              bt_J0_pressed
  276 0000010C         bt_J0_pressed
  277 0000010C 491A            LDR              R1, =GPIO_PORTJ_AHB_ICR_R
  278 0000010E 600A            STR              R2, [R1]
  279 00000110 F04F 0001       MOV              R0, #1
  280 00000114 F7FF BFFE       B                enter_pw_master_interrupt
  281 00000118         
  282 00000118         ; ------------------------------------------------------
                       -------------------------
  283 00000118         DisableInterrupt
  284 00000118 4813            LDR              R0, =GPIO_PORTJ_AHB_IM_R
  285 0000011A 6801            LDR              R1, [R0]    ;pega info
  286 0000011C F021 0101       BIC              R1, #2_1    ;reseta bits
  287 00000120 F041 0100       ORR              R1, R1, #2_0 ;seta bits
  288 00000124 6001            STR              R1, [R0]    ;registra
  289 00000126         
  290 00000126         
  291 00000126         EnableInterrupt
  292 00000126 4810            LDR              R0, =GPIO_PORTJ_AHB_IM_R
  293 00000128 6801            LDR              R1, [R0]    ;pega info
  294 0000012A F021 0103       BIC              R1, #2_11   ;reseta bits
  295 0000012E F041 0103       ORR              R1, R1, #2_11 ;seta bits
  296 00000132 6001            STR              R1, [R0]    ;registra
  297 00000134         
  298 00000134         
  299 00000134         
  300 00000134         ; ------------------------------------------------------
                       -------------------------
  301 00000134         ; fim do arquivo
  302 00000134                 ALIGN                        ; garante que o fim
                                                             da seção está alin
                                                            hada 
  303 00000134                 END                          ; fim do arquivo
              400FE608 
              400FEA08 
              40060528 
              4005D528 
              4006052C 
              4005D52C 
              4005D400 
              40060400 
              4005D420 
              40060420 
              4005D51C 
              4006051C 
              40060510 
              40060410 
              40060404 
              40060408 
              4006040C 
              4006041C 
              E000E104 
              E000E430 
              4005D3FC 
              400603FC 
              40060414 
Command Line: --debug --xref --diag_suppress=9931 --cpu=Cortex-M4.fp.sp --depen
d=.\objects\gpio.d -o.\objects\gpio.o -IC:\Users\roger\AppData\Local\Arm\Packs\
Keil\TM4C_DFP\1.1.0\Device\Include\TM4C129 --predefine="__EVAL SETA 1" --predef



ARM Macro Assembler    Page 11 


ine="__UVISION_VERSION SETA 536" --predefine="TM4C1294NCPDT SETA 1" --list=.\li
stings\gpio.lst gpio.s



ARM Macro Assembler    Page 1 Alphabetic symbol ordering
Relocatable symbols

.text 00000000

Symbol: .text
   Definitions
      At line 87 in file gpio.s
   Uses
      None
Comment: .text unused
DisableInterrupt 00000118

Symbol: DisableInterrupt
   Definitions
      At line 283 in file gpio.s
   Uses
      At line 95 in file gpio.s
Comment: DisableInterrupt used once
EnableInterrupt 00000126

Symbol: EnableInterrupt
   Definitions
      At line 291 in file gpio.s
   Uses
      At line 94 in file gpio.s
Comment: EnableInterrupt used once
EsperaGPIO 0000000E

Symbol: EsperaGPIO
   Definitions
      At line 132 in file gpio.s
   Uses
      At line 136 in file gpio.s
Comment: EsperaGPIO used once
GPIOPortJ_Handler 00000104

Symbol: GPIOPortJ_Handler
   Definitions
      At line 271 in file gpio.s
   Uses
      At line 93 in file gpio.s
Comment: GPIOPortJ_Handler used once
GPIO_Init 00000000

Symbol: GPIO_Init
   Definitions
      At line 122 in file gpio.s
   Uses
      At line 90 in file gpio.s
Comment: GPIO_Init used once
PortF_Output 000000EE

Symbol: PortF_Output
   Definitions
      At line 249 in file gpio.s
   Uses
      At line 91 in file gpio.s
Comment: PortF_Output used once
PortJ_Input 000000FE

Symbol: PortJ_Input



ARM Macro Assembler    Page 2 Alphabetic symbol ordering
Relocatable symbols

   Definitions
      At line 262 in file gpio.s
   Uses
      At line 92 in file gpio.s
Comment: PortJ_Input used once
bt_J0_pressed 0000010C

Symbol: bt_J0_pressed
   Definitions
      At line 276 in file gpio.s
   Uses
      At line 275 in file gpio.s
Comment: bt_J0_pressed used once
9 symbols



ARM Macro Assembler    Page 1 Alphabetic symbol ordering
Absolute symbols

GPIO_PORTF 00000020

Symbol: GPIO_PORTF
   Definitions
      At line 47 in file gpio.s
   Uses
      At line 127 in file gpio.s
      At line 133 in file gpio.s

GPIO_PORTF_AHB_AFSEL_R 4005D420

Symbol: GPIO_PORTF_AHB_AFSEL_R
   Definitions
      At line 43 in file gpio.s
   Uses
      At line 164 in file gpio.s
Comment: GPIO_PORTF_AHB_AFSEL_R used once
GPIO_PORTF_AHB_AMSEL_R 4005D528

Symbol: GPIO_PORTF_AHB_AMSEL_R
   Definitions
      At line 40 in file gpio.s
   Uses
      At line 142 in file gpio.s
Comment: GPIO_PORTF_AHB_AMSEL_R used once
GPIO_PORTF_AHB_CR_R 4005D524

Symbol: GPIO_PORTF_AHB_CR_R
   Definitions
      At line 39 in file gpio.s
   Uses
      None
Comment: GPIO_PORTF_AHB_CR_R unused
GPIO_PORTF_AHB_DATA_R 4005D3FC

Symbol: GPIO_PORTF_AHB_DATA_R
   Definitions
      At line 46 in file gpio.s
   Uses
      At line 250 in file gpio.s
Comment: GPIO_PORTF_AHB_DATA_R used once
GPIO_PORTF_AHB_DEN_R 4005D51C

Symbol: GPIO_PORTF_AHB_DEN_R
   Definitions
      At line 44 in file gpio.s
   Uses
      At line 170 in file gpio.s
Comment: GPIO_PORTF_AHB_DEN_R used once
GPIO_PORTF_AHB_DIR_R 4005D400

Symbol: GPIO_PORTF_AHB_DIR_R
   Definitions
      At line 42 in file gpio.s
   Uses
      At line 153 in file gpio.s
Comment: GPIO_PORTF_AHB_DIR_R used once
GPIO_PORTF_AHB_LOCK_R 4005D520




ARM Macro Assembler    Page 2 Alphabetic symbol ordering
Absolute symbols

Symbol: GPIO_PORTF_AHB_LOCK_R
   Definitions
      At line 38 in file gpio.s
   Uses
      None
Comment: GPIO_PORTF_AHB_LOCK_R unused
GPIO_PORTF_AHB_PCTL_R 4005D52C

Symbol: GPIO_PORTF_AHB_PCTL_R
   Definitions
      At line 41 in file gpio.s
   Uses
      At line 149 in file gpio.s
Comment: GPIO_PORTF_AHB_PCTL_R used once
GPIO_PORTF_AHB_PUR_R 4005D510

Symbol: GPIO_PORTF_AHB_PUR_R
   Definitions
      At line 45 in file gpio.s
   Uses
      None
Comment: GPIO_PORTF_AHB_PUR_R unused
GPIO_PORTJ 00000100

Symbol: GPIO_PORTJ
   Definitions
      At line 29 in file gpio.s
   Uses
      At line 128 in file gpio.s
      At line 134 in file gpio.s

GPIO_PORTJ_AHB_AFSEL_R 40060420

Symbol: GPIO_PORTJ_AHB_AFSEL_R
   Definitions
      At line 25 in file gpio.s
   Uses
      At line 166 in file gpio.s
Comment: GPIO_PORTJ_AHB_AFSEL_R used once
GPIO_PORTJ_AHB_AMSEL_R 40060528

Symbol: GPIO_PORTJ_AHB_AMSEL_R
   Definitions
      At line 22 in file gpio.s
   Uses
      At line 140 in file gpio.s
Comment: GPIO_PORTJ_AHB_AMSEL_R used once
GPIO_PORTJ_AHB_CR_R 40060524

Symbol: GPIO_PORTJ_AHB_CR_R
   Definitions
      At line 21 in file gpio.s
   Uses
      None
Comment: GPIO_PORTJ_AHB_CR_R unused
GPIO_PORTJ_AHB_DATA_R 400603FC

Symbol: GPIO_PORTJ_AHB_DATA_R
   Definitions



ARM Macro Assembler    Page 3 Alphabetic symbol ordering
Absolute symbols

      At line 28 in file gpio.s
   Uses
      At line 263 in file gpio.s
Comment: GPIO_PORTJ_AHB_DATA_R used once
GPIO_PORTJ_AHB_DEN_R 4006051C

Symbol: GPIO_PORTJ_AHB_DEN_R
   Definitions
      At line 26 in file gpio.s
   Uses
      At line 174 in file gpio.s
Comment: GPIO_PORTJ_AHB_DEN_R used once
GPIO_PORTJ_AHB_DIR_R 40060400

Symbol: GPIO_PORTJ_AHB_DIR_R
   Definitions
      At line 24 in file gpio.s
   Uses
      At line 157 in file gpio.s
Comment: GPIO_PORTJ_AHB_DIR_R used once
GPIO_PORTJ_AHB_IBE_R 40060408

Symbol: GPIO_PORTJ_AHB_IBE_R
   Definitions
      At line 32 in file gpio.s
   Uses
      At line 199 in file gpio.s
Comment: GPIO_PORTJ_AHB_IBE_R used once
GPIO_PORTJ_AHB_ICR_R 4006041C

Symbol: GPIO_PORTJ_AHB_ICR_R
   Definitions
      At line 34 in file gpio.s
   Uses
      At line 212 in file gpio.s
      At line 277 in file gpio.s

GPIO_PORTJ_AHB_IEV_R 4006040C

Symbol: GPIO_PORTJ_AHB_IEV_R
   Definitions
      At line 33 in file gpio.s
   Uses
      At line 205 in file gpio.s
Comment: GPIO_PORTJ_AHB_IEV_R used once
GPIO_PORTJ_AHB_IM_R 40060410

Symbol: GPIO_PORTJ_AHB_IM_R
   Definitions
      At line 30 in file gpio.s
   Uses
      At line 187 in file gpio.s
      At line 218 in file gpio.s
      At line 284 in file gpio.s
      At line 292 in file gpio.s

GPIO_PORTJ_AHB_IS_R 40060404

Symbol: GPIO_PORTJ_AHB_IS_R



ARM Macro Assembler    Page 4 Alphabetic symbol ordering
Absolute symbols

   Definitions
      At line 31 in file gpio.s
   Uses
      At line 193 in file gpio.s
Comment: GPIO_PORTJ_AHB_IS_R used once
GPIO_PORTJ_AHB_LOCK_R 40060520

Symbol: GPIO_PORTJ_AHB_LOCK_R
   Definitions
      At line 20 in file gpio.s
   Uses
      None
Comment: GPIO_PORTJ_AHB_LOCK_R unused
GPIO_PORTJ_AHB_PCTL_R 4006052C

Symbol: GPIO_PORTJ_AHB_PCTL_R
   Definitions
      At line 23 in file gpio.s
   Uses
      At line 147 in file gpio.s
Comment: GPIO_PORTJ_AHB_PCTL_R used once
GPIO_PORTJ_AHB_PUR_R 40060510

Symbol: GPIO_PORTJ_AHB_PUR_R
   Definitions
      At line 27 in file gpio.s
   Uses
      At line 179 in file gpio.s
Comment: GPIO_PORTJ_AHB_PUR_R used once
GPIO_PORTJ_AHB_RIS_R 40060414

Symbol: GPIO_PORTJ_AHB_RIS_R
   Definitions
      At line 35 in file gpio.s
   Uses
      At line 272 in file gpio.s
Comment: GPIO_PORTJ_AHB_RIS_R used once
GPIO_PORTK 00000200

Symbol: GPIO_PORTK
   Definitions
      At line 82 in file gpio.s
   Uses
      None
Comment: GPIO_PORTK unused
GPIO_PORTK_ADCCTL_R 40061530

Symbol: GPIO_PORTK_ADCCTL_R
   Definitions
      At line 73 in file gpio.s
   Uses
      None
Comment: GPIO_PORTK_ADCCTL_R unused
GPIO_PORTK_AFSEL_R 40061420

Symbol: GPIO_PORTK_AFSEL_R
   Definitions
      At line 60 in file gpio.s
   Uses



ARM Macro Assembler    Page 5 Alphabetic symbol ordering
Absolute symbols

      None
Comment: GPIO_PORTK_AFSEL_R unused
GPIO_PORTK_AMSEL_R 40061528

Symbol: GPIO_PORTK_AMSEL_R
   Definitions
      At line 71 in file gpio.s
   Uses
      None
Comment: GPIO_PORTK_AMSEL_R unused
GPIO_PORTK_CR_R 40061524

Symbol: GPIO_PORTK_CR_R
   Definitions
      At line 70 in file gpio.s
   Uses
      None
Comment: GPIO_PORTK_CR_R unused
GPIO_PORTK_DATA_BITS_R 40061000

Symbol: GPIO_PORTK_DATA_BITS_R
   Definitions
      At line 50 in file gpio.s
   Uses
      None
Comment: GPIO_PORTK_DATA_BITS_R unused
GPIO_PORTK_DATA_R 400613FC

Symbol: GPIO_PORTK_DATA_R
   Definitions
      At line 51 in file gpio.s
   Uses
      None
Comment: GPIO_PORTK_DATA_R unused
GPIO_PORTK_DEN_R 4006151C

Symbol: GPIO_PORTK_DEN_R
   Definitions
      At line 68 in file gpio.s
   Uses
      None
Comment: GPIO_PORTK_DEN_R unused
GPIO_PORTK_DIR_R 40061400

Symbol: GPIO_PORTK_DIR_R
   Definitions
      At line 52 in file gpio.s
   Uses
      None
Comment: GPIO_PORTK_DIR_R unused
GPIO_PORTK_DMACTL_R 40061534

Symbol: GPIO_PORTK_DMACTL_R
   Definitions
      At line 74 in file gpio.s
   Uses
      None
Comment: GPIO_PORTK_DMACTL_R unused
GPIO_PORTK_DR12R_R 4006153C



ARM Macro Assembler    Page 6 Alphabetic symbol ordering
Absolute symbols


Symbol: GPIO_PORTK_DR12R_R
   Definitions
      At line 76 in file gpio.s
   Uses
      None
Comment: GPIO_PORTK_DR12R_R unused
GPIO_PORTK_DR2R_R 40061500

Symbol: GPIO_PORTK_DR2R_R
   Definitions
      At line 61 in file gpio.s
   Uses
      None
Comment: GPIO_PORTK_DR2R_R unused
GPIO_PORTK_DR4R_R 40061504

Symbol: GPIO_PORTK_DR4R_R
   Definitions
      At line 62 in file gpio.s
   Uses
      None
Comment: GPIO_PORTK_DR4R_R unused
GPIO_PORTK_DR8R_R 40061508

Symbol: GPIO_PORTK_DR8R_R
   Definitions
      At line 63 in file gpio.s
   Uses
      None
Comment: GPIO_PORTK_DR8R_R unused
GPIO_PORTK_IBE_R 40061408

Symbol: GPIO_PORTK_IBE_R
   Definitions
      At line 54 in file gpio.s
   Uses
      None
Comment: GPIO_PORTK_IBE_R unused
GPIO_PORTK_ICR_R 4006141C

Symbol: GPIO_PORTK_ICR_R
   Definitions
      At line 59 in file gpio.s
   Uses
      None
Comment: GPIO_PORTK_ICR_R unused
GPIO_PORTK_IEV_R 4006140C

Symbol: GPIO_PORTK_IEV_R
   Definitions
      At line 55 in file gpio.s
   Uses
      None
Comment: GPIO_PORTK_IEV_R unused
GPIO_PORTK_IM_R 40061410

Symbol: GPIO_PORTK_IM_R
   Definitions



ARM Macro Assembler    Page 7 Alphabetic symbol ordering
Absolute symbols

      At line 56 in file gpio.s
   Uses
      None
Comment: GPIO_PORTK_IM_R unused
GPIO_PORTK_IS_R 40061404

Symbol: GPIO_PORTK_IS_R
   Definitions
      At line 53 in file gpio.s
   Uses
      None
Comment: GPIO_PORTK_IS_R unused
GPIO_PORTK_LOCK_R 40061520

Symbol: GPIO_PORTK_LOCK_R
   Definitions
      At line 69 in file gpio.s
   Uses
      None
Comment: GPIO_PORTK_LOCK_R unused
GPIO_PORTK_MIS_R 40061418

Symbol: GPIO_PORTK_MIS_R
   Definitions
      At line 58 in file gpio.s
   Uses
      None
Comment: GPIO_PORTK_MIS_R unused
GPIO_PORTK_ODR_R 4006150C

Symbol: GPIO_PORTK_ODR_R
   Definitions
      At line 64 in file gpio.s
   Uses
      None
Comment: GPIO_PORTK_ODR_R unused
GPIO_PORTK_PCTL_R 4006152C

Symbol: GPIO_PORTK_PCTL_R
   Definitions
      At line 72 in file gpio.s
   Uses
      None
Comment: GPIO_PORTK_PCTL_R unused
GPIO_PORTK_PC_R 40061FC4

Symbol: GPIO_PORTK_PC_R
   Definitions
      At line 81 in file gpio.s
   Uses
      None
Comment: GPIO_PORTK_PC_R unused
GPIO_PORTK_PDR_R 40061514

Symbol: GPIO_PORTK_PDR_R
   Definitions
      At line 66 in file gpio.s
   Uses
      None



ARM Macro Assembler    Page 8 Alphabetic symbol ordering
Absolute symbols

Comment: GPIO_PORTK_PDR_R unused
GPIO_PORTK_PP_R 40061FC0

Symbol: GPIO_PORTK_PP_R
   Definitions
      At line 80 in file gpio.s
   Uses
      None
Comment: GPIO_PORTK_PP_R unused
GPIO_PORTK_PUR_R 40061510

Symbol: GPIO_PORTK_PUR_R
   Definitions
      At line 65 in file gpio.s
   Uses
      None
Comment: GPIO_PORTK_PUR_R unused
GPIO_PORTK_RIS_R 40061414

Symbol: GPIO_PORTK_RIS_R
   Definitions
      At line 57 in file gpio.s
   Uses
      None
Comment: GPIO_PORTK_RIS_R unused
GPIO_PORTK_SI_R 40061538

Symbol: GPIO_PORTK_SI_R
   Definitions
      At line 75 in file gpio.s
   Uses
      None
Comment: GPIO_PORTK_SI_R unused
GPIO_PORTK_SLR_R 40061518

Symbol: GPIO_PORTK_SLR_R
   Definitions
      At line 67 in file gpio.s
   Uses
      None
Comment: GPIO_PORTK_SLR_R unused
GPIO_PORTK_WAKELVL_R 40061544

Symbol: GPIO_PORTK_WAKELVL_R
   Definitions
      At line 78 in file gpio.s
   Uses
      None
Comment: GPIO_PORTK_WAKELVL_R unused
GPIO_PORTK_WAKEPEN_R 40061540

Symbol: GPIO_PORTK_WAKEPEN_R
   Definitions
      At line 77 in file gpio.s
   Uses
      None
Comment: GPIO_PORTK_WAKEPEN_R unused
GPIO_PORTK_WAKESTAT_R 40061548




ARM Macro Assembler    Page 9 Alphabetic symbol ordering
Absolute symbols

Symbol: GPIO_PORTK_WAKESTAT_R
   Definitions
      At line 79 in file gpio.s
   Uses
      None
Comment: GPIO_PORTK_WAKESTAT_R unused
NVIC_EN1_R E000E104

Symbol: NVIC_EN1_R
   Definitions
      At line 16 in file gpio.s
   Uses
      At line 224 in file gpio.s
Comment: NVIC_EN1_R used once
NVIC_PRI12_R E000E430

Symbol: NVIC_PRI12_R
   Definitions
      At line 17 in file gpio.s
   Uses
      At line 232 in file gpio.s
Comment: NVIC_PRI12_R used once
SYSCTL_PRGPIO_R 400FEA08

Symbol: SYSCTL_PRGPIO_R
   Definitions
      At line 13 in file gpio.s
   Uses
      At line 131 in file gpio.s
Comment: SYSCTL_PRGPIO_R used once
SYSCTL_RCGCGPIO_R 400FE608

Symbol: SYSCTL_RCGCGPIO_R
   Definitions
      At line 12 in file gpio.s
   Uses
      At line 126 in file gpio.s
Comment: SYSCTL_RCGCGPIO_R used once
63 symbols



ARM Macro Assembler    Page 1 Alphabetic symbol ordering
External symbols

LCD_command 00000000

Symbol: LCD_command
   Definitions
      At line 99 in file gpio.s
   Uses
      None
Comment: LCD_command unused
LCD_init 00000000

Symbol: LCD_init
   Definitions
      At line 97 in file gpio.s
   Uses
      None
Comment: LCD_init unused
LCD_print_string 00000000

Symbol: LCD_print_string
   Definitions
      At line 101 in file gpio.s
   Uses
      None
Comment: LCD_print_string unused
LCD_reset 00000000

Symbol: LCD_reset
   Definitions
      At line 98 in file gpio.s
   Uses
      None
Comment: LCD_reset unused
LCD_write_data 00000000

Symbol: LCD_write_data
   Definitions
      At line 100 in file gpio.s
   Uses
      None
Comment: LCD_write_data unused
LEDS_AND_DISPLAYS_init 00000000

Symbol: LEDS_AND_DISPLAYS_init
   Definitions
      At line 107 in file gpio.s
   Uses
      None
Comment: LEDS_AND_DISPLAYS_init unused
MKBOARD_getValuePressed 00000000

Symbol: MKBOARD_getValuePressed
   Definitions
      At line 104 in file gpio.s
   Uses
      None
Comment: MKBOARD_getValuePressed unused
MKBOARD_init 00000000

Symbol: MKBOARD_init



ARM Macro Assembler    Page 2 Alphabetic symbol ordering
External symbols

   Definitions
      At line 103 in file gpio.s
   Uses
      None
Comment: MKBOARD_init unused
MKBOARD_valueToASCII 00000000

Symbol: MKBOARD_valueToASCII
   Definitions
      At line 105 in file gpio.s
   Uses
      None
Comment: MKBOARD_valueToASCII unused
SysTick_Wait1ms 00000000

Symbol: SysTick_Wait1ms
   Definitions
      At line 115 in file gpio.s
   Uses
      None
Comment: SysTick_Wait1ms unused
SysTick_Wait1us 00000000

Symbol: SysTick_Wait1us
   Definitions
      At line 114 in file gpio.s
   Uses
      None
Comment: SysTick_Wait1us unused
enter_pw_master_interrupt 00000000

Symbol: enter_pw_master_interrupt
   Definitions
      At line 117 in file gpio.s
   Uses
      At line 280 in file gpio.s
Comment: enter_pw_master_interrupt used once
select_dig_DS 00000000

Symbol: select_dig_DS
   Definitions
      At line 109 in file gpio.s
   Uses
      None
Comment: select_dig_DS unused
select_leds 00000000

Symbol: select_leds
   Definitions
      At line 108 in file gpio.s
   Uses
      None
Comment: select_leds unused
turn_DS1_ON 00000000

Symbol: turn_DS1_ON
   Definitions
      At line 111 in file gpio.s
   Uses



ARM Macro Assembler    Page 3 Alphabetic symbol ordering
External symbols

      None
Comment: turn_DS1_ON unused
turn_DS2_ON 00000000

Symbol: turn_DS2_ON
   Definitions
      At line 112 in file gpio.s
   Uses
      None
Comment: turn_DS2_ON unused
turn_leds_ON 00000000

Symbol: turn_leds_ON
   Definitions
      At line 110 in file gpio.s
   Uses
      None
Comment: turn_leds_ON unused
17 symbols
425 symbols in table
