Component: Arm Compiler for Embedded 6.19 Tool: armlink [5e73cb00]

==============================================================================

Section Cross References

    startup.o(RESET) refers to startup.o(STACK) for StackMem
    startup.o(RESET) refers to gpio.o(.text) for GPIOPortJ_Handler
    startup.o(RESET) refers to main.o(.text) for Start
    main.o(DATA) refers (Special) to gpio.o(.text) for DisableInterrupt
    main.o(DATA) refers (Special) to utils.o(.text) for SysTick_Wait1us
    main.o(DATA) refers (Special) to leds_and_displays.o(.text) for select_dig_DS
    main.o(.text) refers (Special) to gpio.o(.text) for DisableInterrupt
    main.o(.text) refers (Special) to utils.o(.text) for SysTick_Wait1us
    main.o(.text) refers (Special) to leds_and_displays.o(.text) for select_dig_DS
    main.o(.text) refers to lcd.o(.text) for LCD_init
    main.o(.text) refers to matrix_keyboard.o(.text) for MKBOARD_init
    gpio.o(.text) refers (Special) to lcd.o(.text) for LCD_command
    gpio.o(.text) refers (Special) to leds_and_displays.o(.text) for LEDS_AND_DISPLAYS_init
    gpio.o(.text) refers (Special) to matrix_keyboard.o(.text) for MKBOARD_getValuePressed
    gpio.o(.text) refers (Special) to utils.o(.text) for SysTick_Wait1ms
    gpio.o(.text) refers to main.o(.text) for enter_pw_master_interrupt
    lcd.o(.text) refers to utils.o(.text) for SysTick_Wait1us
    matrix_keyboard.o(.text) refers (Special) to utils.o(.text) for SysTick_Wait1us
    leds_and_displays.o(.text) refers (Special) to utils.o(.text) for SysTick_Wait1ms


==============================================================================

Removing Unused input sections from the image.

    Removing startup.o(HEAP), (0 bytes).
    Removing startup.o(.text), (28 bytes).
    Removing main.o(DATA), (0 bytes).

3 unused section(s) (total 28 bytes) removed from the image.

==============================================================================

Image Symbol Table

    Local Symbols

    Symbol Name                              Value     Ov Type        Size  Object(Section)

    ..\..\..\..\..\..\..\Downloads\leds_and_displays.s 0x00000000   Number         0  leds_and_displays.o ABSOLUTE
    gpio.s                                   0x00000000   Number         0  gpio.o ABSOLUTE
    lcd.s                                    0x00000000   Number         0  lcd.o ABSOLUTE
    main.s                                   0x00000000   Number         0  main.o ABSOLUTE
    matrix_keyboard.s                        0x00000000   Number         0  matrix_keyboard.o ABSOLUTE
    startup.s                                0x00000000   Number         0  startup.o ABSOLUTE
    utils.s                                  0x00000000   Number         0  utils.o ABSOLUTE
    RESET                                    0x00000000   Section      544  startup.o(RESET)
    $v0                                      0x00000208   Number         0  startup.o(RESET)
    $v0                                      0x00000220   Number         0  main.o(.text)
    .text                                    0x00000220   Section      748  main.o(.text)
    MASTER_PW                                0x00000464   Data           5  main.o(.text)
    MSG_OPEN                                 0x00000469   Data          17  main.o(.text)
    MSG_OPENING                              0x0000047a   Data          15  main.o(.text)
    MSG_CLOSING                              0x00000489   Data          18  main.o(.text)
    MSG_CLOSED                               0x0000049b   Data          16  main.o(.text)
    MSG_BLOCKED                              0x000004ab   Data          16  main.o(.text)
    MSG_PWscreen                             0x000004bb   Data           5  main.o(.text)
    MSG_AttemptScreen                        0x000004c0   Data          13  main.o(.text)
    $v0                                      0x0000050c   Number         0  gpio.o(.text)
    .text                                    0x0000050c   Section      400  gpio.o(.text)
    $v0                                      0x0000069c   Number         0  utils.o(.text)
    .text                                    0x0000069c   Section      484  utils.o(.text)
    $v0                                      0x00000880   Number         0  lcd.o(.text)
    .text                                    0x00000880   Section      452  lcd.o(.text)
    $v0                                      0x00000a44   Number         0  matrix_keyboard.o(.text)
    .text                                    0x00000a44   Section      568  matrix_keyboard.o(.text)
    $v0                                      0x00000c7c   Number         0  leds_and_displays.o(.text)
    .text                                    0x00000c7c   Section      636  leds_and_displays.o(.text)
    StackMem                                 0x20000000   Data           0  startup.o(STACK)
    STACK                                    0x20000000   Section     1024  startup.o(STACK)

    Global Symbols

    Symbol Name                              Value     Ov Type        Size  Object(Section)

    BuildAttributes$$THM_ISAv4$E$P$D$K$B$S$7EM$VFPi3$EXTD16$VFPS$VFMA$PE$A:L22UL41UL21$X:L11$S22US41US21$IEEE1$~IW$USESV6$~STKCKD$USESV7$~SHL$OSPACE$EBA8$STANDARDLIB$EABIv2 0x00000000   Number         0  anon$$obj.o ABSOLUTE
    __Vectors                                0x00000000   Data           0  startup.o(RESET)
    Reset_Handler                            0x00000209   Thumb Code     0  startup.o(RESET)
    NMI_Handler                              0x0000020d   Thumb Code     2  startup.o(RESET)
    HardFault_Handler                        0x0000020f   Thumb Code     2  startup.o(RESET)
    MemManage_Handler                        0x00000211   Thumb Code     2  startup.o(RESET)
    BusFault_Handler                         0x00000213   Thumb Code     2  startup.o(RESET)
    UsageFault_Handler                       0x00000215   Thumb Code     2  startup.o(RESET)
    SVC_Handler                              0x00000217   Thumb Code     2  startup.o(RESET)
    DebugMon_Handler                         0x00000219   Thumb Code     2  startup.o(RESET)
    PendSV_Handler                           0x0000021b   Thumb Code     2  startup.o(RESET)
    SysTick_Handler                          0x0000021d   Thumb Code     2  startup.o(RESET)
    ADC0Seq0_Handler                         0x0000021f   Thumb Code     0  startup.o(RESET)
    ADC0Seq1_Handler                         0x0000021f   Thumb Code     0  startup.o(RESET)
    ADC0Seq2_Handler                         0x0000021f   Thumb Code     0  startup.o(RESET)
    ADC0Seq3_Handler                         0x0000021f   Thumb Code     0  startup.o(RESET)
    ADC1Seq0_Handler                         0x0000021f   Thumb Code     0  startup.o(RESET)
    ADC1Seq1_Handler                         0x0000021f   Thumb Code     0  startup.o(RESET)
    ADC1Seq2_Handler                         0x0000021f   Thumb Code     0  startup.o(RESET)
    ADC1Seq3_Handler                         0x0000021f   Thumb Code     0  startup.o(RESET)
    CAN0_Handler                             0x0000021f   Thumb Code     0  startup.o(RESET)
    CAN1_Handler                             0x0000021f   Thumb Code     0  startup.o(RESET)
    Comp0_Handler                            0x0000021f   Thumb Code     0  startup.o(RESET)
    Comp1_Handler                            0x0000021f   Thumb Code     0  startup.o(RESET)
    Comp2_Handler                            0x0000021f   Thumb Code     0  startup.o(RESET)
    Ethernet_Handler                         0x0000021f   Thumb Code     0  startup.o(RESET)
    ExtBus_Handler                           0x0000021f   Thumb Code     0  startup.o(RESET)
    FPU_Handler                              0x0000021f   Thumb Code     0  startup.o(RESET)
    FlashCtl_Handler                         0x0000021f   Thumb Code     0  startup.o(RESET)
    GPIOPortA_Handler                        0x0000021f   Thumb Code     0  startup.o(RESET)
    GPIOPortB_Handler                        0x0000021f   Thumb Code     0  startup.o(RESET)
    GPIOPortC_Handler                        0x0000021f   Thumb Code     0  startup.o(RESET)
    GPIOPortD_Handler                        0x0000021f   Thumb Code     0  startup.o(RESET)
    GPIOPortE_Handler                        0x0000021f   Thumb Code     0  startup.o(RESET)
    GPIOPortF_Handler                        0x0000021f   Thumb Code     0  startup.o(RESET)
    GPIOPortG_Handler                        0x0000021f   Thumb Code     0  startup.o(RESET)
    GPIOPortH_Handler                        0x0000021f   Thumb Code     0  startup.o(RESET)
    GPIOPortK_Handler                        0x0000021f   Thumb Code     0  startup.o(RESET)
    GPIOPortL_Handler                        0x0000021f   Thumb Code     0  startup.o(RESET)
    GPIOPortM_Handler                        0x0000021f   Thumb Code     0  startup.o(RESET)
    GPIOPortN_Handler                        0x0000021f   Thumb Code     0  startup.o(RESET)
    GPIOPortP1_Handler                       0x0000021f   Thumb Code     0  startup.o(RESET)
    GPIOPortP2_Handler                       0x0000021f   Thumb Code     0  startup.o(RESET)
    GPIOPortP3_Handler                       0x0000021f   Thumb Code     0  startup.o(RESET)
    GPIOPortP4_Handler                       0x0000021f   Thumb Code     0  startup.o(RESET)
    GPIOPortP5_Handler                       0x0000021f   Thumb Code     0  startup.o(RESET)
    GPIOPortP6_Handler                       0x0000021f   Thumb Code     0  startup.o(RESET)
    GPIOPortP7_Handler                       0x0000021f   Thumb Code     0  startup.o(RESET)
    GPIOPortP_Handler                        0x0000021f   Thumb Code     0  startup.o(RESET)
    GPIOPortQ1_Handler                       0x0000021f   Thumb Code     0  startup.o(RESET)
    GPIOPortQ2_Handler                       0x0000021f   Thumb Code     0  startup.o(RESET)
    GPIOPortQ3_Handler                       0x0000021f   Thumb Code     0  startup.o(RESET)
    GPIOPortQ4_Handler                       0x0000021f   Thumb Code     0  startup.o(RESET)
    GPIOPortQ5_Handler                       0x0000021f   Thumb Code     0  startup.o(RESET)
    GPIOPortQ6_Handler                       0x0000021f   Thumb Code     0  startup.o(RESET)
    GPIOPortQ7_Handler                       0x0000021f   Thumb Code     0  startup.o(RESET)
    GPIOPortQ_Handler                        0x0000021f   Thumb Code     0  startup.o(RESET)
    Hibernate_Handler                        0x0000021f   Thumb Code     0  startup.o(RESET)
    I2C0_Handler                             0x0000021f   Thumb Code     0  startup.o(RESET)
    I2C1_Handler                             0x0000021f   Thumb Code     0  startup.o(RESET)
    I2C2_Handler                             0x0000021f   Thumb Code     0  startup.o(RESET)
    I2C3_Handler                             0x0000021f   Thumb Code     0  startup.o(RESET)
    I2C4_Handler                             0x0000021f   Thumb Code     0  startup.o(RESET)
    I2C5_Handler                             0x0000021f   Thumb Code     0  startup.o(RESET)
    I2C6_Handler                             0x0000021f   Thumb Code     0  startup.o(RESET)
    I2C7_Handler                             0x0000021f   Thumb Code     0  startup.o(RESET)
    I2C8_Handler                             0x0000021f   Thumb Code     0  startup.o(RESET)
    I2C9_Handler                             0x0000021f   Thumb Code     0  startup.o(RESET)
    PWM0Fault_Handler                        0x0000021f   Thumb Code     0  startup.o(RESET)
    PWM0Generator0_Handler                   0x0000021f   Thumb Code     0  startup.o(RESET)
    PWM0Generator1_Handler                   0x0000021f   Thumb Code     0  startup.o(RESET)
    PWM0Generator2_Handler                   0x0000021f   Thumb Code     0  startup.o(RESET)
    PWM0Generator3_Handler                   0x0000021f   Thumb Code     0  startup.o(RESET)
    Quadrature0_Handler                      0x0000021f   Thumb Code     0  startup.o(RESET)
    SSI0_Handler                             0x0000021f   Thumb Code     0  startup.o(RESET)
    SSI1_Handler                             0x0000021f   Thumb Code     0  startup.o(RESET)
    SSI2_Handler                             0x0000021f   Thumb Code     0  startup.o(RESET)
    SSI3_Handler                             0x0000021f   Thumb Code     0  startup.o(RESET)
    SysCtl_Handler                           0x0000021f   Thumb Code     0  startup.o(RESET)
    Tamper_Handler                           0x0000021f   Thumb Code     0  startup.o(RESET)
    Timer0A_Handler                          0x0000021f   Thumb Code     0  startup.o(RESET)
    Timer0B_Handler                          0x0000021f   Thumb Code     0  startup.o(RESET)
    Timer1A_Handler                          0x0000021f   Thumb Code     0  startup.o(RESET)
    Timer1B_Handler                          0x0000021f   Thumb Code     0  startup.o(RESET)
    Timer2A_Handler                          0x0000021f   Thumb Code     0  startup.o(RESET)
    Timer2B_Handler                          0x0000021f   Thumb Code     0  startup.o(RESET)
    Timer3A_Handler                          0x0000021f   Thumb Code     0  startup.o(RESET)
    Timer3B_Handler                          0x0000021f   Thumb Code     0  startup.o(RESET)
    Timer4A_Handler                          0x0000021f   Thumb Code     0  startup.o(RESET)
    Timer4B_Handler                          0x0000021f   Thumb Code     0  startup.o(RESET)
    Timer5A_Handler                          0x0000021f   Thumb Code     0  startup.o(RESET)
    Timer5B_Handler                          0x0000021f   Thumb Code     0  startup.o(RESET)
    Timer6A_Handler                          0x0000021f   Thumb Code     0  startup.o(RESET)
    Timer6B_Handler                          0x0000021f   Thumb Code     0  startup.o(RESET)
    Timer7A_Handler                          0x0000021f   Thumb Code     0  startup.o(RESET)
    Timer7B_Handler                          0x0000021f   Thumb Code     0  startup.o(RESET)
    UART0_Handler                            0x0000021f   Thumb Code     0  startup.o(RESET)
    UART1_Handler                            0x0000021f   Thumb Code     0  startup.o(RESET)
    UART2_Handler                            0x0000021f   Thumb Code     0  startup.o(RESET)
    UART3_Handler                            0x0000021f   Thumb Code     0  startup.o(RESET)
    UART4_Handler                            0x0000021f   Thumb Code     0  startup.o(RESET)
    UART5_Handler                            0x0000021f   Thumb Code     0  startup.o(RESET)
    UART6_Handler                            0x0000021f   Thumb Code     0  startup.o(RESET)
    UART7_Handler                            0x0000021f   Thumb Code     0  startup.o(RESET)
    USB0_Handler                             0x0000021f   Thumb Code     0  startup.o(RESET)
    WDT_Handler                              0x0000021f   Thumb Code     0  startup.o(RESET)
    uDMA_Error                               0x0000021f   Thumb Code     0  startup.o(RESET)
    uDMA_Handler                             0x0000021f   Thumb Code     0  startup.o(RESET)
    Start                                    0x00000221   Thumb Code     0  main.o(.text)
    enter_pw_master_interrupt                0x000003b1   Thumb Code     0  main.o(.text)
    GPIO_Init                                0x0000050d   Thumb Code     0  gpio.o(.text)
    PortF_Output                             0x000005fb   Thumb Code     0  gpio.o(.text)
    PortJ_Input                              0x0000060b   Thumb Code     0  gpio.o(.text)
    GPIOPortJ_Handler                        0x00000611   Thumb Code     0  gpio.o(.text)
    DisableInterrupt                         0x00000625   Thumb Code     0  gpio.o(.text)
    EnableInterrupt                          0x00000633   Thumb Code     0  gpio.o(.text)
    PLL_Init                                 0x0000069d   Thumb Code     0  utils.o(.text)
    SysTick_Init                             0x000007c5   Thumb Code     0  utils.o(.text)
    SysTick_Wait1ms                          0x000007ff   Thumb Code     0  utils.o(.text)
    SysTick_Wait1us                          0x00000811   Thumb Code     0  utils.o(.text)
    LCD_init                                 0x00000881   Thumb Code     0  lcd.o(.text)
    LCD_reset                                0x00000973   Thumb Code     0  lcd.o(.text)
    LCD_command                              0x00000991   Thumb Code     0  lcd.o(.text)
    LCD_write_data                           0x000009b9   Thumb Code     0  lcd.o(.text)
    LCD_print_string                         0x000009ef   Thumb Code     0  lcd.o(.text)
    MKBOARD_init                             0x00000a45   Thumb Code     0  matrix_keyboard.o(.text)
    MKBOARD_getValuePressed                  0x00000ad7   Thumb Code     0  matrix_keyboard.o(.text)
    MKBOARD_valueToASCII                     0x00000bc3   Thumb Code     0  matrix_keyboard.o(.text)
    LEDS_AND_DISPLAYS_init                   0x00000c7d   Thumb Code     0  leds_and_displays.o(.text)
    select_leds                              0x00000d8d   Thumb Code     0  leds_and_displays.o(.text)
    select_dig_DS                            0x00000db7   Thumb Code     0  leds_and_displays.o(.text)
    turn_leds_ON                             0x00000e43   Thumb Code     0  leds_and_displays.o(.text)
    turn_DS1_ON                              0x00000e5d   Thumb Code     0  leds_and_displays.o(.text)
    turn_DS2_ON                              0x00000e77   Thumb Code     0  leds_and_displays.o(.text)



==============================================================================

Memory Map of the image

  Image Entry point : 0x00000209

  Load Region LR_1 (Base: 0x00000000, Size: 0x00000ef8, Max: 0xffffffff, ABSOLUTE)

    Execution Region ER_RO (Exec base: 0x00000000, Load base: 0x00000000, Size: 0x00000ef8, Max: 0xffffffff, ABSOLUTE)

    Exec Addr    Load Addr    Size         Type   Attr      Idx    E Section Name        Object

    0x00000000   0x00000000   0x00000220   Code   RO            3  * RESET               startup.o
    0x00000220   0x00000220   0x000002ec   Code   RO           13    .text               main.o
    0x0000050c   0x0000050c   0x00000190   Code   RO           16    .text               gpio.o
    0x0000069c   0x0000069c   0x000001e4   Code   RO           19    .text               utils.o
    0x00000880   0x00000880   0x000001c4   Code   RO           22    .text               lcd.o
    0x00000a44   0x00000a44   0x00000238   Code   RO           25    .text               matrix_keyboard.o
    0x00000c7c   0x00000c7c   0x0000027c   Code   RO           28    .text               leds_and_displays.o


    Execution Region ER_RW (Exec base: 0x20000000, Load base: 0x00000ef8, Size: 0x00000000, Max: 0xffffffff, ABSOLUTE)

    **** No section assigned to this execution region ****


    Execution Region ER_ZI (Exec base: 0x20000000, Load base: 0x00000ef8, Size: 0x00000400, Max: 0xffffffff, ABSOLUTE)

    Exec Addr    Load Addr    Size         Type   Attr      Idx    E Section Name        Object

    0x20000000        -       0x00000400   Zero   RW            1    STACK               startup.o


==============================================================================

Image component sizes


      Code (inc. data)   RO Data    RW Data    ZI Data      Debug   Object Name

       400         92          0          0          0        400   gpio.o
       452         56          0          0          0        428   lcd.o
       636        104          0          0          0        592   leds_and_displays.o
       748        168          0          0          0        476   main.o
       568         60          0          0          0        528   matrix_keyboard.o
       544        520          0          0       1024        852   startup.o
       484         92          0          0          0        444   utils.o

    ----------------------------------------------------------------------
      3832       1092          0          0       1024       3720   Object Totals
         0          0          0          0          0          0   (incl. Generated)
         0          0          0          0          0          0   (incl. Padding)

    ----------------------------------------------------------------------
         0          0          0          0          0          0   Library Totals
         0          0          0          0          0          0   (incl. Padding)

    ----------------------------------------------------------------------

==============================================================================


      Code (inc. data)   RO Data    RW Data    ZI Data      Debug   

      3832       1092          0          0       1024       3720   Grand Totals
      3832       1092          0          0       1024       3720   ELF Image Totals
      3832       1092          0          0          0          0   ROM Totals

==============================================================================

    Total RO  Size (Code + RO Data)                 3832 (   3.74kB)
    Total RW  Size (RW Data + ZI Data)              1024 (   1.00kB)
    Total ROM Size (Code + RO Data + RW Data)       3832 (   3.74kB)

==============================================================================

