Component: ARM Compiler 5.06 update 7 (build 960) Tool: armlink [4d3601]

==============================================================================

Section Cross References

    startup.o(STACK) refers (Special) to heapauxi.o(.text) for __use_two_region_memory
    startup.o(HEAP) refers (Special) to heapauxi.o(.text) for __use_two_region_memory
    startup.o(RESET) refers (Special) to heapauxi.o(.text) for __use_two_region_memory
    startup.o(RESET) refers to startup.o(STACK) for StackMem
    startup.o(RESET) refers to main.o(i.Timer2A_Handler) for Timer2A_Handler
    startup.o(RESET) refers to main.o(i.GPIOPortJ_Handler) for GPIOPortJ_Handler
    startup.o(RESET) refers to __main.o(!!!main) for __main
    startup.o(.text) refers (Special) to heapauxi.o(.text) for __use_two_region_memory
    startup.o(.text) refers to startup.o(HEAP) for HeapMem
    startup.o(.text) refers to startup.o(STACK) for StackMem
    main.o(i.GPIOPortJ_Handler) refers to main.o(.data) for interrupt_cycle
    main.o(i.Timer2A_Handler) refers to leds_onboard.o(i.PortN_Output) for PortN_Output
    main.o(i.Timer2A_Handler) refers to main.o(.data) for led_onboard_on
    main.o(i.main) refers to utils.o(.text) for PLL_Init
    main.o(i.main) refers to leds_onboard.o(i.leds_onboard_init) for leds_onboard_init
    main.o(i.main) refers to leds_and_displays.o(.text) for LEDS_AND_DISPLAYS_init
    main.o(i.main) refers to lcd.o(.text) for LCD_init
    main.o(i.main) refers to matrix_keyboard.o(.text) for MKBOARD_init
    main.o(i.main) refers to timer.o(i.timer_init) for timer_init
    main.o(i.main) refers to motor.o(i.motor_init) for motor_init
    main.o(i.main) refers to sw1_and_sw2.o(.text) for SW1_SW2_init
    main.o(i.main) refers to uart.o(i.UART_init) for UART_init
    main.o(i.main) refers to startup.o(.text) for DisableInterrupts
    main.o(i.main) refers to main.o(i.runState_INIT) for runState_INIT
    main.o(i.main) refers to main.o(i.runState_GET_INPUT) for runState_GET_INPUT
    main.o(i.main) refers to main.o(i.runState_INIT_CYCLE) for runState_INIT_CYCLE
    main.o(i.main) refers to main.o(i.runState_PRINT_TURN) for runState_PRINT_TURN
    main.o(i.main) refers to main.o(i.runState_INCREMENTS_ANGLES) for runState_INCREMENTS_ANGLES
    main.o(i.main) refers to main.o(i.runState_CW_FULL) for runState_CW_FULL
    main.o(i.main) refers to main.o(i.runState_CC_FULL) for runState_CC_FULL
    main.o(i.main) refers to main.o(i.runState_CW_HALF) for runState_CW_HALF
    main.o(i.main) refers to main.o(i.runState_CC_HALF) for runState_CC_HALF
    main.o(i.main) refers to main.o(i.runState_UPDATE_LEDS) for runState_UPDATE_LEDS
    main.o(i.main) refers to main.o(i.runState_UPDATE_TURNS) for runState_UPDATE_TURNS
    main.o(i.main) refers to main.o(i.runState_END) for runState_END
    main.o(i.main) refers to main.o(.data) for state
    main.o(i.runState_CC_FULL) refers to motor.o(i.motor_counterClockwise_fullRotation) for motor_counterClockwise_fullRotation
    main.o(i.runState_CC_FULL) refers to main.o(.data) for state
    main.o(i.runState_CC_HALF) refers to motor.o(i.motor_counterClockwise_halfRotation) for motor_counterClockwise_halfRotation
    main.o(i.runState_CC_HALF) refers to main.o(.data) for state
    main.o(i.runState_CW_FULL) refers to motor.o(i.motor_clockwise_fullRotation) for motor_clockwise_fullRotation
    main.o(i.runState_CW_FULL) refers to main.o(.data) for state
    main.o(i.runState_CW_HALF) refers to motor.o(i.motor_clockwise_halfRotation) for motor_clockwise_halfRotation
    main.o(i.runState_CW_HALF) refers to main.o(.data) for state
    main.o(i.runState_END) refers to startup.o(.text) for DisableInterrupts
    main.o(i.runState_END) refers to leds_and_displays.o(.text) for turn_leds_ON
    main.o(i.runState_END) refers to leds_onboard.o(i.PortN_Output) for PortN_Output
    main.o(i.runState_END) refers to uart.o(i.UART_send_str) for UART_send_str
    main.o(i.runState_END) refers to utils.o(.text) for SysTick_Wait1ms
    main.o(i.runState_END) refers to main.o(.data) for state
    main.o(i.runState_GET_INPUT) refers to uart.o(i.UART_send_str) for UART_send_str
    main.o(i.runState_GET_INPUT) refers to uart.o(i.UART_receive) for UART_receive
    main.o(i.runState_GET_INPUT) refers to conversores.o(i.stringToInt) for stringToInt
    main.o(i.runState_GET_INPUT) refers to main.o(.bss) for motor
    main.o(i.runState_GET_INPUT) refers to main.o(.conststring) for .conststring
    main.o(i.runState_GET_INPUT) refers to main.o(.data) for state
    main.o(i.runState_INCREMENTS_ANGLES) refers to daddsub_clz.o(x$fpl$dadd) for __aeabi_dadd
    main.o(i.runState_INCREMENTS_ANGLES) refers to main.o(.bss) for motor
    main.o(i.runState_INCREMENTS_ANGLES) refers to main.o(.data) for state
    main.o(i.runState_INIT) refers to uart.o(i.UART_clear_terminal) for UART_clear_terminal
    main.o(i.runState_INIT) refers to uart.o(i.UART_send_str) for UART_send_str
    main.o(i.runState_INIT) refers to matrix_keyboard.o(.text) for MKBOARD_getCharPressed
    main.o(i.runState_INIT) refers to main.o(.bss) for motor
    main.o(i.runState_INIT) refers to main.o(.data) for state
    main.o(i.runState_INIT_CYCLE) refers to startup.o(.text) for EnableInterrupts
    main.o(i.runState_INIT_CYCLE) refers to leds_and_displays.o(.text) for select_leds
    main.o(i.runState_INIT_CYCLE) refers to uart.o(i.UART_send_str) for UART_send_str
    main.o(i.runState_INIT_CYCLE) refers to main.o(.data) for interrupt_cycle
    main.o(i.runState_INIT_CYCLE) refers to main.o(.bss) for motor
    main.o(i.runState_PRINT_TURN) refers to conversores.o(i.decimalToChar) for decimalToChar
    main.o(i.runState_PRINT_TURN) refers to uart.o(i.UART_send) for UART_send
    main.o(i.runState_PRINT_TURN) refers to uart.o(i.UART_send_str) for UART_send_str
    main.o(i.runState_PRINT_TURN) refers to main.o(.bss) for motor
    main.o(i.runState_PRINT_TURN) refers to main.o(.data) for state
    main.o(i.runState_UPDATE_LEDS) refers to drleqf.o(x$fpl$drleqf) for __aeabi_cdrcmple
    main.o(i.runState_UPDATE_LEDS) refers to daddsub_clz.o(x$fpl$dsub) for __aeabi_dsub
    main.o(i.runState_UPDATE_LEDS) refers to leds_and_displays.o(.text) for select_leds
    main.o(i.runState_UPDATE_LEDS) refers to main.o(.bss) for leds
    main.o(i.runState_UPDATE_LEDS) refers to main.o(.data) for state
    main.o(i.runState_UPDATE_TURNS) refers to drleqf.o(x$fpl$drleqf) for __aeabi_cdrcmple
    main.o(i.runState_UPDATE_TURNS) refers to daddsub_clz.o(x$fpl$dsub) for __aeabi_dsub
    main.o(i.runState_UPDATE_TURNS) refers to main.o(.data) for interrupt_cycle
    main.o(i.runState_UPDATE_TURNS) refers to main.o(.bss) for motor
    lcd.o(.text) refers to utils.o(.text) for SysTick_Wait1us
    matrix_keyboard.o(.text) refers to utils.o(.text) for SysTick_Wait1ms
    uart.o(i.UART_clear_terminal) refers to uart.o(i.UART_send_str) for UART_send_str
    uart.o(i.UART_send_str) refers to uart.o(i.UART_send) for UART_send
    motor.o(i.motor_clockwise_fullRotation) refers to utils.o(.text) for SysTick_Wait1ms
    motor.o(i.motor_clockwise_halfRotation) refers to utils.o(.text) for SysTick_Wait1ms
    motor.o(i.motor_counterClockwise_fullRotation) refers to utils.o(.text) for SysTick_Wait1ms
    motor.o(i.motor_counterClockwise_halfRotation) refers to utils.o(.text) for SysTick_Wait1ms
    conversores.o(i.stringToInt) refers to atoi.o(.text) for atoi
    atoi.o(.text) refers to rt_errno_addr_intlibspace.o(.text) for __aeabi_errno_addr
    atoi.o(.text) refers to strtol.o(.text) for strtol
    __main.o(!!!main) refers to __rtentry.o(.ARM.Collect$$rtentry$$00000000) for __rt_entry
    daddsub_clz.o(x$fpl$dadd) refers (Special) to usenofp.o(x$fpl$usenofp) for __I$use$fp
    daddsub_clz.o(x$fpl$dadd) refers to daddsub_clz.o(x$fpl$dsub) for _dsub1
    daddsub_clz.o(x$fpl$dadd) refers to dretinf.o(x$fpl$dretinf) for __fpl_dretinf
    daddsub_clz.o(x$fpl$dadd) refers to dnaninf.o(x$fpl$dnaninf) for __fpl_dnaninf
    daddsub_clz.o(x$fpl$drsb) refers (Special) to usenofp.o(x$fpl$usenofp) for __I$use$fp
    daddsub_clz.o(x$fpl$drsb) refers to daddsub_clz.o(x$fpl$dadd) for _dadd1
    daddsub_clz.o(x$fpl$drsb) refers to daddsub_clz.o(x$fpl$dsub) for _dsub1
    daddsub_clz.o(x$fpl$dsub) refers (Special) to usenofp.o(x$fpl$usenofp) for __I$use$fp
    daddsub_clz.o(x$fpl$dsub) refers to daddsub_clz.o(x$fpl$dadd) for _dadd1
    daddsub_clz.o(x$fpl$dsub) refers to dnaninf.o(x$fpl$dnaninf) for __fpl_dnaninf
    drleqf.o(x$fpl$drleqf) refers (Special) to usenofp.o(x$fpl$usenofp) for __I$use$fp
    drleqf.o(x$fpl$drleqf) refers to dleqf.o(x$fpl$dleqf) for __fpl_dcmple_InfNaN
    __rtentry.o(.ARM.Collect$$rtentry$$00000000) refers (Special) to __rtentry2.o(.ARM.Collect$$rtentry$$0000000A) for __rt_entry_li
    __rtentry.o(.ARM.Collect$$rtentry$$00000000) refers (Special) to __rtentry2.o(.ARM.Collect$$rtentry$$0000000D) for __rt_entry_main
    __rtentry.o(.ARM.Collect$$rtentry$$00000000) refers (Special) to __rtentry2.o(.ARM.Collect$$rtentry$$0000000C) for __rt_entry_postli_1
    __rtentry.o(.ARM.Collect$$rtentry$$00000000) refers (Special) to __rtentry2.o(.ARM.Collect$$rtentry$$00000009) for __rt_entry_postsh_1
    __rtentry.o(.ARM.Collect$$rtentry$$00000000) refers (Special) to __rtentry2.o(.ARM.Collect$$rtentry$$00000002) for __rt_entry_presh_1
    __rtentry.o(.ARM.Collect$$rtentry$$00000000) refers (Special) to __rtentry4.o(.ARM.Collect$$rtentry$$00000004) for __rt_entry_sh
    rt_errno_addr.o(.text) refers to rt_errno_addr.o(.bss) for __aeabi_errno_addr_data
    rt_errno_addr_intlibspace.o(.text) refers to libspace.o(.bss) for __libspace_start
    strtol.o(.text) refers to rt_ctype_table.o(.text) for __rt_ctype_table
    strtol.o(.text) refers to _strtoul.o(.text) for _strtoul
    strtol.o(.text) refers to rt_errno_addr_intlibspace.o(.text) for __aeabi_errno_addr
    dleqf.o(x$fpl$dleqf) refers (Special) to usenofp.o(x$fpl$usenofp) for __I$use$fp
    dleqf.o(x$fpl$dleqf) refers to dnaninf.o(x$fpl$dnaninf) for __fpl_dnaninf
    dleqf.o(x$fpl$dleqf) refers to dcmpi.o(x$fpl$dcmpinf) for __fpl_dcmp_Inf
    dnaninf.o(x$fpl$dnaninf) refers (Special) to usenofp.o(x$fpl$usenofp) for __I$use$fp
    dretinf.o(x$fpl$dretinf) refers (Special) to usenofp.o(x$fpl$usenofp) for __I$use$fp
    libspace.o(.text) refers to libspace.o(.bss) for __libspace_start
    __rtentry2.o(.ARM.Collect$$rtentry$$00000008) refers to boardinit2.o(.text) for _platform_post_stackheap_init
    __rtentry2.o(.ARM.Collect$$rtentry$$0000000A) refers to libinit.o(.ARM.Collect$$libinit$$00000000) for __rt_lib_init
    __rtentry2.o(.ARM.Collect$$rtentry$$0000000B) refers to boardinit3.o(.text) for _platform_post_lib_init
    __rtentry2.o(.ARM.Collect$$rtentry$$0000000D) refers to main.o(i.main) for main
    __rtentry2.o(.ARM.Collect$$rtentry$$0000000D) refers to exit.o(.text) for exit
    __rtentry2.o(.ARM.exidx) refers to __rtentry2.o(.ARM.Collect$$rtentry$$00000001) for .ARM.Collect$$rtentry$$00000001
    __rtentry2.o(.ARM.exidx) refers to __rtentry2.o(.ARM.Collect$$rtentry$$00000008) for .ARM.Collect$$rtentry$$00000008
    __rtentry2.o(.ARM.exidx) refers to __rtentry2.o(.ARM.Collect$$rtentry$$0000000A) for .ARM.Collect$$rtentry$$0000000A
    __rtentry2.o(.ARM.exidx) refers to __rtentry2.o(.ARM.Collect$$rtentry$$0000000B) for .ARM.Collect$$rtentry$$0000000B
    __rtentry2.o(.ARM.exidx) refers to __rtentry2.o(.ARM.Collect$$rtentry$$0000000D) for .ARM.Collect$$rtentry$$0000000D
    __rtentry4.o(.ARM.Collect$$rtentry$$00000004) refers to sys_stackheap_outer.o(.text) for __user_setup_stackheap
    __rtentry4.o(.ARM.exidx) refers to __rtentry4.o(.ARM.Collect$$rtentry$$00000004) for .ARM.Collect$$rtentry$$00000004
    rt_ctype_table.o(.text) refers to rt_locale_intlibspace.o(.text) for __rt_locale
    rt_ctype_table.o(.text) refers to lc_ctype_c.o(locale$$code) for _get_lc_ctype
    _strtoul.o(.text) refers to _chval.o(.text) for _chval
    _strtoul.o(.text) refers to rt_errno_addr_intlibspace.o(.text) for __aeabi_errno_addr
    dcmpi.o(x$fpl$dcmpinf) refers (Special) to usenofp.o(x$fpl$usenofp) for __I$use$fp
    sys_stackheap_outer.o(.text) refers to libspace.o(.text) for __user_perproc_libspace
    sys_stackheap_outer.o(.text) refers to startup.o(.text) for __user_initial_stackheap
    rt_locale.o(.text) refers to rt_locale.o(.bss) for __rt_locale_data
    rt_locale_intlibspace.o(.text) refers to libspace.o(.bss) for __libspace_start
    lc_ctype_c.o(locale$$data) refers (Special) to libinit2.o(.ARM.Collect$$libinit$$00000012) for __rt_lib_init_lc_ctype_2
    lc_ctype_c.o(locale$$code) refers (Special) to libinit2.o(.ARM.Collect$$libinit$$00000012) for __rt_lib_init_lc_ctype_2
    lc_ctype_c.o(locale$$code) refers to strcmpv7m.o(.text) for strcmp
    lc_ctype_c.o(locale$$code) refers to lc_ctype_c.o(locale$$data) for __lcctype_c_name
    exit.o(.text) refers to rtexit.o(.ARM.Collect$$rtexit$$00000000) for __rt_exit
    libinit.o(.ARM.Collect$$libinit$$00000000) refers (Special) to libinit2.o(.ARM.Collect$$libinit$$0000002E) for __rt_lib_init_alloca_1
    libinit.o(.ARM.Collect$$libinit$$00000000) refers (Special) to libinit2.o(.ARM.Collect$$libinit$$0000002C) for __rt_lib_init_argv_1
    libinit.o(.ARM.Collect$$libinit$$00000000) refers (Special) to libinit2.o(.ARM.Collect$$libinit$$0000001B) for __rt_lib_init_atexit_1
    libinit.o(.ARM.Collect$$libinit$$00000000) refers (Special) to libinit2.o(.ARM.Collect$$libinit$$00000021) for __rt_lib_init_clock_1
    libinit.o(.ARM.Collect$$libinit$$00000000) refers (Special) to libinit2.o(.ARM.Collect$$libinit$$00000032) for __rt_lib_init_cpp_1
    libinit.o(.ARM.Collect$$libinit$$00000000) refers (Special) to libinit2.o(.ARM.Collect$$libinit$$00000030) for __rt_lib_init_exceptions_1
    libinit.o(.ARM.Collect$$libinit$$00000000) refers (Special) to libinit2.o(.ARM.Collect$$libinit$$00000001) for __rt_lib_init_fp_1
    libinit.o(.ARM.Collect$$libinit$$00000000) refers (Special) to libinit2.o(.ARM.Collect$$libinit$$0000001F) for __rt_lib_init_fp_trap_1
    libinit.o(.ARM.Collect$$libinit$$00000000) refers (Special) to libinit2.o(.ARM.Collect$$libinit$$00000023) for __rt_lib_init_getenv_1
    libinit.o(.ARM.Collect$$libinit$$00000000) refers (Special) to libinit2.o(.ARM.Collect$$libinit$$0000000A) for __rt_lib_init_heap_1
    libinit.o(.ARM.Collect$$libinit$$00000000) refers (Special) to libinit2.o(.ARM.Collect$$libinit$$00000011) for __rt_lib_init_lc_collate_1
    libinit.o(.ARM.Collect$$libinit$$00000000) refers (Special) to libinit2.o(.ARM.Collect$$libinit$$00000013) for __rt_lib_init_lc_ctype_1
    libinit.o(.ARM.Collect$$libinit$$00000000) refers (Special) to libinit2.o(.ARM.Collect$$libinit$$00000015) for __rt_lib_init_lc_monetary_1
    libinit.o(.ARM.Collect$$libinit$$00000000) refers (Special) to libinit2.o(.ARM.Collect$$libinit$$00000017) for __rt_lib_init_lc_numeric_1
    libinit.o(.ARM.Collect$$libinit$$00000000) refers (Special) to libinit2.o(.ARM.Collect$$libinit$$00000019) for __rt_lib_init_lc_time_1
    libinit.o(.ARM.Collect$$libinit$$00000000) refers (Special) to libinit2.o(.ARM.Collect$$libinit$$00000004) for __rt_lib_init_preinit_1
    libinit.o(.ARM.Collect$$libinit$$00000000) refers (Special) to libinit2.o(.ARM.Collect$$libinit$$0000000E) for __rt_lib_init_rand_1
    libinit.o(.ARM.Collect$$libinit$$00000000) refers (Special) to libinit2.o(.ARM.Collect$$libinit$$00000033) for __rt_lib_init_return
    libinit.o(.ARM.Collect$$libinit$$00000000) refers (Special) to libinit2.o(.ARM.Collect$$libinit$$0000001D) for __rt_lib_init_signal_1
    libinit.o(.ARM.Collect$$libinit$$00000000) refers (Special) to libinit2.o(.ARM.Collect$$libinit$$00000025) for __rt_lib_init_stdio_1
    libinit.o(.ARM.Collect$$libinit$$00000000) refers (Special) to libinit2.o(.ARM.Collect$$libinit$$0000000C) for __rt_lib_init_user_alloc_1
    rtexit.o(.ARM.Collect$$rtexit$$00000000) refers (Special) to rtexit2.o(.ARM.Collect$$rtexit$$00000004) for __rt_exit_exit
    rtexit.o(.ARM.Collect$$rtexit$$00000000) refers (Special) to rtexit2.o(.ARM.Collect$$rtexit$$00000003) for __rt_exit_ls
    rtexit.o(.ARM.Collect$$rtexit$$00000000) refers (Special) to rtexit2.o(.ARM.Collect$$rtexit$$00000002) for __rt_exit_prels_1
    rtexit.o(.ARM.exidx) refers (Special) to rtexit2.o(.ARM.Collect$$rtexit$$00000004) for __rt_exit_exit
    rtexit.o(.ARM.exidx) refers (Special) to rtexit2.o(.ARM.Collect$$rtexit$$00000003) for __rt_exit_ls
    rtexit.o(.ARM.exidx) refers (Special) to rtexit2.o(.ARM.Collect$$rtexit$$00000002) for __rt_exit_prels_1
    rtexit.o(.ARM.exidx) refers to rtexit.o(.ARM.Collect$$rtexit$$00000000) for .ARM.Collect$$rtexit$$00000000
    libinit2.o(.ARM.Collect$$libinit$$00000001) refers to fpinit.o(x$fpl$fpinit) for _fp_init
    libinit2.o(.ARM.Collect$$libinit$$0000000F) refers (Weak) to rt_locale_intlibspace.o(.text) for __rt_locale
    libinit2.o(.ARM.Collect$$libinit$$00000010) refers to libinit2.o(.ARM.Collect$$libinit$$0000000F) for .ARM.Collect$$libinit$$0000000F
    libinit2.o(.ARM.Collect$$libinit$$00000012) refers to libinit2.o(.ARM.Collect$$libinit$$0000000F) for .ARM.Collect$$libinit$$0000000F
    libinit2.o(.ARM.Collect$$libinit$$00000012) refers (Weak) to lc_ctype_c.o(locale$$code) for _get_lc_ctype
    libinit2.o(.ARM.Collect$$libinit$$00000014) refers to libinit2.o(.ARM.Collect$$libinit$$0000000F) for .ARM.Collect$$libinit$$0000000F
    libinit2.o(.ARM.Collect$$libinit$$00000016) refers to libinit2.o(.ARM.Collect$$libinit$$0000000F) for .ARM.Collect$$libinit$$0000000F
    libinit2.o(.ARM.Collect$$libinit$$00000018) refers to libinit2.o(.ARM.Collect$$libinit$$0000000F) for .ARM.Collect$$libinit$$0000000F
    libinit2.o(.ARM.Collect$$libinit$$00000026) refers to argv_veneer.o(.emb_text) for __ARM_argv_veneer
    libinit2.o(.ARM.Collect$$libinit$$00000027) refers to argv_veneer.o(.emb_text) for __ARM_argv_veneer
    rtexit2.o(.ARM.Collect$$rtexit$$00000003) refers to libshutdown.o(.ARM.Collect$$libshutdown$$00000000) for __rt_lib_shutdown
    rtexit2.o(.ARM.Collect$$rtexit$$00000004) refers to sys_exit.o(.text) for _sys_exit
    rtexit2.o(.ARM.exidx) refers to rtexit2.o(.ARM.Collect$$rtexit$$00000001) for .ARM.Collect$$rtexit$$00000001
    rtexit2.o(.ARM.exidx) refers to rtexit2.o(.ARM.Collect$$rtexit$$00000003) for .ARM.Collect$$rtexit$$00000003
    rtexit2.o(.ARM.exidx) refers to rtexit2.o(.ARM.Collect$$rtexit$$00000004) for .ARM.Collect$$rtexit$$00000004
    argv_veneer.o(.emb_text) refers to no_argv.o(.text) for __ARM_get_argv
    sys_exit.o(.text) refers (Special) to use_no_semi.o(.text) for __I$use$semihosting
    sys_exit.o(.text) refers (Special) to indicate_semi.o(.text) for __semihosting_library_function
    _get_argv_nomalloc.o(.text) refers (Special) to hrguard.o(.text) for __heap_region$guard
    _get_argv_nomalloc.o(.text) refers to defsig_rtmem_outer.o(.text) for __rt_SIGRTMEM
    _get_argv_nomalloc.o(.text) refers to sys_command.o(.text) for _sys_command_string
    libshutdown.o(.ARM.Collect$$libshutdown$$00000000) refers (Special) to libshutdown2.o(.ARM.Collect$$libshutdown$$00000004) for __rt_lib_shutdown_cpp_1
    libshutdown.o(.ARM.Collect$$libshutdown$$00000000) refers (Special) to libshutdown2.o(.ARM.Collect$$libshutdown$$00000002) for __rt_lib_shutdown_fini_1
    libshutdown.o(.ARM.Collect$$libshutdown$$00000000) refers (Special) to libshutdown2.o(.ARM.Collect$$libshutdown$$00000009) for __rt_lib_shutdown_fp_trap_1
    libshutdown.o(.ARM.Collect$$libshutdown$$00000000) refers (Special) to libshutdown2.o(.ARM.Collect$$libshutdown$$00000011) for __rt_lib_shutdown_heap_1
    libshutdown.o(.ARM.Collect$$libshutdown$$00000000) refers (Special) to libshutdown2.o(.ARM.Collect$$libshutdown$$00000012) for __rt_lib_shutdown_return
    libshutdown.o(.ARM.Collect$$libshutdown$$00000000) refers (Special) to libshutdown2.o(.ARM.Collect$$libshutdown$$0000000C) for __rt_lib_shutdown_signal_1
    libshutdown.o(.ARM.Collect$$libshutdown$$00000000) refers (Special) to libshutdown2.o(.ARM.Collect$$libshutdown$$00000006) for __rt_lib_shutdown_stdio_1
    libshutdown.o(.ARM.Collect$$libshutdown$$00000000) refers (Special) to libshutdown2.o(.ARM.Collect$$libshutdown$$0000000E) for __rt_lib_shutdown_user_alloc_1
    sys_command.o(.text) refers (Special) to use_no_semi.o(.text) for __I$use$semihosting
    sys_command.o(.text) refers (Special) to indicate_semi.o(.text) for __semihosting_library_function
    defsig_rtmem_outer.o(.text) refers to defsig_rtmem_inner.o(.text) for __rt_SIGRTMEM_inner
    defsig_rtmem_outer.o(.text) refers to defsig_exit.o(.text) for __sig_exit
    defsig_rtmem_formal.o(.text) refers to rt_raise.o(.text) for __rt_raise
    rt_raise.o(.text) refers to __raise.o(.text) for __raise
    rt_raise.o(.text) refers to sys_exit.o(.text) for _sys_exit
    defsig_exit.o(.text) refers to sys_exit.o(.text) for _sys_exit
    defsig_rtmem_inner.o(.text) refers to defsig_general.o(.text) for __default_signal_display
    __raise.o(.text) refers to defsig.o(CL$$defsig) for __default_signal_handler
    defsig_general.o(.text) refers to sys_wrch.o(.text) for _ttywrch
    sys_wrch.o(.text) refers (Special) to use_no_semi.o(.text) for __I$use$semihosting
    sys_wrch.o(.text) refers (Special) to indicate_semi.o(.text) for __semihosting_library_function
    defsig.o(CL$$defsig) refers to defsig_rtmem_inner.o(.text) for __rt_SIGRTMEM_inner
    defsig_abrt_inner.o(.text) refers to defsig_general.o(.text) for __default_signal_display
    defsig_fpe_inner.o(.text) refers to defsig_general.o(.text) for __default_signal_display
    defsig_rtred_inner.o(.text) refers to defsig_general.o(.text) for __default_signal_display
    defsig_stak_inner.o(.text) refers to defsig_general.o(.text) for __default_signal_display
    defsig_pvfn_inner.o(.text) refers to defsig_general.o(.text) for __default_signal_display
    defsig_cppl_inner.o(.text) refers to defsig_general.o(.text) for __default_signal_display
    defsig_segv_inner.o(.text) refers to defsig_general.o(.text) for __default_signal_display
    defsig_other.o(.text) refers to defsig_general.o(.text) for __default_signal_display


==============================================================================

Removing Unused input sections from the image.

    Removing conversores.o(i.charToDecimal), (22 bytes).

1 unused section(s) (total 22 bytes) removed from the image.

==============================================================================

Image Symbol Table

    Local Symbols

    Symbol Name                              Value     Ov Type        Size  Object(Section)

    RESET                                    0x00000000   Section      560  startup.o(RESET)
    ../clib/angel/boardlib.s                 0x00000000   Number         0  boardinit2.o ABSOLUTE
    ../clib/angel/boardlib.s                 0x00000000   Number         0  boardinit1.o ABSOLUTE
    ../clib/angel/boardlib.s                 0x00000000   Number         0  boardshut.o ABSOLUTE
    ../clib/angel/boardlib.s                 0x00000000   Number         0  boardinit3.o ABSOLUTE
    ../clib/angel/handlers.s                 0x00000000   Number         0  __scatter_zi.o ABSOLUTE
    ../clib/angel/handlers.s                 0x00000000   Number         0  __scatter_copy.o ABSOLUTE
    ../clib/angel/kernel.s                   0x00000000   Number         0  __rtentry4.o ABSOLUTE
    ../clib/angel/kernel.s                   0x00000000   Number         0  rtexit2.o ABSOLUTE
    ../clib/angel/kernel.s                   0x00000000   Number         0  rtexit.o ABSOLUTE
    ../clib/angel/kernel.s                   0x00000000   Number         0  __rtentry2.o ABSOLUTE
    ../clib/angel/kernel.s                   0x00000000   Number         0  __rtentry.o ABSOLUTE
    ../clib/angel/rt.s                       0x00000000   Number         0  rt_locale_intlibspace.o ABSOLUTE
    ../clib/angel/rt.s                       0x00000000   Number         0  rt_errno_addr_intlibspace.o ABSOLUTE
    ../clib/angel/rt.s                       0x00000000   Number         0  rt_raise.o ABSOLUTE
    ../clib/angel/rt.s                       0x00000000   Number         0  rt_errno_addr.o ABSOLUTE
    ../clib/angel/rt.s                       0x00000000   Number         0  rt_ctype_table.o ABSOLUTE
    ../clib/angel/rt.s                       0x00000000   Number         0  rt_locale.o ABSOLUTE
    ../clib/angel/scatter.s                  0x00000000   Number         0  __scatter.o ABSOLUTE
    ../clib/angel/startup.s                  0x00000000   Number         0  __main.o ABSOLUTE
    ../clib/angel/sys.s                      0x00000000   Number         0  libspace.o ABSOLUTE
    ../clib/angel/sys.s                      0x00000000   Number         0  indicate_semi.o ABSOLUTE
    ../clib/angel/sys.s                      0x00000000   Number         0  use_no_semi.o ABSOLUTE
    ../clib/angel/sys.s                      0x00000000   Number         0  sys_stackheap_outer.o ABSOLUTE
    ../clib/angel/sysapp.c                   0x00000000   Number         0  sys_exit.o ABSOLUTE
    ../clib/angel/sysapp.c                   0x00000000   Number         0  sys_wrch.o ABSOLUTE
    ../clib/angel/sysapp.c                   0x00000000   Number         0  sys_command.o ABSOLUTE
    ../clib/armsys.c                         0x00000000   Number         0  argv_veneer.o ABSOLUTE
    ../clib/armsys.c                         0x00000000   Number         0  argv_veneer.o ABSOLUTE
    ../clib/armsys.c                         0x00000000   Number         0  no_argv.o ABSOLUTE
    ../clib/armsys.c                         0x00000000   Number         0  _get_argv_nomalloc.o ABSOLUTE
    ../clib/heapalloc.c                      0x00000000   Number         0  hrguard.o ABSOLUTE
    ../clib/heapaux.c                        0x00000000   Number         0  heapauxi.o ABSOLUTE
    ../clib/libinit.s                        0x00000000   Number         0  libshutdown2.o ABSOLUTE
    ../clib/libinit.s                        0x00000000   Number         0  libinit.o ABSOLUTE
    ../clib/libinit.s                        0x00000000   Number         0  libshutdown.o ABSOLUTE
    ../clib/libinit.s                        0x00000000   Number         0  libinit2.o ABSOLUTE
    ../clib/locale.s                         0x00000000   Number         0  lc_ctype_c.o ABSOLUTE
    ../clib/memcpset.s                       0x00000000   Number         0  strcmpv7m.o ABSOLUTE
    ../clib/scanf.c                          0x00000000   Number         0  _strtoul.o ABSOLUTE
    ../clib/scanf.c                          0x00000000   Number         0  _chval.o ABSOLUTE
    ../clib/scanf.c                          0x00000000   Number         0  strtol.o ABSOLUTE
    ../clib/scanf.c                          0x00000000   Number         0  atoi.o ABSOLUTE
    ../clib/signal.c                         0x00000000   Number         0  defsig_pvfn_inner.o ABSOLUTE
    ../clib/signal.c                         0x00000000   Number         0  defsig_stak_inner.o ABSOLUTE
    ../clib/signal.c                         0x00000000   Number         0  defsig_rtred_inner.o ABSOLUTE
    ../clib/signal.c                         0x00000000   Number         0  defsig_fpe_inner.o ABSOLUTE
    ../clib/signal.c                         0x00000000   Number         0  defsig_abrt_inner.o ABSOLUTE
    ../clib/signal.c                         0x00000000   Number         0  defsig_general.o ABSOLUTE
    ../clib/signal.c                         0x00000000   Number         0  __raise.o ABSOLUTE
    ../clib/signal.c                         0x00000000   Number         0  defsig_rtmem_inner.o ABSOLUTE
    ../clib/signal.c                         0x00000000   Number         0  defsig_exit.o ABSOLUTE
    ../clib/signal.c                         0x00000000   Number         0  defsig_rtmem_formal.o ABSOLUTE
    ../clib/signal.c                         0x00000000   Number         0  defsig_rtmem_outer.o ABSOLUTE
    ../clib/signal.c                         0x00000000   Number         0  defsig_cppl_inner.o ABSOLUTE
    ../clib/signal.c                         0x00000000   Number         0  defsig_other.o ABSOLUTE
    ../clib/signal.c                         0x00000000   Number         0  defsig_segv_inner.o ABSOLUTE
    ../clib/signal.s                         0x00000000   Number         0  defsig.o ABSOLUTE
    ../clib/stdlib.c                         0x00000000   Number         0  exit.o ABSOLUTE
    ../fplib/daddsub.s                       0x00000000   Number         0  daddsub_clz.o ABSOLUTE
    ../fplib/dcmpi.s                         0x00000000   Number         0  dcmpi.o ABSOLUTE
    ../fplib/dleqf.s                         0x00000000   Number         0  dleqf.o ABSOLUTE
    ../fplib/dnaninf.s                       0x00000000   Number         0  dnaninf.o ABSOLUTE
    ../fplib/dretinf.s                       0x00000000   Number         0  dretinf.o ABSOLUTE
    ../fplib/drleqf.s                        0x00000000   Number         0  drleqf.o ABSOLUTE
    ../fplib/fpinit.s                        0x00000000   Number         0  fpinit.o ABSOLUTE
    ../fplib/usenofp.s                       0x00000000   Number         0  usenofp.o ABSOLUTE
    conversores.c                            0x00000000   Number         0  conversores.o ABSOLUTE
    dc.s                                     0x00000000   Number         0  dc.o ABSOLUTE
    lcd.s                                    0x00000000   Number         0  lcd.o ABSOLUTE
    leds_and_displays.s                      0x00000000   Number         0  leds_and_displays.o ABSOLUTE
    leds_onboard.c                           0x00000000   Number         0  leds_onboard.o ABSOLUTE
    main.c                                   0x00000000   Number         0  main.o ABSOLUTE
    matrix_keyboard.s                        0x00000000   Number         0  matrix_keyboard.o ABSOLUTE
    motor.c                                  0x00000000   Number         0  motor.o ABSOLUTE
    startup.s                                0x00000000   Number         0  startup.o ABSOLUTE
    sw1_and_sw2.s                            0x00000000   Number         0  sw1_and_sw2.o ABSOLUTE
    timer.c                                  0x00000000   Number         0  timer.o ABSOLUTE
    uart.c                                   0x00000000   Number         0  uart.o ABSOLUTE
    utils.s                                  0x00000000   Number         0  utils.o ABSOLUTE
    $v0                                      0x00000208   Number         0  startup.o(RESET)
    !!!main                                  0x00000230   Section        8  __main.o(!!!main)
    !!!scatter                               0x00000238   Section       52  __scatter.o(!!!scatter)
    !!handler_copy                           0x0000026c   Section       26  __scatter_copy.o(!!handler_copy)
    !!handler_zi                             0x00000288   Section       28  __scatter_zi.o(!!handler_zi)
    .ARM.Collect$$libinit$$00000000          0x000002a4   Section        2  libinit.o(.ARM.Collect$$libinit$$00000000)
    .ARM.Collect$$libinit$$00000001          0x000002a6   Section        4  libinit2.o(.ARM.Collect$$libinit$$00000001)
    .ARM.Collect$$libinit$$00000004          0x000002aa   Section        0  libinit2.o(.ARM.Collect$$libinit$$00000004)
    .ARM.Collect$$libinit$$0000000A          0x000002aa   Section        0  libinit2.o(.ARM.Collect$$libinit$$0000000A)
    .ARM.Collect$$libinit$$0000000C          0x000002aa   Section        0  libinit2.o(.ARM.Collect$$libinit$$0000000C)
    .ARM.Collect$$libinit$$0000000E          0x000002aa   Section        0  libinit2.o(.ARM.Collect$$libinit$$0000000E)
    .ARM.Collect$$libinit$$0000000F          0x000002aa   Section        6  libinit2.o(.ARM.Collect$$libinit$$0000000F)
    .ARM.Collect$$libinit$$00000011          0x000002b0   Section        0  libinit2.o(.ARM.Collect$$libinit$$00000011)
    .ARM.Collect$$libinit$$00000012          0x000002b0   Section       12  libinit2.o(.ARM.Collect$$libinit$$00000012)
    .ARM.Collect$$libinit$$00000013          0x000002bc   Section        0  libinit2.o(.ARM.Collect$$libinit$$00000013)
    .ARM.Collect$$libinit$$00000015          0x000002bc   Section        0  libinit2.o(.ARM.Collect$$libinit$$00000015)
    .ARM.Collect$$libinit$$00000017          0x000002bc   Section        0  libinit2.o(.ARM.Collect$$libinit$$00000017)
    .ARM.Collect$$libinit$$00000019          0x000002bc   Section        0  libinit2.o(.ARM.Collect$$libinit$$00000019)
    .ARM.Collect$$libinit$$0000001B          0x000002bc   Section        0  libinit2.o(.ARM.Collect$$libinit$$0000001B)
    .ARM.Collect$$libinit$$0000001D          0x000002bc   Section        0  libinit2.o(.ARM.Collect$$libinit$$0000001D)
    .ARM.Collect$$libinit$$0000001F          0x000002bc   Section        0  libinit2.o(.ARM.Collect$$libinit$$0000001F)
    .ARM.Collect$$libinit$$00000021          0x000002bc   Section        0  libinit2.o(.ARM.Collect$$libinit$$00000021)
    .ARM.Collect$$libinit$$00000023          0x000002bc   Section        0  libinit2.o(.ARM.Collect$$libinit$$00000023)
    .ARM.Collect$$libinit$$00000025          0x000002bc   Section        0  libinit2.o(.ARM.Collect$$libinit$$00000025)
    .ARM.Collect$$libinit$$0000002C          0x000002bc   Section        0  libinit2.o(.ARM.Collect$$libinit$$0000002C)
    .ARM.Collect$$libinit$$0000002E          0x000002bc   Section        0  libinit2.o(.ARM.Collect$$libinit$$0000002E)
    .ARM.Collect$$libinit$$00000030          0x000002bc   Section        0  libinit2.o(.ARM.Collect$$libinit$$00000030)
    .ARM.Collect$$libinit$$00000032          0x000002bc   Section        0  libinit2.o(.ARM.Collect$$libinit$$00000032)
    .ARM.Collect$$libinit$$00000033          0x000002bc   Section        2  libinit2.o(.ARM.Collect$$libinit$$00000033)
    .ARM.Collect$$libshutdown$$00000000      0x000002be   Section        2  libshutdown.o(.ARM.Collect$$libshutdown$$00000000)
    .ARM.Collect$$libshutdown$$00000002      0x000002c0   Section        0  libshutdown2.o(.ARM.Collect$$libshutdown$$00000002)
    .ARM.Collect$$libshutdown$$00000004      0x000002c0   Section        0  libshutdown2.o(.ARM.Collect$$libshutdown$$00000004)
    .ARM.Collect$$libshutdown$$00000006      0x000002c0   Section        0  libshutdown2.o(.ARM.Collect$$libshutdown$$00000006)
    .ARM.Collect$$libshutdown$$00000009      0x000002c0   Section        0  libshutdown2.o(.ARM.Collect$$libshutdown$$00000009)
    .ARM.Collect$$libshutdown$$0000000C      0x000002c0   Section        0  libshutdown2.o(.ARM.Collect$$libshutdown$$0000000C)
    .ARM.Collect$$libshutdown$$0000000E      0x000002c0   Section        0  libshutdown2.o(.ARM.Collect$$libshutdown$$0000000E)
    .ARM.Collect$$libshutdown$$00000011      0x000002c0   Section        0  libshutdown2.o(.ARM.Collect$$libshutdown$$00000011)
    .ARM.Collect$$libshutdown$$00000012      0x000002c0   Section        2  libshutdown2.o(.ARM.Collect$$libshutdown$$00000012)
    .ARM.Collect$$rtentry$$00000000          0x000002c2   Section        0  __rtentry.o(.ARM.Collect$$rtentry$$00000000)
    .ARM.Collect$$rtentry$$00000002          0x000002c2   Section        0  __rtentry2.o(.ARM.Collect$$rtentry$$00000002)
    .ARM.Collect$$rtentry$$00000004          0x000002c2   Section        6  __rtentry4.o(.ARM.Collect$$rtentry$$00000004)
    .ARM.Collect$$rtentry$$00000009          0x000002c8   Section        0  __rtentry2.o(.ARM.Collect$$rtentry$$00000009)
    .ARM.Collect$$rtentry$$0000000A          0x000002c8   Section        4  __rtentry2.o(.ARM.Collect$$rtentry$$0000000A)
    .ARM.Collect$$rtentry$$0000000C          0x000002cc   Section        0  __rtentry2.o(.ARM.Collect$$rtentry$$0000000C)
    .ARM.Collect$$rtentry$$0000000D          0x000002cc   Section        8  __rtentry2.o(.ARM.Collect$$rtentry$$0000000D)
    .ARM.Collect$$rtexit$$00000000           0x000002d4   Section        2  rtexit.o(.ARM.Collect$$rtexit$$00000000)
    .ARM.Collect$$rtexit$$00000002           0x000002d6   Section        0  rtexit2.o(.ARM.Collect$$rtexit$$00000002)
    .ARM.Collect$$rtexit$$00000003           0x000002d6   Section        4  rtexit2.o(.ARM.Collect$$rtexit$$00000003)
    .ARM.Collect$$rtexit$$00000004           0x000002da   Section        6  rtexit2.o(.ARM.Collect$$rtexit$$00000004)
    .text                                    0x000002e0   Section       48  startup.o(.text)
    $v0                                      0x000002e0   Number         0  startup.o(.text)
    .text                                    0x00000310   Section      484  utils.o(.text)
    $v0                                      0x00000310   Number         0  utils.o(.text)
    .text                                    0x000004f4   Section      636  leds_and_displays.o(.text)
    $v0                                      0x000004f4   Number         0  leds_and_displays.o(.text)
    .text                                    0x00000770   Section      452  lcd.o(.text)
    $v0                                      0x00000770   Number         0  lcd.o(.text)
    .text                                    0x00000934   Section      444  matrix_keyboard.o(.text)
    $v0                                      0x00000934   Number         0  matrix_keyboard.o(.text)
    .text                                    0x00000af0   Section      316  sw1_and_sw2.o(.text)
    $v0                                      0x00000af0   Number         0  sw1_and_sw2.o(.text)
    .text                                    0x00000c2c   Section        0  atoi.o(.text)
    .text                                    0x00000c46   Section        0  heapauxi.o(.text)
    .text                                    0x00000c4c   Section        8  rt_errno_addr_intlibspace.o(.text)
    .text                                    0x00000c54   Section        0  strtol.o(.text)
    .text                                    0x00000cc4   Section        8  libspace.o(.text)
    .text                                    0x00000ccc   Section       16  rt_ctype_table.o(.text)
    .text                                    0x00000cdc   Section        0  _strtoul.o(.text)
    .text                                    0x00000d7a   Section       74  sys_stackheap_outer.o(.text)
    .text                                    0x00000dc4   Section        8  rt_locale_intlibspace.o(.text)
    .text                                    0x00000dcc   Section        0  _chval.o(.text)
    .text                                    0x00000de8   Section        0  exit.o(.text)
    .text                                    0x00000dfc   Section      128  strcmpv7m.o(.text)
    .text                                    0x00000e7c   Section        0  sys_exit.o(.text)
    .text                                    0x00000e88   Section        2  use_no_semi.o(.text)
    .text                                    0x00000e8a   Section        0  indicate_semi.o(.text)
    i.GPIOPortJ_Handler                      0x00000e8c   Section        0  main.o(i.GPIOPortJ_Handler)
    i.PortN_Output                           0x00000ea8   Section        0  leds_onboard.o(i.PortN_Output)
    i.Timer2A_Handler                        0x00000ec4   Section        0  main.o(i.Timer2A_Handler)
    i.UART_clear_terminal                    0x00000ef8   Section        0  uart.o(i.UART_clear_terminal)
    i.UART_init                              0x00000f0c   Section        0  uart.o(i.UART_init)
    i.UART_receive                           0x00000fec   Section        0  uart.o(i.UART_receive)
    i.UART_send                              0x00001008   Section        0  uart.o(i.UART_send)
    i.UART_send_str                          0x00001020   Section        0  uart.o(i.UART_send_str)
    i.decimalToChar                          0x00001038   Section        0  conversores.o(i.decimalToChar)
    i.leds_onboard_init                      0x0000104c   Section        0  leds_onboard.o(i.leds_onboard_init)
    i.main                                   0x00001098   Section        0  main.o(i.main)
    i.motor_clockwise_fullRotation           0x0000113c   Section        0  motor.o(i.motor_clockwise_fullRotation)
    i.motor_clockwise_halfRotation           0x00001190   Section        0  motor.o(i.motor_clockwise_halfRotation)
    i.motor_counterClockwise_fullRotation    0x00001214   Section        0  motor.o(i.motor_counterClockwise_fullRotation)
    i.motor_counterClockwise_halfRotation    0x00001268   Section        0  motor.o(i.motor_counterClockwise_halfRotation)
    i.motor_init                             0x000012ec   Section        0  motor.o(i.motor_init)
    i.runState_CC_FULL                       0x00001358   Section        0  main.o(i.runState_CC_FULL)
    i.runState_CC_HALF                       0x0000136c   Section        0  main.o(i.runState_CC_HALF)
    i.runState_CW_FULL                       0x00001380   Section        0  main.o(i.runState_CW_FULL)
    i.runState_CW_HALF                       0x00001394   Section        0  main.o(i.runState_CW_HALF)
    i.runState_END                           0x000013a8   Section        0  main.o(i.runState_END)
    i.runState_GET_INPUT                     0x000013dc   Section        0  main.o(i.runState_GET_INPUT)
    i.runState_INCREMENTS_ANGLES             0x000014a0   Section        0  main.o(i.runState_INCREMENTS_ANGLES)
    i.runState_INIT                          0x00001538   Section        0  main.o(i.runState_INIT)
    i.runState_INIT_CYCLE                    0x000015b8   Section        0  main.o(i.runState_INIT_CYCLE)
    i.runState_PRINT_TURN                    0x000016ac   Section        0  main.o(i.runState_PRINT_TURN)
    i.runState_UPDATE_LEDS                   0x000016d8   Section        0  main.o(i.runState_UPDATE_LEDS)
    i.runState_UPDATE_TURNS                  0x00001784   Section        0  main.o(i.runState_UPDATE_TURNS)
    i.stringToInt                            0x00001818   Section        0  conversores.o(i.stringToInt)
    i.timer_init                             0x00001828   Section        0  timer.o(i.timer_init)
    locale$$code                             0x000018c0   Section       44  lc_ctype_c.o(locale$$code)
    x$fpl$dadd                               0x000018ec   Section      336  daddsub_clz.o(x$fpl$dadd)
    $v0                                      0x000018ec   Number         0  daddsub_clz.o(x$fpl$dadd)
    _dadd1                                   0x000018fd   Thumb Code     0  daddsub_clz.o(x$fpl$dadd)
    x$fpl$dcmpinf                            0x00001a3c   Section       24  dcmpi.o(x$fpl$dcmpinf)
    $v0                                      0x00001a3c   Number         0  dcmpi.o(x$fpl$dcmpinf)
    x$fpl$dleqf                              0x00001a54   Section      120  dleqf.o(x$fpl$dleqf)
    $v0                                      0x00001a54   Number         0  dleqf.o(x$fpl$dleqf)
    x$fpl$dnaninf                            0x00001acc   Section      156  dnaninf.o(x$fpl$dnaninf)
    $v0                                      0x00001acc   Number         0  dnaninf.o(x$fpl$dnaninf)
    x$fpl$dretinf                            0x00001b68   Section       12  dretinf.o(x$fpl$dretinf)
    $v0                                      0x00001b68   Number         0  dretinf.o(x$fpl$dretinf)
    x$fpl$drleqf                             0x00001b74   Section      108  drleqf.o(x$fpl$drleqf)
    $v0                                      0x00001b74   Number         0  drleqf.o(x$fpl$drleqf)
    x$fpl$dsub                               0x00001be0   Section      468  daddsub_clz.o(x$fpl$dsub)
    $v0                                      0x00001be0   Number         0  daddsub_clz.o(x$fpl$dsub)
    _dsub1                                   0x00001bf1   Thumb Code     0  daddsub_clz.o(x$fpl$dsub)
    x$fpl$fpinit                             0x00001db4   Section       10  fpinit.o(x$fpl$fpinit)
    $v0                                      0x00001db4   Number         0  fpinit.o(x$fpl$fpinit)
    x$fpl$usenofp                            0x00001dbe   Section        0  usenofp.o(x$fpl$usenofp)
    .conststring                             0x00001dc0   Section      140  main.o(.conststring)
    locale$$data                             0x00001e6c   Section      272  lc_ctype_c.o(locale$$data)
    __lcctype_c_name                         0x00001e70   Data           2  lc_ctype_c.o(locale$$data)
    __lcctype_c_start                        0x00001e78   Data           0  lc_ctype_c.o(locale$$data)
    __lcctype_c_end                          0x00001f7c   Data           0  lc_ctype_c.o(locale$$data)
    .data                                    0x20000000   Section        3  main.o(.data)
    .bss                                     0x20000008   Section       40  main.o(.bss)
    .bss                                     0x20000030   Section       96  libspace.o(.bss)
    HEAP                                     0x20000090   Section        0  startup.o(HEAP)
    STACK                                    0x20000090   Section     1024  startup.o(STACK)
    HeapMem                                  0x20000090   Data           0  startup.o(HEAP)
    StackMem                                 0x20000090   Data           0  startup.o(STACK)

    Global Symbols

    Symbol Name                              Value     Ov Type        Size  Object(Section)

    BuildAttributes$$THM_ISAv4$E$P$D$K$B$S$7EM$VFPi3$EXTD16$VFPS$VFMA$PE$A:L22UL41UL21$X:L11$S22US41US21$IEEE1$IW$USESV6$~STKCKD$USESV7$~SHL$OSPACE$ROPI$EBA8$UX$STANDARDLIB$REQ8$EABIv2 0x00000000   Number         0  anon$$obj.o ABSOLUTE
    __ARM_use_no_argv                        0x00000000   Number         0  main.o ABSOLUTE
    __Vectors                                0x00000000   Data           0  startup.o(RESET)
    __ARM_exceptions_init                     - Undefined Weak Reference
    __alloca_initialize                       - Undefined Weak Reference
    __arm_fini_                               - Undefined Weak Reference
    __arm_preinit_                            - Undefined Weak Reference
    __cpp_initialize__aeabi_                  - Undefined Weak Reference
    __cxa_finalize                            - Undefined Weak Reference
    __sigvec_lookup                           - Undefined Weak Reference
    _atexit_init                              - Undefined Weak Reference
    _call_atexit_fns                          - Undefined Weak Reference
    _clock_init                               - Undefined Weak Reference
    _fp_trap_init                             - Undefined Weak Reference
    _fp_trap_shutdown                         - Undefined Weak Reference
    _get_lc_collate                           - Undefined Weak Reference
    _get_lc_monetary                          - Undefined Weak Reference
    _get_lc_numeric                           - Undefined Weak Reference
    _get_lc_time                              - Undefined Weak Reference
    _getenv_init                              - Undefined Weak Reference
    _handle_redirection                       - Undefined Weak Reference
    _init_alloc                               - Undefined Weak Reference
    _init_user_alloc                          - Undefined Weak Reference
    _initio                                   - Undefined Weak Reference
    _rand_init                                - Undefined Weak Reference
    _signal_finish                            - Undefined Weak Reference
    _signal_init                              - Undefined Weak Reference
    _terminate_alloc                          - Undefined Weak Reference
    _terminate_user_alloc                     - Undefined Weak Reference
    _terminateio                              - Undefined Weak Reference
    Reset_Handler                            0x00000209   Thumb Code     0  startup.o(RESET)
    NMI_Handler                              0x0000021d   Thumb Code     2  startup.o(RESET)
    HardFault_Handler                        0x0000021f   Thumb Code     2  startup.o(RESET)
    MemManage_Handler                        0x00000221   Thumb Code     2  startup.o(RESET)
    BusFault_Handler                         0x00000223   Thumb Code     2  startup.o(RESET)
    UsageFault_Handler                       0x00000225   Thumb Code     2  startup.o(RESET)
    SVC_Handler                              0x00000227   Thumb Code     2  startup.o(RESET)
    DebugMon_Handler                         0x00000229   Thumb Code     2  startup.o(RESET)
    PendSV_Handler                           0x0000022b   Thumb Code     2  startup.o(RESET)
    SysTick_Handler                          0x0000022d   Thumb Code     2  startup.o(RESET)
    ADC0Seq0_Handler                         0x0000022f   Thumb Code     0  startup.o(RESET)
    ADC0Seq1_Handler                         0x0000022f   Thumb Code     0  startup.o(RESET)
    ADC0Seq2_Handler                         0x0000022f   Thumb Code     0  startup.o(RESET)
    ADC0Seq3_Handler                         0x0000022f   Thumb Code     0  startup.o(RESET)
    ADC1Seq0_Handler                         0x0000022f   Thumb Code     0  startup.o(RESET)
    ADC1Seq1_Handler                         0x0000022f   Thumb Code     0  startup.o(RESET)
    ADC1Seq2_Handler                         0x0000022f   Thumb Code     0  startup.o(RESET)
    ADC1Seq3_Handler                         0x0000022f   Thumb Code     0  startup.o(RESET)
    CAN0_Handler                             0x0000022f   Thumb Code     0  startup.o(RESET)
    CAN1_Handler                             0x0000022f   Thumb Code     0  startup.o(RESET)
    Comp0_Handler                            0x0000022f   Thumb Code     0  startup.o(RESET)
    Comp1_Handler                            0x0000022f   Thumb Code     0  startup.o(RESET)
    Comp2_Handler                            0x0000022f   Thumb Code     0  startup.o(RESET)
    Ethernet_Handler                         0x0000022f   Thumb Code     0  startup.o(RESET)
    ExtBus_Handler                           0x0000022f   Thumb Code     0  startup.o(RESET)
    FPU_Handler                              0x0000022f   Thumb Code     0  startup.o(RESET)
    FlashCtl_Handler                         0x0000022f   Thumb Code     0  startup.o(RESET)
    GPIOPortA_Handler                        0x0000022f   Thumb Code     0  startup.o(RESET)
    GPIOPortB_Handler                        0x0000022f   Thumb Code     0  startup.o(RESET)
    GPIOPortC_Handler                        0x0000022f   Thumb Code     0  startup.o(RESET)
    GPIOPortD_Handler                        0x0000022f   Thumb Code     0  startup.o(RESET)
    GPIOPortE_Handler                        0x0000022f   Thumb Code     0  startup.o(RESET)
    GPIOPortF_Handler                        0x0000022f   Thumb Code     0  startup.o(RESET)
    GPIOPortG_Handler                        0x0000022f   Thumb Code     0  startup.o(RESET)
    GPIOPortH_Handler                        0x0000022f   Thumb Code     0  startup.o(RESET)
    GPIOPortK_Handler                        0x0000022f   Thumb Code     0  startup.o(RESET)
    GPIOPortL_Handler                        0x0000022f   Thumb Code     0  startup.o(RESET)
    GPIOPortM_Handler                        0x0000022f   Thumb Code     0  startup.o(RESET)
    GPIOPortN_Handler                        0x0000022f   Thumb Code     0  startup.o(RESET)
    GPIOPortP1_Handler                       0x0000022f   Thumb Code     0  startup.o(RESET)
    GPIOPortP2_Handler                       0x0000022f   Thumb Code     0  startup.o(RESET)
    GPIOPortP3_Handler                       0x0000022f   Thumb Code     0  startup.o(RESET)
    GPIOPortP4_Handler                       0x0000022f   Thumb Code     0  startup.o(RESET)
    GPIOPortP5_Handler                       0x0000022f   Thumb Code     0  startup.o(RESET)
    GPIOPortP6_Handler                       0x0000022f   Thumb Code     0  startup.o(RESET)
    GPIOPortP7_Handler                       0x0000022f   Thumb Code     0  startup.o(RESET)
    GPIOPortP_Handler                        0x0000022f   Thumb Code     0  startup.o(RESET)
    GPIOPortQ1_Handler                       0x0000022f   Thumb Code     0  startup.o(RESET)
    GPIOPortQ2_Handler                       0x0000022f   Thumb Code     0  startup.o(RESET)
    GPIOPortQ3_Handler                       0x0000022f   Thumb Code     0  startup.o(RESET)
    GPIOPortQ4_Handler                       0x0000022f   Thumb Code     0  startup.o(RESET)
    GPIOPortQ5_Handler                       0x0000022f   Thumb Code     0  startup.o(RESET)
    GPIOPortQ6_Handler                       0x0000022f   Thumb Code     0  startup.o(RESET)
    GPIOPortQ7_Handler                       0x0000022f   Thumb Code     0  startup.o(RESET)
    GPIOPortQ_Handler                        0x0000022f   Thumb Code     0  startup.o(RESET)
    Hibernate_Handler                        0x0000022f   Thumb Code     0  startup.o(RESET)
    I2C0_Handler                             0x0000022f   Thumb Code     0  startup.o(RESET)
    I2C1_Handler                             0x0000022f   Thumb Code     0  startup.o(RESET)
    I2C2_Handler                             0x0000022f   Thumb Code     0  startup.o(RESET)
    I2C3_Handler                             0x0000022f   Thumb Code     0  startup.o(RESET)
    I2C4_Handler                             0x0000022f   Thumb Code     0  startup.o(RESET)
    I2C5_Handler                             0x0000022f   Thumb Code     0  startup.o(RESET)
    I2C6_Handler                             0x0000022f   Thumb Code     0  startup.o(RESET)
    I2C7_Handler                             0x0000022f   Thumb Code     0  startup.o(RESET)
    I2C8_Handler                             0x0000022f   Thumb Code     0  startup.o(RESET)
    I2C9_Handler                             0x0000022f   Thumb Code     0  startup.o(RESET)
    PWM0Fault_Handler                        0x0000022f   Thumb Code     0  startup.o(RESET)
    PWM0Generator0_Handler                   0x0000022f   Thumb Code     0  startup.o(RESET)
    PWM0Generator1_Handler                   0x0000022f   Thumb Code     0  startup.o(RESET)
    PWM0Generator2_Handler                   0x0000022f   Thumb Code     0  startup.o(RESET)
    PWM0Generator3_Handler                   0x0000022f   Thumb Code     0  startup.o(RESET)
    Quadrature0_Handler                      0x0000022f   Thumb Code     0  startup.o(RESET)
    SSI0_Handler                             0x0000022f   Thumb Code     0  startup.o(RESET)
    SSI1_Handler                             0x0000022f   Thumb Code     0  startup.o(RESET)
    SSI2_Handler                             0x0000022f   Thumb Code     0  startup.o(RESET)
    SSI3_Handler                             0x0000022f   Thumb Code     0  startup.o(RESET)
    SysCtl_Handler                           0x0000022f   Thumb Code     0  startup.o(RESET)
    Tamper_Handler                           0x0000022f   Thumb Code     0  startup.o(RESET)
    Timer0A_Handler                          0x0000022f   Thumb Code     0  startup.o(RESET)
    Timer0B_Handler                          0x0000022f   Thumb Code     0  startup.o(RESET)
    Timer1A_Handler                          0x0000022f   Thumb Code     0  startup.o(RESET)
    Timer1B_Handler                          0x0000022f   Thumb Code     0  startup.o(RESET)
    Timer2B_Handler                          0x0000022f   Thumb Code     0  startup.o(RESET)
    Timer3A_Handler                          0x0000022f   Thumb Code     0  startup.o(RESET)
    Timer3B_Handler                          0x0000022f   Thumb Code     0  startup.o(RESET)
    Timer4A_Handler                          0x0000022f   Thumb Code     0  startup.o(RESET)
    Timer4B_Handler                          0x0000022f   Thumb Code     0  startup.o(RESET)
    Timer5A_Handler                          0x0000022f   Thumb Code     0  startup.o(RESET)
    Timer5B_Handler                          0x0000022f   Thumb Code     0  startup.o(RESET)
    Timer6A_Handler                          0x0000022f   Thumb Code     0  startup.o(RESET)
    Timer6B_Handler                          0x0000022f   Thumb Code     0  startup.o(RESET)
    Timer7A_Handler                          0x0000022f   Thumb Code     0  startup.o(RESET)
    Timer7B_Handler                          0x0000022f   Thumb Code     0  startup.o(RESET)
    UART0_Handler                            0x0000022f   Thumb Code     0  startup.o(RESET)
    UART1_Handler                            0x0000022f   Thumb Code     0  startup.o(RESET)
    UART2_Handler                            0x0000022f   Thumb Code     0  startup.o(RESET)
    UART3_Handler                            0x0000022f   Thumb Code     0  startup.o(RESET)
    UART4_Handler                            0x0000022f   Thumb Code     0  startup.o(RESET)
    UART5_Handler                            0x0000022f   Thumb Code     0  startup.o(RESET)
    UART6_Handler                            0x0000022f   Thumb Code     0  startup.o(RESET)
    UART7_Handler                            0x0000022f   Thumb Code     0  startup.o(RESET)
    USB0_Handler                             0x0000022f   Thumb Code     0  startup.o(RESET)
    WDT_Handler                              0x0000022f   Thumb Code     0  startup.o(RESET)
    uDMA_Error                               0x0000022f   Thumb Code     0  startup.o(RESET)
    uDMA_Handler                             0x0000022f   Thumb Code     0  startup.o(RESET)
    __main                                   0x00000231   Thumb Code     8  __main.o(!!!main)
    __scatterload                            0x00000239   Thumb Code     0  __scatter.o(!!!scatter)
    __scatterload_rt2                        0x00000239   Thumb Code    44  __scatter.o(!!!scatter)
    __scatterload_rt2_thumb_only             0x00000239   Thumb Code     0  __scatter.o(!!!scatter)
    __scatterload_null                       0x00000247   Thumb Code     0  __scatter.o(!!!scatter)
    __scatterload_copy                       0x0000026d   Thumb Code    26  __scatter_copy.o(!!handler_copy)
    __scatterload_zeroinit                   0x00000289   Thumb Code    28  __scatter_zi.o(!!handler_zi)
    __rt_lib_init                            0x000002a5   Thumb Code     0  libinit.o(.ARM.Collect$$libinit$$00000000)
    __rt_lib_init_fp_1                       0x000002a7   Thumb Code     0  libinit2.o(.ARM.Collect$$libinit$$00000001)
    __rt_lib_init_heap_1                     0x000002ab   Thumb Code     0  libinit2.o(.ARM.Collect$$libinit$$0000000A)
    __rt_lib_init_lc_common                  0x000002ab   Thumb Code     0  libinit2.o(.ARM.Collect$$libinit$$0000000F)
    __rt_lib_init_preinit_1                  0x000002ab   Thumb Code     0  libinit2.o(.ARM.Collect$$libinit$$00000004)
    __rt_lib_init_rand_1                     0x000002ab   Thumb Code     0  libinit2.o(.ARM.Collect$$libinit$$0000000E)
    __rt_lib_init_user_alloc_1               0x000002ab   Thumb Code     0  libinit2.o(.ARM.Collect$$libinit$$0000000C)
    __rt_lib_init_lc_collate_1               0x000002b1   Thumb Code     0  libinit2.o(.ARM.Collect$$libinit$$00000011)
    __rt_lib_init_lc_ctype_2                 0x000002b1   Thumb Code     0  libinit2.o(.ARM.Collect$$libinit$$00000012)
    __rt_lib_init_alloca_1                   0x000002bd   Thumb Code     0  libinit2.o(.ARM.Collect$$libinit$$0000002E)
    __rt_lib_init_argv_1                     0x000002bd   Thumb Code     0  libinit2.o(.ARM.Collect$$libinit$$0000002C)
    __rt_lib_init_atexit_1                   0x000002bd   Thumb Code     0  libinit2.o(.ARM.Collect$$libinit$$0000001B)
    __rt_lib_init_clock_1                    0x000002bd   Thumb Code     0  libinit2.o(.ARM.Collect$$libinit$$00000021)
    __rt_lib_init_cpp_1                      0x000002bd   Thumb Code     0  libinit2.o(.ARM.Collect$$libinit$$00000032)
    __rt_lib_init_exceptions_1               0x000002bd   Thumb Code     0  libinit2.o(.ARM.Collect$$libinit$$00000030)
    __rt_lib_init_fp_trap_1                  0x000002bd   Thumb Code     0  libinit2.o(.ARM.Collect$$libinit$$0000001F)
    __rt_lib_init_getenv_1                   0x000002bd   Thumb Code     0  libinit2.o(.ARM.Collect$$libinit$$00000023)
    __rt_lib_init_lc_ctype_1                 0x000002bd   Thumb Code     0  libinit2.o(.ARM.Collect$$libinit$$00000013)
    __rt_lib_init_lc_monetary_1              0x000002bd   Thumb Code     0  libinit2.o(.ARM.Collect$$libinit$$00000015)
    __rt_lib_init_lc_numeric_1               0x000002bd   Thumb Code     0  libinit2.o(.ARM.Collect$$libinit$$00000017)
    __rt_lib_init_lc_time_1                  0x000002bd   Thumb Code     0  libinit2.o(.ARM.Collect$$libinit$$00000019)
    __rt_lib_init_return                     0x000002bd   Thumb Code     0  libinit2.o(.ARM.Collect$$libinit$$00000033)
    __rt_lib_init_signal_1                   0x000002bd   Thumb Code     0  libinit2.o(.ARM.Collect$$libinit$$0000001D)
    __rt_lib_init_stdio_1                    0x000002bd   Thumb Code     0  libinit2.o(.ARM.Collect$$libinit$$00000025)
    __rt_lib_shutdown                        0x000002bf   Thumb Code     0  libshutdown.o(.ARM.Collect$$libshutdown$$00000000)
    __rt_lib_shutdown_cpp_1                  0x000002c1   Thumb Code     0  libshutdown2.o(.ARM.Collect$$libshutdown$$00000004)
    __rt_lib_shutdown_fini_1                 0x000002c1   Thumb Code     0  libshutdown2.o(.ARM.Collect$$libshutdown$$00000002)
    __rt_lib_shutdown_fp_trap_1              0x000002c1   Thumb Code     0  libshutdown2.o(.ARM.Collect$$libshutdown$$00000009)
    __rt_lib_shutdown_heap_1                 0x000002c1   Thumb Code     0  libshutdown2.o(.ARM.Collect$$libshutdown$$00000011)
    __rt_lib_shutdown_return                 0x000002c1   Thumb Code     0  libshutdown2.o(.ARM.Collect$$libshutdown$$00000012)
    __rt_lib_shutdown_signal_1               0x000002c1   Thumb Code     0  libshutdown2.o(.ARM.Collect$$libshutdown$$0000000C)
    __rt_lib_shutdown_stdio_1                0x000002c1   Thumb Code     0  libshutdown2.o(.ARM.Collect$$libshutdown$$00000006)
    __rt_lib_shutdown_user_alloc_1           0x000002c1   Thumb Code     0  libshutdown2.o(.ARM.Collect$$libshutdown$$0000000E)
    __rt_entry                               0x000002c3   Thumb Code     0  __rtentry.o(.ARM.Collect$$rtentry$$00000000)
    __rt_entry_presh_1                       0x000002c3   Thumb Code     0  __rtentry2.o(.ARM.Collect$$rtentry$$00000002)
    __rt_entry_sh                            0x000002c3   Thumb Code     0  __rtentry4.o(.ARM.Collect$$rtentry$$00000004)
    __rt_entry_li                            0x000002c9   Thumb Code     0  __rtentry2.o(.ARM.Collect$$rtentry$$0000000A)
    __rt_entry_postsh_1                      0x000002c9   Thumb Code     0  __rtentry2.o(.ARM.Collect$$rtentry$$00000009)
    __rt_entry_main                          0x000002cd   Thumb Code     0  __rtentry2.o(.ARM.Collect$$rtentry$$0000000D)
    __rt_entry_postli_1                      0x000002cd   Thumb Code     0  __rtentry2.o(.ARM.Collect$$rtentry$$0000000C)
    __rt_exit                                0x000002d5   Thumb Code     0  rtexit.o(.ARM.Collect$$rtexit$$00000000)
    __rt_exit_ls                             0x000002d7   Thumb Code     0  rtexit2.o(.ARM.Collect$$rtexit$$00000003)
    __rt_exit_prels_1                        0x000002d7   Thumb Code     0  rtexit2.o(.ARM.Collect$$rtexit$$00000002)
    __rt_exit_exit                           0x000002db   Thumb Code     0  rtexit2.o(.ARM.Collect$$rtexit$$00000004)
    DisableInterrupts                        0x000002e1   Thumb Code     0  startup.o(.text)
    EnableInterrupts                         0x000002e5   Thumb Code     0  startup.o(.text)
    StartCritical                            0x000002e9   Thumb Code     0  startup.o(.text)
    EndCritical                              0x000002f1   Thumb Code     0  startup.o(.text)
    WaitForInterrupt                         0x000002f7   Thumb Code     0  startup.o(.text)
    __user_initial_stackheap                 0x000002fb   Thumb Code     0  startup.o(.text)
    PLL_Init                                 0x00000311   Thumb Code     0  utils.o(.text)
    SysTick_Init                             0x00000439   Thumb Code     0  utils.o(.text)
    SysTick_Wait1ms                          0x00000473   Thumb Code     0  utils.o(.text)
    SysTick_Wait1us                          0x00000485   Thumb Code     0  utils.o(.text)
    LEDS_AND_DISPLAYS_init                   0x000004f5   Thumb Code     0  leds_and_displays.o(.text)
    select_leds                              0x00000605   Thumb Code     0  leds_and_displays.o(.text)
    select_dig_DS                            0x0000062f   Thumb Code     0  leds_and_displays.o(.text)
    turn_leds_ON                             0x000006bb   Thumb Code     0  leds_and_displays.o(.text)
    turn_DS1_ON                              0x000006d5   Thumb Code     0  leds_and_displays.o(.text)
    turn_DS2_ON                              0x000006ef   Thumb Code     0  leds_and_displays.o(.text)
    LCD_init                                 0x00000771   Thumb Code     0  lcd.o(.text)
    LCD_reset                                0x00000863   Thumb Code     0  lcd.o(.text)
    LCD_command                              0x00000881   Thumb Code     0  lcd.o(.text)
    LCD_write_data                           0x000008a9   Thumb Code     0  lcd.o(.text)
    LCD_print_string                         0x000008df   Thumb Code     0  lcd.o(.text)
    MKBOARD_init                             0x00000935   Thumb Code     0  matrix_keyboard.o(.text)
    MKBOARD_getCharPressed                   0x000009c7   Thumb Code     0  matrix_keyboard.o(.text)
    SW1_SW2_init                             0x00000af1   Thumb Code     0  sw1_and_sw2.o(.text)
    atoi                                     0x00000c2d   Thumb Code    26  atoi.o(.text)
    __use_two_region_memory                  0x00000c47   Thumb Code     2  heapauxi.o(.text)
    __rt_heap_escrow$2region                 0x00000c49   Thumb Code     2  heapauxi.o(.text)
    __rt_heap_expand$2region                 0x00000c4b   Thumb Code     2  heapauxi.o(.text)
    __aeabi_errno_addr                       0x00000c4d   Thumb Code     8  rt_errno_addr_intlibspace.o(.text)
    __errno$intlibspace                      0x00000c4d   Thumb Code     0  rt_errno_addr_intlibspace.o(.text)
    __rt_errno_addr$intlibspace              0x00000c4d   Thumb Code     0  rt_errno_addr_intlibspace.o(.text)
    strtol                                   0x00000c55   Thumb Code   112  strtol.o(.text)
    __user_libspace                          0x00000cc5   Thumb Code     8  libspace.o(.text)
    __user_perproc_libspace                  0x00000cc5   Thumb Code     0  libspace.o(.text)
    __user_perthread_libspace                0x00000cc5   Thumb Code     0  libspace.o(.text)
    __rt_ctype_table                         0x00000ccd   Thumb Code    16  rt_ctype_table.o(.text)
    _strtoul                                 0x00000cdd   Thumb Code   158  _strtoul.o(.text)
    __user_setup_stackheap                   0x00000d7b   Thumb Code    74  sys_stackheap_outer.o(.text)
    __rt_locale                              0x00000dc5   Thumb Code     8  rt_locale_intlibspace.o(.text)
    _chval                                   0x00000dcd   Thumb Code    28  _chval.o(.text)
    exit                                     0x00000de9   Thumb Code    18  exit.o(.text)
    strcmp                                   0x00000dfd   Thumb Code   128  strcmpv7m.o(.text)
    _sys_exit                                0x00000e7d   Thumb Code     8  sys_exit.o(.text)
    __I$use$semihosting                      0x00000e89   Thumb Code     0  use_no_semi.o(.text)
    __use_no_semihosting_swi                 0x00000e89   Thumb Code     2  use_no_semi.o(.text)
    __semihosting_library_function           0x00000e8b   Thumb Code     0  indicate_semi.o(.text)
    GPIOPortJ_Handler                        0x00000e8d   Thumb Code    20  main.o(i.GPIOPortJ_Handler)
    PortN_Output                             0x00000ea9   Thumb Code    18  leds_onboard.o(i.PortN_Output)
    Timer2A_Handler                          0x00000ec5   Thumb Code    42  main.o(i.Timer2A_Handler)
    UART_clear_terminal                      0x00000ef9   Thumb Code    10  uart.o(i.UART_clear_terminal)
    UART_init                                0x00000f0d   Thumb Code   198  uart.o(i.UART_init)
    UART_receive                             0x00000fed   Thumb Code    24  uart.o(i.UART_receive)
    UART_send                                0x00001009   Thumb Code    20  uart.o(i.UART_send)
    UART_send_str                            0x00001021   Thumb Code    24  uart.o(i.UART_send_str)
    decimalToChar                            0x00001039   Thumb Code    18  conversores.o(i.decimalToChar)
    leds_onboard_init                        0x0000104d   Thumb Code    58  leds_onboard.o(i.leds_onboard_init)
    main                                     0x00001099   Thumb Code   160  main.o(i.main)
    motor_clockwise_fullRotation             0x0000113d   Thumb Code    74  motor.o(i.motor_clockwise_fullRotation)
    motor_clockwise_halfRotation             0x00001191   Thumb Code   122  motor.o(i.motor_clockwise_halfRotation)
    motor_counterClockwise_fullRotation      0x00001215   Thumb Code    74  motor.o(i.motor_counterClockwise_fullRotation)
    motor_counterClockwise_halfRotation      0x00001269   Thumb Code   122  motor.o(i.motor_counterClockwise_halfRotation)
    motor_init                               0x000012ed   Thumb Code    90  motor.o(i.motor_init)
    runState_CC_FULL                         0x00001359   Thumb Code    14  main.o(i.runState_CC_FULL)
    runState_CC_HALF                         0x0000136d   Thumb Code    14  main.o(i.runState_CC_HALF)
    runState_CW_FULL                         0x00001381   Thumb Code    14  main.o(i.runState_CW_FULL)
    runState_CW_HALF                         0x00001395   Thumb Code    14  main.o(i.runState_CW_HALF)
    runState_END                             0x000013a9   Thumb Code    40  main.o(i.runState_END)
    runState_GET_INPUT                       0x000013dd   Thumb Code   140  main.o(i.runState_GET_INPUT)
    runState_INCREMENTS_ANGLES               0x000014a1   Thumb Code   130  main.o(i.runState_INCREMENTS_ANGLES)
    runState_INIT                            0x00001539   Thumb Code    62  main.o(i.runState_INIT)
    runState_INIT_CYCLE                      0x000015b9   Thumb Code   118  main.o(i.runState_INIT_CYCLE)
    runState_PRINT_TURN                      0x000016ad   Thumb Code    30  main.o(i.runState_PRINT_TURN)
    runState_UPDATE_LEDS                     0x000016d9   Thumb Code   150  main.o(i.runState_UPDATE_LEDS)
    runState_UPDATE_TURNS                    0x00001785   Thumb Code   128  main.o(i.runState_UPDATE_TURNS)
    stringToInt                              0x00001819   Thumb Code    16  conversores.o(i.stringToInt)
    timer_init                               0x00001829   Thumb Code   128  timer.o(i.timer_init)
    _get_lc_ctype                            0x000018c1   Thumb Code    44  lc_ctype_c.o(locale$$code)
    __aeabi_dadd                             0x000018ed   Thumb Code     0  daddsub_clz.o(x$fpl$dadd)
    _dadd                                    0x000018ed   Thumb Code   332  daddsub_clz.o(x$fpl$dadd)
    __fpl_dcmp_Inf                           0x00001a3d   Thumb Code    24  dcmpi.o(x$fpl$dcmpinf)
    __aeabi_cdcmple                          0x00001a55   Thumb Code     0  dleqf.o(x$fpl$dleqf)
    _dcmple                                  0x00001a55   Thumb Code   120  dleqf.o(x$fpl$dleqf)
    __fpl_dcmple_InfNaN                      0x00001ab7   Thumb Code     0  dleqf.o(x$fpl$dleqf)
    __fpl_dnaninf                            0x00001acd   Thumb Code   156  dnaninf.o(x$fpl$dnaninf)
    __fpl_dretinf                            0x00001b69   Thumb Code    12  dretinf.o(x$fpl$dretinf)
    __aeabi_cdrcmple                         0x00001b75   Thumb Code     0  drleqf.o(x$fpl$drleqf)
    _drcmple                                 0x00001b75   Thumb Code   108  drleqf.o(x$fpl$drleqf)
    __aeabi_dsub                             0x00001be1   Thumb Code     0  daddsub_clz.o(x$fpl$dsub)
    _dsub                                    0x00001be1   Thumb Code   464  daddsub_clz.o(x$fpl$dsub)
    _fp_init                                 0x00001db5   Thumb Code    10  fpinit.o(x$fpl$fpinit)
    __fplib_config_fpu_vfp                   0x00001dbd   Thumb Code     0  fpinit.o(x$fpl$fpinit)
    __fplib_config_pureend_doubles           0x00001dbd   Thumb Code     0  fpinit.o(x$fpl$fpinit)
    __I$use$fp                               0x00001dbe   Number         0  usenofp.o(x$fpl$usenofp)
    Region$$Table$$Base                      0x00001e4c   Number         0  anon$$obj.o(Region$$Table)
    Region$$Table$$Limit                     0x00001e6c   Number         0  anon$$obj.o(Region$$Table)
    __ctype                                  0x00001e79   Data           0  lc_ctype_c.o(locale$$data)
    state                                    0x20000000   Data           1  main.o(.data)
    led_onboard_on                           0x20000001   Data           1  main.o(.data)
    interrupt_cycle                          0x20000002   Data           1  main.o(.data)
    motor                                    0x20000008   Data          24  main.o(.bss)
    leds                                     0x20000020   Data          16  main.o(.bss)
    __libspace_start                         0x20000030   Data          96  libspace.o(.bss)
    __temporary_stack_top$libspace           0x20000090   Data           0  libspace.o(.bss)



==============================================================================

Memory Map of the image

  Image Entry point : 0x00000209

  Load Region LR_1 (Base: 0x00000000, Size: 0x00001f80, Max: 0xffffffff, ABSOLUTE)

    Execution Region ER_RO (Exec base: 0x00000000, Load base: 0x00000000, Size: 0x00001f7c, Max: 0xffffffff, ABSOLUTE)

    Exec Addr    Load Addr    Size         Type   Attr      Idx    E Section Name        Object

    0x00000000   0x00000000   0x00000230   Code   RO            3  * RESET               startup.o
    0x00000230   0x00000230   0x00000008   Code   RO          307  * !!!main             c_w.l(__main.o)
    0x00000238   0x00000238   0x00000034   Code   RO          506    !!!scatter          c_w.l(__scatter.o)
    0x0000026c   0x0000026c   0x0000001a   Code   RO          508    !!handler_copy      c_w.l(__scatter_copy.o)
    0x00000286   0x00000286   0x00000002   PAD
    0x00000288   0x00000288   0x0000001c   Code   RO          510    !!handler_zi        c_w.l(__scatter_zi.o)
    0x000002a4   0x000002a4   0x00000002   Code   RO          375    .ARM.Collect$$libinit$$00000000  c_w.l(libinit.o)
    0x000002a6   0x000002a6   0x00000004   Code   RO          380    .ARM.Collect$$libinit$$00000001  c_w.l(libinit2.o)
    0x000002aa   0x000002aa   0x00000000   Code   RO          383    .ARM.Collect$$libinit$$00000004  c_w.l(libinit2.o)
    0x000002aa   0x000002aa   0x00000000   Code   RO          386    .ARM.Collect$$libinit$$0000000A  c_w.l(libinit2.o)
    0x000002aa   0x000002aa   0x00000000   Code   RO          388    .ARM.Collect$$libinit$$0000000C  c_w.l(libinit2.o)
    0x000002aa   0x000002aa   0x00000000   Code   RO          390    .ARM.Collect$$libinit$$0000000E  c_w.l(libinit2.o)
    0x000002aa   0x000002aa   0x00000006   Code   RO          391    .ARM.Collect$$libinit$$0000000F  c_w.l(libinit2.o)
    0x000002b0   0x000002b0   0x00000000   Code   RO          393    .ARM.Collect$$libinit$$00000011  c_w.l(libinit2.o)
    0x000002b0   0x000002b0   0x0000000c   Code   RO          394    .ARM.Collect$$libinit$$00000012  c_w.l(libinit2.o)
    0x000002bc   0x000002bc   0x00000000   Code   RO          395    .ARM.Collect$$libinit$$00000013  c_w.l(libinit2.o)
    0x000002bc   0x000002bc   0x00000000   Code   RO          397    .ARM.Collect$$libinit$$00000015  c_w.l(libinit2.o)
    0x000002bc   0x000002bc   0x00000000   Code   RO          399    .ARM.Collect$$libinit$$00000017  c_w.l(libinit2.o)
    0x000002bc   0x000002bc   0x00000000   Code   RO          401    .ARM.Collect$$libinit$$00000019  c_w.l(libinit2.o)
    0x000002bc   0x000002bc   0x00000000   Code   RO          403    .ARM.Collect$$libinit$$0000001B  c_w.l(libinit2.o)
    0x000002bc   0x000002bc   0x00000000   Code   RO          405    .ARM.Collect$$libinit$$0000001D  c_w.l(libinit2.o)
    0x000002bc   0x000002bc   0x00000000   Code   RO          407    .ARM.Collect$$libinit$$0000001F  c_w.l(libinit2.o)
    0x000002bc   0x000002bc   0x00000000   Code   RO          409    .ARM.Collect$$libinit$$00000021  c_w.l(libinit2.o)
    0x000002bc   0x000002bc   0x00000000   Code   RO          411    .ARM.Collect$$libinit$$00000023  c_w.l(libinit2.o)
    0x000002bc   0x000002bc   0x00000000   Code   RO          413    .ARM.Collect$$libinit$$00000025  c_w.l(libinit2.o)
    0x000002bc   0x000002bc   0x00000000   Code   RO          417    .ARM.Collect$$libinit$$0000002C  c_w.l(libinit2.o)
    0x000002bc   0x000002bc   0x00000000   Code   RO          419    .ARM.Collect$$libinit$$0000002E  c_w.l(libinit2.o)
    0x000002bc   0x000002bc   0x00000000   Code   RO          421    .ARM.Collect$$libinit$$00000030  c_w.l(libinit2.o)
    0x000002bc   0x000002bc   0x00000000   Code   RO          423    .ARM.Collect$$libinit$$00000032  c_w.l(libinit2.o)
    0x000002bc   0x000002bc   0x00000002   Code   RO          424    .ARM.Collect$$libinit$$00000033  c_w.l(libinit2.o)
    0x000002be   0x000002be   0x00000002   Code   RO          444    .ARM.Collect$$libshutdown$$00000000  c_w.l(libshutdown.o)
    0x000002c0   0x000002c0   0x00000000   Code   RO          457    .ARM.Collect$$libshutdown$$00000002  c_w.l(libshutdown2.o)
    0x000002c0   0x000002c0   0x00000000   Code   RO          459    .ARM.Collect$$libshutdown$$00000004  c_w.l(libshutdown2.o)
    0x000002c0   0x000002c0   0x00000000   Code   RO          461    .ARM.Collect$$libshutdown$$00000006  c_w.l(libshutdown2.o)
    0x000002c0   0x000002c0   0x00000000   Code   RO          464    .ARM.Collect$$libshutdown$$00000009  c_w.l(libshutdown2.o)
    0x000002c0   0x000002c0   0x00000000   Code   RO          467    .ARM.Collect$$libshutdown$$0000000C  c_w.l(libshutdown2.o)
    0x000002c0   0x000002c0   0x00000000   Code   RO          469    .ARM.Collect$$libshutdown$$0000000E  c_w.l(libshutdown2.o)
    0x000002c0   0x000002c0   0x00000000   Code   RO          472    .ARM.Collect$$libshutdown$$00000011  c_w.l(libshutdown2.o)
    0x000002c0   0x000002c0   0x00000002   Code   RO          473    .ARM.Collect$$libshutdown$$00000012  c_w.l(libshutdown2.o)
    0x000002c2   0x000002c2   0x00000000   Code   RO          317    .ARM.Collect$$rtentry$$00000000  c_w.l(__rtentry.o)
    0x000002c2   0x000002c2   0x00000000   Code   RO          336    .ARM.Collect$$rtentry$$00000002  c_w.l(__rtentry2.o)
    0x000002c2   0x000002c2   0x00000006   Code   RO          348    .ARM.Collect$$rtentry$$00000004  c_w.l(__rtentry4.o)
    0x000002c8   0x000002c8   0x00000000   Code   RO          338    .ARM.Collect$$rtentry$$00000009  c_w.l(__rtentry2.o)
    0x000002c8   0x000002c8   0x00000004   Code   RO          339    .ARM.Collect$$rtentry$$0000000A  c_w.l(__rtentry2.o)
    0x000002cc   0x000002cc   0x00000000   Code   RO          341    .ARM.Collect$$rtentry$$0000000C  c_w.l(__rtentry2.o)
    0x000002cc   0x000002cc   0x00000008   Code   RO          342    .ARM.Collect$$rtentry$$0000000D  c_w.l(__rtentry2.o)
    0x000002d4   0x000002d4   0x00000002   Code   RO          376    .ARM.Collect$$rtexit$$00000000  c_w.l(rtexit.o)
    0x000002d6   0x000002d6   0x00000000   Code   RO          426    .ARM.Collect$$rtexit$$00000002  c_w.l(rtexit2.o)
    0x000002d6   0x000002d6   0x00000004   Code   RO          427    .ARM.Collect$$rtexit$$00000003  c_w.l(rtexit2.o)
    0x000002da   0x000002da   0x00000006   Code   RO          428    .ARM.Collect$$rtexit$$00000004  c_w.l(rtexit2.o)
    0x000002e0   0x000002e0   0x00000030   Code   RO            4    .text               startup.o
    0x00000310   0x00000310   0x000001e4   Code   RO           12    .text               utils.o
    0x000004f4   0x000004f4   0x0000027c   Code   RO          163    .text               leds_and_displays.o
    0x00000770   0x00000770   0x000001c4   Code   RO          166    .text               lcd.o
    0x00000934   0x00000934   0x000001bc   Code   RO          169    .text               matrix_keyboard.o
    0x00000af0   0x00000af0   0x0000013c   Code   RO          274    .text               sw1_and_sw2.o
    0x00000c2c   0x00000c2c   0x0000001a   Code   RO          303    .text               c_w.l(atoi.o)
    0x00000c46   0x00000c46   0x00000006   Code   RO          305    .text               c_w.l(heapauxi.o)
    0x00000c4c   0x00000c4c   0x00000008   Code   RO          321    .text               c_w.l(rt_errno_addr_intlibspace.o)
    0x00000c54   0x00000c54   0x00000070   Code   RO          323    .text               c_w.l(strtol.o)
    0x00000cc4   0x00000cc4   0x00000008   Code   RO          332    .text               c_w.l(libspace.o)
    0x00000ccc   0x00000ccc   0x00000010   Code   RO          350    .text               c_w.l(rt_ctype_table.o)
    0x00000cdc   0x00000cdc   0x0000009e   Code   RO          352    .text               c_w.l(_strtoul.o)
    0x00000d7a   0x00000d7a   0x0000004a   Code   RO          356    .text               c_w.l(sys_stackheap_outer.o)
    0x00000dc4   0x00000dc4   0x00000008   Code   RO          361    .text               c_w.l(rt_locale_intlibspace.o)
    0x00000dcc   0x00000dcc   0x0000001c   Code   RO          363    .text               c_w.l(_chval.o)
    0x00000de8   0x00000de8   0x00000012   Code   RO          368    .text               c_w.l(exit.o)
    0x00000dfa   0x00000dfa   0x00000002   PAD
    0x00000dfc   0x00000dfc   0x00000080   Code   RO          378    .text               c_w.l(strcmpv7m.o)
    0x00000e7c   0x00000e7c   0x0000000c   Code   RO          436    .text               c_w.l(sys_exit.o)
    0x00000e88   0x00000e88   0x00000002   Code   RO          447    .text               c_w.l(use_no_semi.o)
    0x00000e8a   0x00000e8a   0x00000000   Code   RO          449    .text               c_w.l(indicate_semi.o)
    0x00000e8a   0x00000e8a   0x00000002   PAD
    0x00000e8c   0x00000e8c   0x0000001c   Code   RO           15    i.GPIOPortJ_Handler  main.o
    0x00000ea8   0x00000ea8   0x0000001c   Code   RO          172    i.PortN_Output      leds_onboard.o
    0x00000ec4   0x00000ec4   0x00000034   Code   RO           16    i.Timer2A_Handler   main.o
    0x00000ef8   0x00000ef8   0x00000014   Code   RO          202    i.UART_clear_terminal  uart.o
    0x00000f0c   0x00000f0c   0x000000e0   Code   RO          203    i.UART_init         uart.o
    0x00000fec   0x00000fec   0x0000001c   Code   RO          204    i.UART_receive      uart.o
    0x00001008   0x00001008   0x00000018   Code   RO          205    i.UART_send         uart.o
    0x00001020   0x00001020   0x00000018   Code   RO          206    i.UART_send_str     uart.o
    0x00001038   0x00001038   0x00000012   Code   RO          278    i.decimalToChar     conversores.o
    0x0000104a   0x0000104a   0x00000002   PAD
    0x0000104c   0x0000104c   0x0000004c   Code   RO          173    i.leds_onboard_init  leds_onboard.o
    0x00001098   0x00001098   0x000000a4   Code   RO           17    i.main              main.o
    0x0000113c   0x0000113c   0x00000054   Code   RO          238    i.motor_clockwise_fullRotation  motor.o
    0x00001190   0x00001190   0x00000084   Code   RO          239    i.motor_clockwise_halfRotation  motor.o
    0x00001214   0x00001214   0x00000054   Code   RO          240    i.motor_counterClockwise_fullRotation  motor.o
    0x00001268   0x00001268   0x00000084   Code   RO          241    i.motor_counterClockwise_halfRotation  motor.o
    0x000012ec   0x000012ec   0x0000006c   Code   RO          242    i.motor_init        motor.o
    0x00001358   0x00001358   0x00000014   Code   RO           18    i.runState_CC_FULL  main.o
    0x0000136c   0x0000136c   0x00000014   Code   RO           19    i.runState_CC_HALF  main.o
    0x00001380   0x00001380   0x00000014   Code   RO           20    i.runState_CW_FULL  main.o
    0x00001394   0x00001394   0x00000014   Code   RO           21    i.runState_CW_HALF  main.o
    0x000013a8   0x000013a8   0x00000034   Code   RO           22    i.runState_END      main.o
    0x000013dc   0x000013dc   0x000000c4   Code   RO           23    i.runState_GET_INPUT  main.o
    0x000014a0   0x000014a0   0x00000098   Code   RO           24    i.runState_INCREMENTS_ANGLES  main.o
    0x00001538   0x00001538   0x00000080   Code   RO           25    i.runState_INIT     main.o
    0x000015b8   0x000015b8   0x000000f4   Code   RO           26    i.runState_INIT_CYCLE  main.o
    0x000016ac   0x000016ac   0x0000002c   Code   RO           27    i.runState_PRINT_TURN  main.o
    0x000016d8   0x000016d8   0x000000ac   Code   RO           28    i.runState_UPDATE_LEDS  main.o
    0x00001784   0x00001784   0x00000094   Code   RO           29    i.runState_UPDATE_TURNS  main.o
    0x00001818   0x00001818   0x00000010   Code   RO          279    i.stringToInt       conversores.o
    0x00001828   0x00001828   0x00000098   Code   RO          190    i.timer_init        timer.o
    0x000018c0   0x000018c0   0x0000002c   Code   RO          366    locale$$code        c_w.l(lc_ctype_c.o)
    0x000018ec   0x000018ec   0x00000150   Code   RO          309    x$fpl$dadd          fz_wm.l(daddsub_clz.o)
    0x00001a3c   0x00001a3c   0x00000018   Code   RO          354    x$fpl$dcmpinf       fz_wm.l(dcmpi.o)
    0x00001a54   0x00001a54   0x00000078   Code   RO          325    x$fpl$dleqf         fz_wm.l(dleqf.o)
    0x00001acc   0x00001acc   0x0000009c   Code   RO          327    x$fpl$dnaninf       fz_wm.l(dnaninf.o)
    0x00001b68   0x00001b68   0x0000000c   Code   RO          329    x$fpl$dretinf       fz_wm.l(dretinf.o)
    0x00001b74   0x00001b74   0x0000006c   Code   RO          315    x$fpl$drleqf        fz_wm.l(drleqf.o)
    0x00001be0   0x00001be0   0x000001d4   Code   RO          311    x$fpl$dsub          fz_wm.l(daddsub_clz.o)
    0x00001db4   0x00001db4   0x0000000a   Code   RO          434    x$fpl$fpinit        fz_wm.l(fpinit.o)
    0x00001dbe   0x00001dbe   0x00000000   Code   RO          331    x$fpl$usenofp       fz_wm.l(usenofp.o)
    0x00001dbe   0x00001dbe   0x00000002   PAD
    0x00001dc0   0x00001dc0   0x0000008c   Data   RO           31    .conststring        main.o
    0x00001e4c   0x00001e4c   0x00000020   Data   RO          504    Region$$Table       anon$$obj.o
    0x00001e6c   0x00001e6c   0x00000110   Data   RO          365    locale$$data        c_w.l(lc_ctype_c.o)


    Execution Region ER_RW (Exec base: 0x20000000, Load base: 0x00001f7c, Size: 0x00000004, Max: 0xffffffff, ABSOLUTE)

    Exec Addr    Load Addr    Size         Type   Attr      Idx    E Section Name        Object

    0x20000000   0x00001f7c   0x00000003   Data   RW           32    .data               main.o


    Execution Region ER_ZI (Exec base: 0x20000004, Load base: 0x00001f80, Size: 0x0000048c, Max: 0xffffffff, ABSOLUTE)

    Exec Addr    Load Addr    Size         Type   Attr      Idx    E Section Name        Object

    0x20000004   0x00001f80   0x00000004   PAD
    0x20000008        -       0x00000028   Zero   RW           30    .bss                main.o
    0x20000030        -       0x00000060   Zero   RW          333    .bss                c_w.l(libspace.o)
    0x20000090        -       0x00000000   Zero   RW            2    HEAP                startup.o
    0x20000090        -       0x00000400   Zero   RW            1    STACK               startup.o


==============================================================================

Image component sizes


      Code (inc. data)   RO Data    RW Data    ZI Data      Debug   Object Name

        34          0          0          0          0       1302   conversores.o
       452         56          0          0          0        444   lcd.o
       636        104          0          0          0        544   leds_and_displays.o
       104         28          0          0          0       1147   leds_onboard.o
      1460        396        140          3         40      14851   main.o
       444         62          0          0          0        480   matrix_keyboard.o
       540         58          0          0          0       2995   motor.o
       608        532          0          0       1024       1032   startup.o
       316         60          0          0          0        400   sw1_and_sw2.o
       152         24          0          0          0        557   timer.o
       320         44          0          0          0       2885   uart.o
       484         92          0          0          0        380   utils.o

    ----------------------------------------------------------------------
      5552       1456        172          4       1068      27017   Object Totals
         0          0         32          0          0          0   (incl. Generated)
         2          0          0          1          4          0   (incl. Padding)

    ----------------------------------------------------------------------

      Code (inc. data)   RO Data    RW Data    ZI Data      Debug   Library Member Name

         8          0          0          0          0         68   __main.o
         0          0          0          0          0          0   __rtentry.o
        12          0          0          0          0          0   __rtentry2.o
         6          0          0          0          0          0   __rtentry4.o
        52          8          0          0          0          0   __scatter.o
        26          0          0          0          0          0   __scatter_copy.o
        28          0          0          0          0          0   __scatter_zi.o
        28          0          0          0          0         68   _chval.o
       158          0          0          0          0         92   _strtoul.o
        26          0          0          0          0         80   atoi.o
        18          0          0          0          0         80   exit.o
         6          0          0          0          0        152   heapauxi.o
         0          0          0          0          0          0   indicate_semi.o
        44         10        272          0          0         76   lc_ctype_c.o
         2          0          0          0          0          0   libinit.o
        24          0          0          0          0          0   libinit2.o
         2          0          0          0          0          0   libshutdown.o
         2          0          0          0          0          0   libshutdown2.o
         8          4          0          0         96         68   libspace.o
        16          4          0          0          0         76   rt_ctype_table.o
         8          4          0          0          0         68   rt_errno_addr_intlibspace.o
         8          4          0          0          0         68   rt_locale_intlibspace.o
         2          0          0          0          0          0   rtexit.o
        10          0          0          0          0          0   rtexit2.o
       128          0          0          0          0         68   strcmpv7m.o
       112          0          0          0          0         88   strtol.o
        12          4          0          0          0         68   sys_exit.o
        74          0          0          0          0         80   sys_stackheap_outer.o
         2          0          0          0          0         68   use_no_semi.o
       804         16          0          0          0        368   daddsub_clz.o
        24          0          0          0          0        116   dcmpi.o
       120          4          0          0          0        140   dleqf.o
       156          4          0          0          0        140   dnaninf.o
        12          0          0          0          0        116   dretinf.o
       108          0          0          0          0        128   drleqf.o
        10          0          0          0          0        116   fpinit.o
         0          0          0          0          0          0   usenofp.o

    ----------------------------------------------------------------------
      2064         62        272          0         96       2392   Library Totals
         8          0          0          0          0          0   (incl. Padding)

    ----------------------------------------------------------------------

      Code (inc. data)   RO Data    RW Data    ZI Data      Debug   Library Name

       822         38        272          0         96       1268   c_w.l
      1234         24          0          0          0       1124   fz_wm.l

    ----------------------------------------------------------------------
      2064         62        272          0         96       2392   Library Totals

    ----------------------------------------------------------------------

==============================================================================


      Code (inc. data)   RO Data    RW Data    ZI Data      Debug   

      7616       1518        444          4       1164      25585   Grand Totals
      7616       1518        444          4       1164      25585   ELF Image Totals
      7616       1518        444          4          0          0   ROM Totals

==============================================================================

    Total RO  Size (Code + RO Data)                 8060 (   7.87kB)
    Total RW  Size (RW Data + ZI Data)              1168 (   1.14kB)
    Total ROM Size (Code + RO Data + RW Data)       8064 (   7.88kB)

==============================================================================

