


ARM Macro Assembler    Page 1 


    1 00000000         ; ------------------------------------------------------
                       -------------------------
    2 00000000                 THUMB                        ; Instruções do tip
                                                            o Thumb-2
    3 00000000         ; ------------------------------------------------------
                       -------------------------
    4 00000000         ; Declarações EQU - Defines
    5 00000000         ; ========================
    6 00000000         ; Constantes
    7 00000000 00000000 
                       STATE_OPEN
                               EQU              0
    8 00000000 00000001 
                       STATE_OPENING
                               EQU              1
    9 00000000 00000002 
                       STATE_CLOSED
                               EQU              2
   10 00000000 00000003 
                       STATE_CLOSING
                               EQU              3
   11 00000000 00000004 
                       STATE_BLOCKED
                               EQU              4
   12 00000000         ; ========================
   13 00000000         ; Ponteiros
   14 00000000 20000000 
                       ARRAY_PW_OPEN
                               EQU              0x20000000
   15 00000000 20000010 
                       ARRAY_PW_CLOSED
                               EQU              0x20000010
   16 00000000 20000020 
                       ARRAY_PW_BLOCKED
                               EQU              0x20000020
   17 00000000 20000030 
                       ARRAY_PW_MASTER
                               EQU              0x20000030
   18 00000000 20000040 
                       SW1_STATE_PTR
                               EQU              0x20000040
   19 00000000         ; ========================
   20 00000000         ; Registradores
   21 00000000        C 
                       LCD_CURR_STR
                               RN               R12
   22 00000000        B 
                       LCD_DATA_PTR
                               RN               R11
   23 00000000        A 
                       STATE   RN               R10
   24 00000000        9 
                       PW_OPEN_PTR
                               RN               R9
   25 00000000        9 
                       PW_CLOSED_PTR
                               RN               R9
   26 00000000        9 
                       PW_BLOCKED_PTR



ARM Macro Assembler    Page 2 


                               RN               R9
   27 00000000        8 
                       ATTEMPTS
                               RN               R8
   28 00000000        8 
                       LED_COUNT
                               RN               R8
   29 00000000         ; ========================
   30 00000000         ; Definições do LCD
   31 00000000 000000FF 
                       PORTK_LCD_DATA
                               EQU              2_11111111
   32 00000000 00000001 
                       PORTM_LCD_RS
                               EQU              2_00000001
   33 00000000 00000002 
                       PORTM_LCD_RW
                               EQU              2_00000010
   34 00000000 00000004 
                       PORTM_LCD_EN
                               EQU              2_00000100
   35 00000000         ; ========================
   36 00000000         ; Definições do Keypad
   37 00000000 00000001 
                       PORTL_L1
                               EQU              2_00000001
   38 00000000 00000002 
                       PORTL_L2
                               EQU              2_00000010
   39 00000000 00000004 
                       PORTL_L3
                               EQU              2_00000100
   40 00000000 00000008 
                       PORTL_L4
                               EQU              2_00001000
   41 00000000 0000000F 
                       PORTL_L EQU              2_00001111
   42 00000000 00000010 
                       PORTM_C1
                               EQU              2_00010000
   43 00000000 00000020 
                       PORTM_C2
                               EQU              2_00100000
   44 00000000 00000040 
                       PORTM_C3
                               EQU              2_01000000
   45 00000000 00000080 
                       PORTM_C4
                               EQU              2_10000000
   46 00000000 000000F0 
                       PORTM_C EQU              2_11110000
   47 00000000         ; ========================
   48 00000000         ; Definições dos Registradores Gerais
   49 00000000 400FE608 
                       SYSCTL_RCGCGPIO_R
                               EQU              0x400FE608
   50 00000000 400FEA08 
                       SYSCTL_PRGPIO_R
                               EQU              0x400FEA08



ARM Macro Assembler    Page 3 


   51 00000000         ; ========================
   52 00000000         ; Definições dos registradores NVIC
   53 00000000 E000E104 
                       NVIC_EN1_R
                               EQU              0xE000E104
   54 00000000 E000E430 
                       NVIC_PRI12_R
                               EQU              0xE000E430
   55 00000000 00000013 
                       NVIC_PORTJ_EN_SHIFT
                               EQU              19
   56 00000000 0000001D 
                       NVIC_PORTJ_PRI_SHIFT
                               EQU              29
   57 00000000         ; ========================
   58 00000000         ; Definições dos Ports
   59 00000000         ; PORT A
   60 00000000 40058520 
                       GPIO_PORTA_AHB_LOCK_R
                               EQU              0x40058520
   61 00000000 40058524 
                       GPIO_PORTA_AHB_CR_R
                               EQU              0x40058524
   62 00000000 40058528 
                       GPIO_PORTA_AHB_AMSEL_R
                               EQU              0x40058528
   63 00000000 4005852C 
                       GPIO_PORTA_AHB_PCTL_R
                               EQU              0x4005852C
   64 00000000 40058400 
                       GPIO_PORTA_AHB_DIR_R
                               EQU              0x40058400
   65 00000000 40058420 
                       GPIO_PORTA_AHB_AFSEL_R
                               EQU              0x40058420
   66 00000000 4005851C 
                       GPIO_PORTA_AHB_DEN_R
                               EQU              0x4005851C
   67 00000000 40058510 
                       GPIO_PORTA_AHB_PUR_R
                               EQU              0x40058510
   68 00000000 400583FC 
                       GPIO_PORTA_AHB_DATA_R
                               EQU              0x400583FC
   69 00000000 00000001 
                       GPIO_PORTA
                               EQU              2_000000000000001
   70 00000000         ; PORT J
   71 00000000 40060520 
                       GPIO_PORTJ_AHB_LOCK_R
                               EQU              0x40060520
   72 00000000 40060524 
                       GPIO_PORTJ_AHB_CR_R
                               EQU              0x40060524
   73 00000000 40060528 
                       GPIO_PORTJ_AHB_AMSEL_R
                               EQU              0x40060528
   74 00000000 4006052C 
                       GPIO_PORTJ_AHB_PCTL_R



ARM Macro Assembler    Page 4 


                               EQU              0x4006052C
   75 00000000 40060400 
                       GPIO_PORTJ_AHB_DIR_R
                               EQU              0x40060400
   76 00000000 40060420 
                       GPIO_PORTJ_AHB_AFSEL_R
                               EQU              0x40060420
   77 00000000 4006051C 
                       GPIO_PORTJ_AHB_DEN_R
                               EQU              0x4006051C
   78 00000000 40060510 
                       GPIO_PORTJ_AHB_PUR_R
                               EQU              0x40060510
   79 00000000 400603FC 
                       GPIO_PORTJ_AHB_DATA_R
                               EQU              0x400603FC
   80 00000000 40060410 
                       GPIO_PORTJ_AHB_IM_R
                               EQU              0x40060410
   81 00000000 40060404 
                       GPIO_PORTJ_AHB_IS_R
                               EQU              0x40060404
   82 00000000 40060408 
                       GPIO_PORTJ_AHB_IBE_R
                               EQU              0x40060408
   83 00000000 4006040C 
                       GPIO_PORTJ_AHB_IEV_R
                               EQU              0x4006040C
   84 00000000 4006041C 
                       GPIO_PORTJ_AHB_ICR_R
                               EQU              0x4006041C
   85 00000000 40060414 
                       GPIO_PORTJ_AHB_RIS_R
                               EQU              0x40060414
   86 00000000 00000100 
                       GPIO_PORTJ
                               EQU              2_000000100000000
   87 00000000         ; PORT K
   88 00000000 40061520 
                       GPIO_PORTK_LOCK_R
                               EQU              0x40061520
   89 00000000 40061524 
                       GPIO_PORTK_CR_R
                               EQU              0x40061524
   90 00000000 40061528 
                       GPIO_PORTK_AMSEL_R
                               EQU              0x40061528
   91 00000000 4006152C 
                       GPIO_PORTK_PCTL_R
                               EQU              0x4006152C
   92 00000000 40061400 
                       GPIO_PORTK_DIR_R
                               EQU              0x40061400
   93 00000000 40061420 
                       GPIO_PORTK_AFSEL_R
                               EQU              0x40061420
   94 00000000 4006151C 
                       GPIO_PORTK_DEN_R
                               EQU              0x4006151C



ARM Macro Assembler    Page 5 


   95 00000000 40061510 
                       GPIO_PORTK_PUR_R
                               EQU              0x40061510
   96 00000000 400613FC 
                       GPIO_PORTK_DATA_R
                               EQU              0x400613FC
   97 00000000 00000200 
                       GPIO_PORTK
                               EQU              2_000001000000000
   98 00000000         ; PORT L
   99 00000000 40062520 
                       GPIO_PORTL_LOCK_R
                               EQU              0x40062520
  100 00000000 40062524 
                       GPIO_PORTL_CR_R
                               EQU              0x40062524
  101 00000000 40062528 
                       GPIO_PORTL_AMSEL_R
                               EQU              0x40062528
  102 00000000 4006252C 
                       GPIO_PORTL_PCTL_R
                               EQU              0x4006252C
  103 00000000 40062400 
                       GPIO_PORTL_DIR_R
                               EQU              0x40062400
  104 00000000 40062420 
                       GPIO_PORTL_AFSEL_R
                               EQU              0x40062420
  105 00000000 4006251C 
                       GPIO_PORTL_DEN_R
                               EQU              0x4006251C
  106 00000000 40062510 
                       GPIO_PORTL_PUR_R
                               EQU              0x40062510
  107 00000000 400623FC 
                       GPIO_PORTL_DATA_R
                               EQU              0x400623FC
  108 00000000 00000400 
                       GPIO_PORTL
                               EQU              2_000010000000000
  109 00000000         ; PORT M
  110 00000000 40063520 
                       GPIO_PORTM_LOCK_R
                               EQU              0x40063520
  111 00000000 40063524 
                       GPIO_PORTM_CR_R
                               EQU              0x40063524
  112 00000000 40063528 
                       GPIO_PORTM_AMSEL_R
                               EQU              0x40063528
  113 00000000 4006352C 
                       GPIO_PORTM_PCTL_R
                               EQU              0x4006352C
  114 00000000 40063400 
                       GPIO_PORTM_DIR_R
                               EQU              0x40063400
  115 00000000 40063420 
                       GPIO_PORTM_AFSEL_R
                               EQU              0x40063420



ARM Macro Assembler    Page 6 


  116 00000000 4006351C 
                       GPIO_PORTM_DEN_R
                               EQU              0x4006351C
  117 00000000 40063510 
                       GPIO_PORTM_PUR_R
                               EQU              0x40063510
  118 00000000 400633FC 
                       GPIO_PORTM_DATA_R
                               EQU              0x400633FC
  119 00000000 00000800 
                       GPIO_PORTM
                               EQU              2_000100000000000
  120 00000000         ; PORT P
  121 00000000 40065520 
                       GPIO_PORTP_LOCK_R
                               EQU              0x40065520
  122 00000000 40065524 
                       GPIO_PORTP_CR_R
                               EQU              0x40065524
  123 00000000 40065528 
                       GPIO_PORTP_AMSEL_R
                               EQU              0x40065528
  124 00000000 4006552C 
                       GPIO_PORTP_PCTL_R
                               EQU              0x4006552C
  125 00000000 40065400 
                       GPIO_PORTP_DIR_R
                               EQU              0x40065400
  126 00000000 40065420 
                       GPIO_PORTP_AFSEL_R
                               EQU              0x40065420
  127 00000000 4006551C 
                       GPIO_PORTP_DEN_R
                               EQU              0x4006551C
  128 00000000 40065510 
                       GPIO_PORTP_PUR_R
                               EQU              0x40065510
  129 00000000 400653FC 
                       GPIO_PORTP_DATA_R
                               EQU              0x400653FC
  130 00000000 00002000 
                       GPIO_PORTP
                               EQU              2_010000000000000
  131 00000000         ; PORT Q
  132 00000000 40066520 
                       GPIO_PORTQ_LOCK_R
                               EQU              0x40066520
  133 00000000 40066524 
                       GPIO_PORTQ_CR_R
                               EQU              0x40066524
  134 00000000 40066528 
                       GPIO_PORTQ_AMSEL_R
                               EQU              0x40066528
  135 00000000 4006652C 
                       GPIO_PORTQ_PCTL_R
                               EQU              0x4006652C
  136 00000000 40066400 
                       GPIO_PORTQ_DIR_R
                               EQU              0x40066400



ARM Macro Assembler    Page 7 


  137 00000000 40066420 
                       GPIO_PORTQ_AFSEL_R
                               EQU              0x40066420
  138 00000000 4006651C 
                       GPIO_PORTQ_DEN_R
                               EQU              0x4006651C
  139 00000000 40066510 
                       GPIO_PORTQ_PUR_R
                               EQU              0x40066510
  140 00000000 400663FC 
                       GPIO_PORTQ_DATA_R
                               EQU              0x400663FC
  141 00000000 00004000 
                       GPIO_PORTQ
                               EQU              2_100000000000000
  142 00000000         ; ------------------------------------------------------
                       -------------------------
  143 00000000         ; Área de Código - Tudo abaixo da diretiva a seguir será
                        armazenado na memória de
  144 00000000         ;                  código
  145 00000000                 AREA             |.text|, CODE, READONLY, ALIGN=
2
  146 00000000         ; Se alguma função do arquivo for chamada em outro arqui
                       vo
  147 00000000                 EXPORT           GPIO_Init   ; Permite chamar GP
                                                            IO_Init de outro ar
                                                            quivo
  148 00000000                 EXPORT           LCD_init
  149 00000000                 EXPORT           LCD_CMD
  150 00000000                 EXPORT           LCD_DATA
  151 00000000                 EXPORT           Matrix_read
  152 00000000                 EXPORT           LCD_print
  153 00000000                 EXPORT           Blocked_Blink_ON
  154 00000000                 EXPORT           Blocked_Blink_OFF
  155 00000000                 EXPORT           GPIOPortJ_Handler
  156 00000000                 IMPORT           SysTick_Wait1us
  157 00000000                 IMPORT           SysTick_Wait1ms
  158 00000000                 IMPORT           STR_OPEN
  159 00000000                 IMPORT           STR_OPENING
  160 00000000                 IMPORT           STR_CLOSED
  161 00000000                 IMPORT           STR_CLOSING
  162 00000000                 IMPORT           STR_BLOCKED
  163 00000000         ;-------------------------------------------------------
                       -------------------------
  164 00000000         ; Função GPIO_Init
  165 00000000         ; Parâmetro de entrada: Não tem
  166 00000000         ; Parâmetro de saída: Não tem
  167 00000000         GPIO_Init
  168 00000000         ;=====================
  169 00000000         ; 1 - Ativa o clock nos ports K, L e M
  170 00000000 4862            LDR              R0, =SYSCTL_RCGCGPIO_R
  171 00000002 F04F 0101       MOV              R1, #GPIO_PORTA
  172 00000006 F441 7180       ORR              R1, #GPIO_PORTJ
  173 0000000A F441 7100       ORR              R1, #GPIO_PORTK
  174 0000000E F441 6180       ORR              R1, #GPIO_PORTL
  175 00000012 F441 6100       ORR              R1, #GPIO_PORTM
  176 00000016 F441 5100       ORR              R1, #GPIO_PORTP
  177 0000001A F441 4180       ORR              R1, #GPIO_PORTQ
  178 0000001E 6001            STR              R1, [R0]



ARM Macro Assembler    Page 8 


  179 00000020 485B            LDR              R0, =SYSCTL_PRGPIO_R
  180 00000022         EsperaGPIO
  181 00000022 6802            LDR              R2, [R0]
  182 00000024 F04F 0101       MOV              R1, #GPIO_PORTA
  183 00000028 F441 7180       ORR              R1, #GPIO_PORTJ
  184 0000002C F441 7100       ORR              R1, #GPIO_PORTK
  185 00000030 F441 6180       ORR              R1, #GPIO_PORTL
  186 00000034 F441 6100       ORR              R1, #GPIO_PORTM
  187 00000038 F441 5100       ORR              R1, #GPIO_PORTP
  188 0000003C F441 4180       ORR              R1, #GPIO_PORTQ
  189 00000040 4211            TST              R1, R2
  190 00000042 D0EE            BEQ              EsperaGPIO
  191 00000044         ; 2 - Desabilita a funcionalidade analógica
  192 00000044 F04F 0100       MOV              R1, #0
  193 00000048 4852            LDR              R0, =GPIO_PORTA_AHB_AMSEL_R
  194 0000004A 6001            STR              R1, [R0]
  195 0000004C 4852            LDR              R0, =GPIO_PORTJ_AHB_AMSEL_R
  196 0000004E 6001            STR              R1, [R0]
  197 00000050 4852            LDR              R0, =GPIO_PORTK_AMSEL_R
  198 00000052 6001            STR              R1, [R0]
  199 00000054 4852            LDR              R0, =GPIO_PORTL_AMSEL_R
  200 00000056 6001            STR              R1, [R0]
  201 00000058 4852            LDR              R0, =GPIO_PORTM_AMSEL_R
  202 0000005A 6001            STR              R1, [R0]
  203 0000005C 4852            LDR              R0, =GPIO_PORTP_AMSEL_R
  204 0000005E 6001            STR              R1, [R0]
  205 00000060 4852            LDR              R0, =GPIO_PORTQ_AMSEL_R
  206 00000062 6001            STR              R1, [R0]
  207 00000064         ; 3 - Seleciona GPIO
  208 00000064 F04F 0100       MOV              R1, #0
  209 00000068 4851            LDR              R0, =GPIO_PORTA_AHB_PCTL_R
  210 0000006A 6001            STR              R1, [R0]
  211 0000006C 4851            LDR              R0, =GPIO_PORTJ_AHB_PCTL_R
  212 0000006E 6001            STR              R1, [R0]
  213 00000070 4851            LDR              R0, =GPIO_PORTK_PCTL_R
  214 00000072 6001            STR              R1, [R0]
  215 00000074 4851            LDR              R0, =GPIO_PORTL_PCTL_R
  216 00000076 6001            STR              R1, [R0]
  217 00000078 4851            LDR              R0, =GPIO_PORTM_PCTL_R
  218 0000007A 6001            STR              R1, [R0]
  219 0000007C 4851            LDR              R0, =GPIO_PORTP_PCTL_R
  220 0000007E 6001            STR              R1, [R0]
  221 00000080 4851            LDR              R0, =GPIO_PORTQ_PCTL_R
  222 00000082 6001            STR              R1, [R0]
  223 00000084         ; 4 - Entrada / Saída;
  224 00000084         ; PA4:7 - 1 (saída)
  225 00000084 4851            LDR              R0, =GPIO_PORTA_AHB_DIR_R
  226 00000086 F04F 01F0       MOV              R1, #2_11110000
  227 0000008A 6001            STR              R1, [R0]
  228 0000008C         ; PJ0 - 0 (entrada)
  229 0000008C 4850            LDR              R0, =GPIO_PORTJ_AHB_DIR_R
  230 0000008E F04F 0100       MOV              R1, #2_00000000
  231 00000092 6001            STR              R1, [R0]
  232 00000094         ; PK0:7 - 1 (saída)
  233 00000094 484F            LDR              R0, =GPIO_PORTK_DIR_R
  234 00000096 F04F 01FF       MOV              R1, #2_11111111
  235 0000009A 6001            STR              R1, [R0]
  236 0000009C         ; PL0:3 - 0 (entrada)
  237 0000009C 484E            LDR              R0, =GPIO_PORTL_DIR_R



ARM Macro Assembler    Page 9 


  238 0000009E F04F 0100       MOV              R1, #2_00000000
  239 000000A2 6001            STR              R1, [R0]
  240 000000A4         ; PM0:2 - 1 (saída)
  241 000000A4         ; PM4:7 - 1 (saída)
  242 000000A4 484D            LDR              R0, =GPIO_PORTM_DIR_R
  243 000000A6 F04F 01F7       MOV              R1, #2_11110111
  244 000000AA 6001            STR              R1, [R0]
  245 000000AC         ; PP5 - 1 (saída)
  246 000000AC 484C            LDR              R0, =GPIO_PORTP_DIR_R
  247 000000AE F04F 0120       MOV              R1, #2_00100000
  248 000000B2 6001            STR              R1, [R0]
  249 000000B4         ; PQ0:3 - 1 (saída)
  250 000000B4 484B            LDR              R0, =GPIO_PORTQ_DIR_R
  251 000000B6 F04F 010F       MOV              R1, #2_00001111
  252 000000BA 6001            STR              R1, [R0]
  253 000000BC         ; 5 - Desabilita função alternativa
  254 000000BC F04F 0100       MOV              R1, #0
  255 000000C0 4849            LDR              R0, =GPIO_PORTA_AHB_AFSEL_R
  256 000000C2 6001            STR              R1, [R0]
  257 000000C4 4849            LDR              R0, =GPIO_PORTJ_AHB_AFSEL_R
  258 000000C6 6001            STR              R1, [R0]
  259 000000C8 4849            LDR              R0, =GPIO_PORTK_AFSEL_R
  260 000000CA 6001            STR              R1, [R0]
  261 000000CC 4849            LDR              R0, =GPIO_PORTL_AFSEL_R
  262 000000CE 6001            STR              R1, [R0]
  263 000000D0 4849            LDR              R0, =GPIO_PORTM_AFSEL_R
  264 000000D2 6001            STR              R1, [R0]
  265 000000D4 4849            LDR              R0, =GPIO_PORTP_AFSEL_R
  266 000000D6 6001            STR              R1, [R0]
  267 000000D8 4849            LDR              R0, =GPIO_PORTQ_AFSEL_R
  268 000000DA 6001            STR              R1, [R0]
  269 000000DC         ; 6 - Habilita I/O digital
  270 000000DC 4849            LDR              R0, =GPIO_PORTA_AHB_DEN_R
  271 000000DE F04F 01F0       MOV              R1, #2_11110000
  272 000000E2 6001            STR              R1, [R0]
  273 000000E4 4848            LDR              R0, =GPIO_PORTJ_AHB_DEN_R
  274 000000E6 F04F 0101       MOV              R1, #2_00000001
  275 000000EA 6001            STR              R1, [R0]
  276 000000EC 4847            LDR              R0, =GPIO_PORTK_DEN_R
  277 000000EE F04F 01FF       MOV              R1, #2_11111111
  278 000000F2 6001            STR              R1, [R0]
  279 000000F4 4846            LDR              R0, =GPIO_PORTL_DEN_R
  280 000000F6 F04F 010F       MOV              R1, #2_00001111
  281 000000FA 6001            STR              R1, [R0]
  282 000000FC 4845            LDR              R0, =GPIO_PORTM_DEN_R
  283 000000FE F04F 01F7       MOV              R1, #2_11110111
  284 00000102 6001            STR              R1, [R0]
  285 00000104 4844            LDR              R0, =GPIO_PORTP_DEN_R
  286 00000106 F04F 0120       MOV              R1, #2_00100000
  287 0000010A 6001            STR              R1, [R0]
  288 0000010C 4843            LDR              R0, =GPIO_PORTQ_DEN_R
  289 0000010E F04F 010F       MOV              R1, #2_00001111
  290 00000112 6001            STR              R1, [R0]
  291 00000114         ; 7 - Resistor de pull-up
  292 00000114 4842            LDR              R0, =GPIO_PORTJ_AHB_PUR_R
  293 00000116 F04F 0101       MOV              R1, #2_00000001
  294 0000011A 6001            STR              R1, [R0]
  295 0000011C 4841            LDR              R0, =GPIO_PORTL_PUR_R
  296 0000011E F04F 010F       MOV              R1, #2_00001111



ARM Macro Assembler    Page 10 


  297 00000122 6001            STR              R1, [R0]
  298 00000124         ; 8 - Desabilita interrupções
  299 00000124 4840            LDR              R0, =GPIO_PORTJ_AHB_IM_R
  300 00000126 F04F 0100       MOV              R1, #2_0
  301 0000012A 6001            STR              R1, [R0]
  302 0000012C         ;- Configura tipo
  303 0000012C 483F            LDR              R0, =GPIO_PORTJ_AHB_IS_R
  304 0000012E F04F 0100       MOV              R1, #2_0
  305 00000132 6001            STR              R1, [R0]
  306 00000134 483E            LDR              R0, =GPIO_PORTJ_AHB_IBE_R
  307 00000136 F04F 0100       MOV              R1, #2_0
  308 0000013A 6001            STR              R1, [R0]
  309 0000013C 483D            LDR              R0, =GPIO_PORTJ_AHB_IEV_R
  310 0000013E F04F 0101       MOV              R1, #2_1
  311 00000142 6001            STR              R1, [R0]
  312 00000144 483C            LDR              R0, =GPIO_PORTJ_AHB_ICR_R
  313 00000146 F04F 0101       MOV              R1, #2_1
  314 0000014A 6001            STR              R1, [R0]
  315 0000014C 4836            LDR              R0, =GPIO_PORTJ_AHB_IM_R
  316 0000014E F04F 0101       MOV              R1, #2_1
  317 00000152 6001            STR              R1, [R0]
  318 00000154         ; Port J - Enable
  319 00000154 4839            LDR              R0, =NVIC_EN1_R
  320 00000156 F04F 0101       MOV              R1, #1
  321 0000015A EA4F 41C1       LSL              R1, #NVIC_PORTJ_EN_SHIFT
  322 0000015E 6001            STR              R1, [R0]
  323 00000160         ; Port J - Prioridade 3
  324 00000160 4837            LDR              R0, =NVIC_PRI12_R
  325 00000162 F04F 0103       MOV              R1, #3
  326 00000166 EA4F 7141       LSL              R1, #NVIC_PORTJ_PRI_SHIFT
  327 0000016A 6001            STR              R1, [R0]
  328 0000016C 4835            LDR              R0, =GPIO_PORTA_AHB_DATA_R
  329 0000016E 6801            LDR              R1, [R0]
  330 00000170 F021 01F0       BIC              R1, R1, #2_11110000
  331 00000174 F041 01F0       ORR              R1, R1, #2_11110000
  332 00000178 6001            STR              R1, [R0]
  333 0000017A 4833            LDR              R0, =GPIO_PORTQ_DATA_R
  334 0000017C 6801            LDR              R1, [R0]
  335 0000017E F021 010F       BIC              R1, R1, #2_00001111
  336 00000182 F041 010F       ORR              R1, R1, #2_00001111
  337 00000186 6001            STR              R1, [R0]
  338 00000188 4770            BX               LR
  339 0000018A 00 00 400FE608 
              400FEA08 
              40058528 
              40060528 
              40061528 
              40062528 
              40063528 
              40065528 
              40066528 
              4005852C 
              4006052C 
              4006152C 
              4006252C 
              4006352C 
              4006552C 
              4006652C 
              40058400 



ARM Macro Assembler    Page 11 


              40060400 
              40061400 
              40062400 
              40063400 
              40065400 
              40066400 
              40058420 
              40060420 
              40061420 
              40062420 
              40063420 
              40065420 
              40066420 
              4005851C 
              4006051C 
              4006151C 
              4006251C 
              4006351C 
              4006551C 
              4006651C 
              40060510 
              40062510 
              40060410 
              40060404 
              40060408 
              4006040C 
              4006041C 
              E000E104 
              E000E430 
              400583FC 
              400663FC         LTORG
  340 0000024C         ; ------------------------------------------------------
                       -------------------------
  341 0000024C         ; Função LCD_init
  342 0000024C         ; Parâmetro de entrada: N/A
  343 0000024C         ; Parâmetro de saída: N/A
  344 0000024C         LCD_init
  345 0000024C B500            PUSH             {LR}
  346 0000024E         ; estado para inicialização
  347 0000024E F1BA 0F00       CMP              STATE, #STATE_OPEN
  348 00000252 D000            BEQ              lcd_init_moving
  349 00000254 E01E            B                lcd_init_static
  350 00000256         lcd_init_moving
  351 00000256         ; 8-bit, 1-line, 5x7 dots
  352 00000256 F04F 0030       MOV              R0, #2_00110000
  353 0000025A F04F 0128       MOV              R1, #40
  354 0000025E F7FF FFFE       BL               LCD_CMD
  355 00000262         ; increment AC, cursor + display shift
  356 00000262 F04F 0007       MOV              R0, #2_00000111
  357 00000266 F04F 0128       MOV              R1, #40
  358 0000026A F7FF FFFE       BL               LCD_CMD
  359 0000026E         ; display ON, cursor OFF
  360 0000026E F04F 000C       MOV              R0, #2_00001100
  361 00000272 F04F 0128       MOV              R1, #40
  362 00000276 F7FF FFFE       BL               LCD_CMD
  363 0000027A         ; reset
  364 0000027A F04F 0001       MOV              R0, #2_00000001
  365 0000027E F44F 61CD       MOV              R1, #1640
  366 00000282 F7FF FFFE       BL               LCD_CMD



ARM Macro Assembler    Page 12 


  367 00000286         ; cursor just offscreen
  368 00000286 F04F 0090       MOV              R0, #0x90
  369 0000028A F04F 0128       MOV              R1, #40
  370 0000028E F7FF FFFE       BL               LCD_CMD
  371 00000292 E017            B                lcd_init_end
  372 00000294         lcd_init_static
  373 00000294         ; 8-bit, 1-line, 5x7 dots
  374 00000294 F04F 0030       MOV              R0, #2_00110000
  375 00000298 F04F 0128       MOV              R1, #40
  376 0000029C F7FF FFFE       BL               LCD_CMD
  377 000002A0         ; increment AC, cursor shift
  378 000002A0 F04F 0006       MOV              R0, #2_00000110
  379 000002A4 F04F 0128       MOV              R1, #40
  380 000002A8 F7FF FFFE       BL               LCD_CMD
  381 000002AC         ; display ON, cursor OFF
  382 000002AC F04F 000C       MOV              R0, #2_00001100
  383 000002B0 F04F 0128       MOV              R1, #40
  384 000002B4 F7FF FFFE       BL               LCD_CMD
  385 000002B8         ; reset
  386 000002B8 F04F 0001       MOV              R0, #2_00000001
  387 000002BC F44F 61CD       MOV              R1, #1640
  388 000002C0 F7FF FFFE       BL               LCD_CMD
  389 000002C4         lcd_init_end
  390 000002C4 F85D EB04       POP              {LR}
  391 000002C8 4770            BX               LR
  392 000002CA         ; ------------------------------------------------------
                       -------------------------
  393 000002CA         ; Função LCD_CMD
  394 000002CA         ; Parâmetro de entrada: R0 -> comando
  395 000002CA         ;      R1 -> tempo de espera
  396 000002CA         ; Parâmetro de saída: N/A
  397 000002CA         LCD_CMD
  398 000002CA B500            PUSH             {LR}
  399 000002CC 4602            MOV              R2, R0
  400 000002CE 460B            MOV              R3, R1
  401 000002D0 4898            LDR              R0, =GPIO_PORTK_DATA_R
  402 000002D2 4611            MOV              R1, R2
  403 000002D4 6001            STR              R1, [R0]
  404 000002D6 4898            LDR              R0, =GPIO_PORTM_DATA_R
  405 000002D8 6801            LDR              R1, [R0]
  406 000002DA F021 0101       BIC              R1, #PORTM_LCD_RS
  407 000002DE F041 0100       ORR              R1, #0
  408 000002E2 F021 0104       BIC              R1, #PORTM_LCD_EN
  409 000002E6 F041 0104       ORR              R1, #PORTM_LCD_EN
  410 000002EA 6001            STR              R1, [R0]
  411 000002EC F04F 000A       MOV              R0, #10
  412 000002F0 F7FF FFFE       BL               SysTick_Wait1us
  413 000002F4 4890            LDR              R0, =GPIO_PORTM_DATA_R
  414 000002F6 6801            LDR              R1, [R0]
  415 000002F8 F021 0104       BIC              R1, #PORTM_LCD_EN
  416 000002FC F041 0100       ORR              R1, #0
  417 00000300 6001            STR              R1, [R0]
  418 00000302 4618            MOV              R0, R3
  419 00000304 F7FF FFFE       BL               SysTick_Wait1us
  420 00000308 F85D EB04       POP              {LR}
  421 0000030C 4770            BX               LR
  422 0000030E         ; ------------------------------------------------------
                       -------------------------
  423 0000030E         ; Função LCD_DATA



ARM Macro Assembler    Page 13 


  424 0000030E         ; Parâmetro de entrada: R0 -> comando
  425 0000030E         ; Parâmetro de saída: N/A
  426 0000030E         LCD_DATA
  427 0000030E B500            PUSH             {LR}
  428 00000310 4988            LDR              R1, =GPIO_PORTK_DATA_R
  429 00000312 6008            STR              R0, [R1]
  430 00000314 4888            LDR              R0, =GPIO_PORTM_DATA_R
  431 00000316 6801            LDR              R1, [R0]
  432 00000318 F021 0101       BIC              R1, #PORTM_LCD_RS
  433 0000031C F041 0101       ORR              R1, #PORTM_LCD_RS
  434 00000320 F021 0104       BIC              R1, #PORTM_LCD_EN
  435 00000324 F041 0104       ORR              R1, #PORTM_LCD_EN
  436 00000328 6001            STR              R1, [R0]
  437 0000032A F04F 000A       MOV              R0, #10
  438 0000032E F7FF FFFE       BL               SysTick_Wait1us
  439 00000332 4881            LDR              R0, =GPIO_PORTM_DATA_R
  440 00000334 6801            LDR              R1, [R0]
  441 00000336 F021 0104       BIC              R1, #PORTM_LCD_EN
  442 0000033A F041 0100       ORR              R1, #0
  443 0000033E 6001            STR              R1, [R0]
  444 00000340 F04F 0028       MOV              R0, #40
  445 00000344 F7FF FFFE       BL               SysTick_Wait1us
  446 00000348 F85D EB04       POP              {LR}
  447 0000034C 4770            BX               LR
  448 0000034E         ; ------------------------------------------------------
                       -------------------------
  449 0000034E         ; Função LCD_print
  450 0000034E         ; Parâmetro de entrada: N/A
  451 0000034E         ; Parâmetro de saída: N/A
  452 0000034E         LCD_print
  453 0000034E B500            PUSH             {LR}
  454 00000350         ; estado para inicialização
  455 00000350 F1BA 0F00       CMP              STATE, #STATE_OPEN
  456 00000354 D000            BEQ              LCD_print_moving
  457 00000356 E00F            B                LCD_print_static
  458 00000358         LCD_print_moving
  459 00000358         ; carrega o char do ponteiro para o dado a ser escrito
  460 00000358 F89B 0000       LDRB             R0, [LCD_DATA_PTR]
  461 0000035C         ; reseta se chegou no zero
  462 0000035C 2800            CMP              R0, #0
  463 0000035E BF04            ITT              EQ
  464 00000360 F8DC 0000       LDREQ            R0, [LCD_CURR_STR]
  465 00000364 46E3            MOVEQ            LCD_DATA_PTR, LCD_CURR_STR
  466 00000366         ; incrementa o ponteiro
  467 00000366 F10B 0B01       ADD              LCD_DATA_PTR, #1
  468 0000036A         ; escrevendo o char
  469 0000036A F7FF FFFE       BL               LCD_DATA
  470 0000036E         ; esperando pra ficar bonito
  471 0000036E F44F 70FA       MOV              R0, #500
  472 00000372 F7FF FFFE       BL               SysTick_Wait1ms
  473 00000376 E00A            B                LCD_print_end
  474 00000378         LCD_print_static
  475 00000378         ; carrega o char
  476 00000378 F81B 0B01       LDRB             R0, [LCD_DATA_PTR], #1
  477 0000037C         ; se é 0, acabou a string
  478 0000037C 2800            CMP              R0, #0
  479 0000037E D006            BEQ              LCD_print_end
  480 00000380         ; escrevendo o char
  481 00000380 F7FF FFFE       BL               LCD_DATA



ARM Macro Assembler    Page 14 


  482 00000384         ; esperando pra ficar bonito
  483 00000384 F04F 0032       MOV              R0, #50
  484 00000388 F7FF FFFE       BL               SysTick_Wait1ms
  485 0000038C E7F4            B                LCD_print_static
  486 0000038E         LCD_print_end
  487 0000038E F85D EB04       POP              {LR}
  488 00000392 4770            BX               LR
  489 00000394         ; ------------------------------------------------------
                       -------------------------
  490 00000394         ; Função Matrix_read
  491 00000394         ; Parâmetro de entrada: N/A
  492 00000394         ; Parâmetro de saída: R0 -> Tecla pressionada (*->E #->F
                       ), 0x10 se nenhuma
  493 00000394         Matrix_read
  494 00000394 B500            PUSH             {LR}
  495 00000396         ; coluna 1
  496 00000396 F04F 0010       MOV              R0, #PORTM_C1
  497 0000039A F000 F873       BL               Matrix_read_j
  498 0000039E 2800            CMP              R0, #0
  499 000003A0 D014            BEQ              matrix_J2
  500 000003A2         ; uma tecla foi detectada
  501 000003A2         ; C1xL1 - 1
  502 000003A2 F010 0F01       TST              R0, #PORTL_L1
  503 000003A6 BF1C            ITT              NE
  504 000003A8 2101            MOVNE            R1, #0x1
  505 000003AA E063            BNE              debounce_wait
  506 000003AC         ; C1xL2 - 4
  507 000003AC F010 0F02       TST              R0, #PORTL_L2
  508 000003B0 BF1C            ITT              NE
  509 000003B2 2104            MOVNE            R1, #0x4
  510 000003B4 E05E            BNE              debounce_wait
  511 000003B6         ; C1xL3 - 7
  512 000003B6 F010 0F04       TST              R0, #PORTL_L3
  513 000003BA BF1C            ITT              NE
  514 000003BC 2107            MOVNE            R1, #0x7
  515 000003BE E059            BNE              debounce_wait
  516 000003C0         ; C1xL4 - E
  517 000003C0 F010 0F08       TST              R0, #PORTL_L4
  518 000003C4 BF1C            ITT              NE
  519 000003C6 210E            MOVNE            R1, #0xE
  520 000003C8 E054            BNE              debounce_wait
  521 000003CA E050            B                matrix_noneJ
  522 000003CC         matrix_J2
  523 000003CC         ; coluna 2
  524 000003CC F04F 0020       MOV              R0, #PORTM_C2
  525 000003D0 F000 F858       BL               Matrix_read_j
  526 000003D4 2800            CMP              R0, #0
  527 000003D6 D014            BEQ              matrix_J3
  528 000003D8         ; uma tecla foi detectada
  529 000003D8         ; C2xL1 - 2
  530 000003D8 F010 0F01       TST              R0, #PORTL_L1
  531 000003DC BF1C            ITT              NE
  532 000003DE 2102            MOVNE            R1, #0x2
  533 000003E0 E048            BNE              debounce_wait
  534 000003E2         ; C2xL2 - 5
  535 000003E2 F010 0F02       TST              R0, #PORTL_L2
  536 000003E6 BF1C            ITT              NE
  537 000003E8 2105            MOVNE            R1, #0x5
  538 000003EA E043            BNE              debounce_wait



ARM Macro Assembler    Page 15 


  539 000003EC         ; C2xL3 - 8
  540 000003EC F010 0F04       TST              R0, #PORTL_L3
  541 000003F0 BF1C            ITT              NE
  542 000003F2 2108            MOVNE            R1, #0x8
  543 000003F4 E03E            BNE              debounce_wait
  544 000003F6         ; C2xL4 - 0
  545 000003F6 F010 0F08       TST              R0, #PORTL_L4
  546 000003FA BF1C            ITT              NE
  547 000003FC 2100            MOVNE            R1, #0x0
  548 000003FE E039            BNE              debounce_wait
  549 00000400 E035            B                matrix_noneJ
  550 00000402         matrix_J3
  551 00000402         ; coluna 3
  552 00000402 F04F 0040       MOV              R0, #PORTM_C3
  553 00000406 F000 F83D       BL               Matrix_read_j
  554 0000040A 2800            CMP              R0, #0
  555 0000040C D014            BEQ              matrix_J4
  556 0000040E         ; uma tecla foi detectada
  557 0000040E         ; C3xL1 - 3
  558 0000040E F010 0F01       TST              R0, #PORTL_L1
  559 00000412 BF1C            ITT              NE
  560 00000414 2103            MOVNE            R1, #0x3
  561 00000416 E02D            BNE              debounce_wait
  562 00000418         ; C3xL2 - 6
  563 00000418 F010 0F02       TST              R0, #PORTL_L2
  564 0000041C BF1C            ITT              NE
  565 0000041E 2106            MOVNE            R1, #0x6
  566 00000420 E028            BNE              debounce_wait
  567 00000422         ; C3xL3 - 9
  568 00000422 F010 0F04       TST              R0, #PORTL_L3
  569 00000426 BF1C            ITT              NE
  570 00000428 2109            MOVNE            R1, #0x9
  571 0000042A E023            BNE              debounce_wait
  572 0000042C         ; C3xL4 - F
  573 0000042C F010 0F08       TST              R0, #PORTL_L4
  574 00000430 BF1C            ITT              NE
  575 00000432 210F            MOVNE            R1, #0xF
  576 00000434 E01E            BNE              debounce_wait
  577 00000436 E01A            B                matrix_noneJ
  578 00000438         matrix_J4
  579 00000438         ; coluna 4
  580 00000438 F04F 0080       MOV              R0, #PORTM_C4
  581 0000043C F000 F822       BL               Matrix_read_j
  582 00000440 2800            CMP              R0, #0
  583 00000442 D014            BEQ              matrix_noneJ
  584 00000444         ; uma tecla foi detectada
  585 00000444         ; C4xL1 - A
  586 00000444 F010 0F01       TST              R0, #PORTL_L1
  587 00000448 BF1C            ITT              NE
  588 0000044A 210A            MOVNE            R1, #0xA
  589 0000044C E012            BNE              debounce_wait
  590 0000044E         ; C4xL2 - B
  591 0000044E F010 0F02       TST              R0, #PORTL_L2
  592 00000452 BF1C            ITT              NE
  593 00000454 210B            MOVNE            R1, #0xB
  594 00000456 E00D            BNE              debounce_wait
  595 00000458         ; C4xL3 - C
  596 00000458 F010 0F04       TST              R0, #PORTL_L3
  597 0000045C BF1C            ITT              NE



ARM Macro Assembler    Page 16 


  598 0000045E 210C            MOVNE            R1, #0xC
  599 00000460 E008            BNE              debounce_wait
  600 00000462         ; C4xL4 - D
  601 00000462 F010 0F08       TST              R0, #PORTL_L4
  602 00000466 BF1C            ITT              NE
  603 00000468 210D            MOVNE            R1, #0xD
  604 0000046A E003            BNE              debounce_wait
  605 0000046C E7FF            B                matrix_noneJ
  606 0000046E         matrix_noneJ
  607 0000046E F04F 0110       MOV              R1, #0x10
  608 00000472 E003            B                matrix_endJ
  609 00000474         debounce_wait
  610 00000474 F04F 00C8       MOV              R0, #200
  611 00000478 F7FF FFFE       BL               SysTick_Wait1ms
  612 0000047C         matrix_endJ
  613 0000047C 4608            MOV              R0, R1
  614 0000047E F85D EB04       POP              {LR}
  615 00000482 4770            BX               LR
  616 00000484         ; ------------------------------------------------------
                       -------------------------
  617 00000484         ; Função Matrix_read_j
  618 00000484         ; Parâmetro de entrada: R0 -> Bit da coluna
  619 00000484         ; Parâmetro de saída: R0 -> Bit da linha ativa (0 se nen
                       huma)
  620 00000484         Matrix_read_j
  621 00000484 B500            PUSH             {LR}
  622 00000486 4603            MOV              R3, R0
  623 00000488         ; configurando a coluna como saída
  624 00000488 482C            LDR              R0, =GPIO_PORTM_DIR_R
  625 0000048A 6801            LDR              R1, [R0]
  626 0000048C F021 01F0       BIC              R1, #PORTM_C
  627 00000490 EA41 0103       ORR              R1, R3
  628 00000494 6001            STR              R1, [R0]
  629 00000496         ; escrevendo 0 na coluna
  630 00000496 4828            LDR              R0, =GPIO_PORTM_DATA_R
  631 00000498 6801            LDR              R1, [R0]
  632 0000049A EA21 0103       BIC              R1, R3
  633 0000049E 6001            STR              R1, [R0]
  634 000004A0         ; polling
  635 000004A0 F04F 0064       MOV              R0, #100
  636 000004A4 F7FF FFFE       BL               SysTick_Wait1us
  637 000004A8         ; lendo as linhas
  638 000004A8 4825            LDR              R0, =GPIO_PORTL_DATA_R
  639 000004AA 6801            LDR              R1, [R0]
  640 000004AC         ; linha 1
  641 000004AC F011 0F01       TST              R1, #PORTL_L1
  642 000004B0 BF04            ITT              EQ
  643 000004B2 2101            MOVEQ            R1, #PORTL_L1
  644 000004B4 E010            BEQ              matrix_end_iCheck
  645 000004B6         ; linha 2
  646 000004B6 F011 0F02       TST              R1, #PORTL_L2
  647 000004BA BF04            ITT              EQ
  648 000004BC 2102            MOVEQ            R1, #PORTL_L2
  649 000004BE E00B            BEQ              matrix_end_iCheck
  650 000004C0         ; linha 3
  651 000004C0 F011 0F04       TST              R1, #PORTL_L3
  652 000004C4 BF04            ITT              EQ
  653 000004C6 2104            MOVEQ            R1, #PORTL_L3
  654 000004C8 E006            BEQ              matrix_end_iCheck



ARM Macro Assembler    Page 17 


  655 000004CA         ; linha 4
  656 000004CA F011 0F08       TST              R1, #PORTL_L4
  657 000004CE BF04            ITT              EQ
  658 000004D0 2108            MOVEQ            R1, #PORTL_L4
  659 000004D2 E001            BEQ              matrix_end_iCheck
  660 000004D4         ; nenhuma ativa
  661 000004D4 F04F 0100       MOV              R1, #0
  662 000004D8         matrix_end_iCheck
  663 000004D8         ; debouncing
  664 000004D8 2900            CMP              R1, #0
  665 000004DA BF1C            ITT              NE
  666 000004DC 20C8            MOVNE            R0, #200
  667 000004DE F7FF FFFE       BLNE             SysTick_Wait1ms
  668 000004E2 4608            MOV              R0, R1
  669 000004E4 F85D EB04       POP              {LR}
  670 000004E8 4770            BX               LR
  671 000004EA         ; ------------------------------------------------------
                       -------------------------
  672 000004EA         ; Liga todos os LEDs
  673 000004EA         ; Entrada: N/A
  674 000004EA         ; Saída: N/A
  675 000004EA         Blocked_Blink_ON
  676 000004EA         ; Escrevendo em PP
  677 000004EA 4816            LDR              R0, =GPIO_PORTP_DATA_R
  678 000004EC 6801            LDR              R1, [R0]
  679 000004EE F021 0120       BIC              R1, R1, #2_00100000
  680 000004F2 F041 0120       ORR              R1, R1, #2_00100000
  681 000004F6 6001            STR              R1, [R0]
  682 000004F8 4770            BX               LR
  683 000004FA         ; ------------------------------------------------------
                       -------------------------
  684 000004FA         ; Desliga todos os LEDs
  685 000004FA         ; Entrada: N/A
  686 000004FA         ; Saída: N/A
  687 000004FA         Blocked_Blink_OFF
  688 000004FA         ; Escrevendo em PP
  689 000004FA 4812            LDR              R0, =GPIO_PORTP_DATA_R
  690 000004FC 6801            LDR              R1, [R0]
  691 000004FE F021 0120       BIC              R1, R1, #2_00100000
  692 00000502 F041 0100       ORR              R1, R1, #2_00000000
  693 00000506 6001            STR              R1, [R0]
  694 00000508 4770            BX               LR
  695 0000050A         ; ------------------------------------------------------
                       -------------------------
  696 0000050A         ; Interrupção Port J
  697 0000050A         GPIOPortJ_Handler
  698 0000050A         ; verificando estado
  699 0000050A F1BA 0F04       CMP              STATE, #STATE_BLOCKED
  700 0000050E D10C            BNE              portj_interr_ack
  701 00000510         ; verificando se já foi pressionado
  702 00000510 480D            LDR              R0, =SW1_STATE_PTR
  703 00000512 6801            LDR              R1, [R0]
  704 00000514 2901            CMP              R1, #1
  705 00000516 D008            BEQ              portj_interr_ack
  706 00000518         ; lendo resposta
  707 00000518 480C            LDR              R0, =GPIO_PORTJ_AHB_RIS_R
  708 0000051A 6801            LDR              R1, [R0]
  709 0000051C         ; teste SW1
  710 0000051C F011 0F01       TST              R1, #2_1



ARM Macro Assembler    Page 18 


  711 00000520 BF18            IT               NE
  712 00000522 4809            LDRNE            R0, =SW1_STATE_PTR
  713 00000524 BF1C 2101       MOVNE            R1, #1
  714 00000528 6001            STRNE            R1, [R0]
  715 0000052A         portj_interr_ack
  716 0000052A         ; acknowledge
  717 0000052A 4809            LDR              R0, =GPIO_PORTJ_AHB_ICR_R
  718 0000052C F04F 0101       MOV              R1, #2_1
  719 00000530 6001            STR              R1, [R0]
  720 00000532 4770            BX               LR
  721 00000534         ; ------------------------------------------------------
                       -------------------------
  722 00000534                 ALIGN                        ; garante que o fim
                                                             da seção está alin
                                                            hada
  723 00000534                 END                          ; fim do arquivo
              400613FC 
              400633FC 
              40063400 
              400623FC 
              400653FC 
              20000040 
              40060414 
              4006041C 
Command Line: --debug --xref --diag_suppress=9931,A1950W --cpu=Cortex-M4.fp.sp 
--depend=.\objects\gpio.d -o.\objects\gpio.o -IC:\Users\alfon\AppData\Local\Arm
\Packs\Keil\TM4C_DFP\1.1.0\Device\Include\TM4C129 --predefine="__EVAL SETA 1" -
-predefine="__UVISION_VERSION SETA 538" --predefine="TM4C1294NCPDT SETA 1" --li
st=.\listings\gpio.lst gpio.s



ARM Macro Assembler    Page 1 Alphabetic symbol ordering
Relocatable symbols

.text 00000000

Symbol: .text
   Definitions
      At line 145 in file gpio.s
   Uses
      None
Comment: .text unused
Blocked_Blink_OFF 000004FA

Symbol: Blocked_Blink_OFF
   Definitions
      At line 687 in file gpio.s
   Uses
      At line 154 in file gpio.s
Comment: Blocked_Blink_OFF used once
Blocked_Blink_ON 000004EA

Symbol: Blocked_Blink_ON
   Definitions
      At line 675 in file gpio.s
   Uses
      At line 153 in file gpio.s
Comment: Blocked_Blink_ON used once
EsperaGPIO 00000022

Symbol: EsperaGPIO
   Definitions
      At line 180 in file gpio.s
   Uses
      At line 190 in file gpio.s
Comment: EsperaGPIO used once
GPIOPortJ_Handler 0000050A

Symbol: GPIOPortJ_Handler
   Definitions
      At line 697 in file gpio.s
   Uses
      At line 155 in file gpio.s
Comment: GPIOPortJ_Handler used once
GPIO_Init 00000000

Symbol: GPIO_Init
   Definitions
      At line 167 in file gpio.s
   Uses
      At line 147 in file gpio.s
Comment: GPIO_Init used once
LCD_CMD 000002CA

Symbol: LCD_CMD
   Definitions
      At line 397 in file gpio.s
   Uses
      At line 149 in file gpio.s
      At line 354 in file gpio.s
      At line 358 in file gpio.s
      At line 362 in file gpio.s
      At line 366 in file gpio.s



ARM Macro Assembler    Page 2 Alphabetic symbol ordering
Relocatable symbols

      At line 370 in file gpio.s
      At line 376 in file gpio.s
      At line 380 in file gpio.s
      At line 384 in file gpio.s
      At line 388 in file gpio.s

LCD_DATA 0000030E

Symbol: LCD_DATA
   Definitions
      At line 426 in file gpio.s
   Uses
      At line 150 in file gpio.s
      At line 469 in file gpio.s
      At line 481 in file gpio.s

LCD_init 0000024C

Symbol: LCD_init
   Definitions
      At line 344 in file gpio.s
   Uses
      At line 148 in file gpio.s
Comment: LCD_init used once
LCD_print 0000034E

Symbol: LCD_print
   Definitions
      At line 452 in file gpio.s
   Uses
      At line 152 in file gpio.s
Comment: LCD_print used once
LCD_print_end 0000038E

Symbol: LCD_print_end
   Definitions
      At line 486 in file gpio.s
   Uses
      At line 473 in file gpio.s
      At line 479 in file gpio.s

LCD_print_moving 00000358

Symbol: LCD_print_moving
   Definitions
      At line 458 in file gpio.s
   Uses
      At line 456 in file gpio.s
Comment: LCD_print_moving used once
LCD_print_static 00000378

Symbol: LCD_print_static
   Definitions
      At line 474 in file gpio.s
   Uses
      At line 457 in file gpio.s
      At line 485 in file gpio.s

Matrix_read 00000394



ARM Macro Assembler    Page 3 Alphabetic symbol ordering
Relocatable symbols


Symbol: Matrix_read
   Definitions
      At line 493 in file gpio.s
   Uses
      At line 151 in file gpio.s
Comment: Matrix_read used once
Matrix_read_j 00000484

Symbol: Matrix_read_j
   Definitions
      At line 620 in file gpio.s
   Uses
      At line 497 in file gpio.s
      At line 525 in file gpio.s
      At line 553 in file gpio.s
      At line 581 in file gpio.s

debounce_wait 00000474

Symbol: debounce_wait
   Definitions
      At line 609 in file gpio.s
   Uses
      At line 505 in file gpio.s
      At line 510 in file gpio.s
      At line 515 in file gpio.s
      At line 520 in file gpio.s
      At line 533 in file gpio.s
      At line 538 in file gpio.s
      At line 543 in file gpio.s
      At line 548 in file gpio.s
      At line 561 in file gpio.s
      At line 566 in file gpio.s
      At line 571 in file gpio.s
      At line 576 in file gpio.s
      At line 589 in file gpio.s
      At line 594 in file gpio.s
      At line 599 in file gpio.s
      At line 604 in file gpio.s

lcd_init_end 000002C4

Symbol: lcd_init_end
   Definitions
      At line 389 in file gpio.s
   Uses
      At line 371 in file gpio.s
Comment: lcd_init_end used once
lcd_init_moving 00000256

Symbol: lcd_init_moving
   Definitions
      At line 350 in file gpio.s
   Uses
      At line 348 in file gpio.s
Comment: lcd_init_moving used once
lcd_init_static 00000294




ARM Macro Assembler    Page 4 Alphabetic symbol ordering
Relocatable symbols

Symbol: lcd_init_static
   Definitions
      At line 372 in file gpio.s
   Uses
      At line 349 in file gpio.s
Comment: lcd_init_static used once
matrix_J2 000003CC

Symbol: matrix_J2
   Definitions
      At line 522 in file gpio.s
   Uses
      At line 499 in file gpio.s
Comment: matrix_J2 used once
matrix_J3 00000402

Symbol: matrix_J3
   Definitions
      At line 550 in file gpio.s
   Uses
      At line 527 in file gpio.s
Comment: matrix_J3 used once
matrix_J4 00000438

Symbol: matrix_J4
   Definitions
      At line 578 in file gpio.s
   Uses
      At line 555 in file gpio.s
Comment: matrix_J4 used once
matrix_endJ 0000047C

Symbol: matrix_endJ
   Definitions
      At line 612 in file gpio.s
   Uses
      At line 608 in file gpio.s
Comment: matrix_endJ used once
matrix_end_iCheck 000004D8

Symbol: matrix_end_iCheck
   Definitions
      At line 662 in file gpio.s
   Uses
      At line 644 in file gpio.s
      At line 649 in file gpio.s
      At line 654 in file gpio.s
      At line 659 in file gpio.s

matrix_noneJ 0000046E

Symbol: matrix_noneJ
   Definitions
      At line 606 in file gpio.s
   Uses
      At line 521 in file gpio.s
      At line 549 in file gpio.s
      At line 577 in file gpio.s
      At line 583 in file gpio.s



ARM Macro Assembler    Page 5 Alphabetic symbol ordering
Relocatable symbols

      At line 605 in file gpio.s

portj_interr_ack 0000052A

Symbol: portj_interr_ack
   Definitions
      At line 715 in file gpio.s
   Uses
      At line 700 in file gpio.s
      At line 705 in file gpio.s

26 symbols



ARM Macro Assembler    Page 1 Alphabetic symbol ordering
Absolute symbols

ARRAY_PW_BLOCKED 20000020

Symbol: ARRAY_PW_BLOCKED
   Definitions
      At line 16 in file gpio.s
   Uses
      None
Comment: ARRAY_PW_BLOCKED unused
ARRAY_PW_CLOSED 20000010

Symbol: ARRAY_PW_CLOSED
   Definitions
      At line 15 in file gpio.s
   Uses
      None
Comment: ARRAY_PW_CLOSED unused
ARRAY_PW_MASTER 20000030

Symbol: ARRAY_PW_MASTER
   Definitions
      At line 17 in file gpio.s
   Uses
      None
Comment: ARRAY_PW_MASTER unused
ARRAY_PW_OPEN 20000000

Symbol: ARRAY_PW_OPEN
   Definitions
      At line 14 in file gpio.s
   Uses
      None
Comment: ARRAY_PW_OPEN unused
GPIO_PORTA 00000001

Symbol: GPIO_PORTA
   Definitions
      At line 69 in file gpio.s
   Uses
      At line 171 in file gpio.s
      At line 182 in file gpio.s

GPIO_PORTA_AHB_AFSEL_R 40058420

Symbol: GPIO_PORTA_AHB_AFSEL_R
   Definitions
      At line 65 in file gpio.s
   Uses
      At line 255 in file gpio.s
Comment: GPIO_PORTA_AHB_AFSEL_R used once
GPIO_PORTA_AHB_AMSEL_R 40058528

Symbol: GPIO_PORTA_AHB_AMSEL_R
   Definitions
      At line 62 in file gpio.s
   Uses
      At line 193 in file gpio.s
Comment: GPIO_PORTA_AHB_AMSEL_R used once
GPIO_PORTA_AHB_CR_R 40058524




ARM Macro Assembler    Page 2 Alphabetic symbol ordering
Absolute symbols

Symbol: GPIO_PORTA_AHB_CR_R
   Definitions
      At line 61 in file gpio.s
   Uses
      None
Comment: GPIO_PORTA_AHB_CR_R unused
GPIO_PORTA_AHB_DATA_R 400583FC

Symbol: GPIO_PORTA_AHB_DATA_R
   Definitions
      At line 68 in file gpio.s
   Uses
      At line 328 in file gpio.s
Comment: GPIO_PORTA_AHB_DATA_R used once
GPIO_PORTA_AHB_DEN_R 4005851C

Symbol: GPIO_PORTA_AHB_DEN_R
   Definitions
      At line 66 in file gpio.s
   Uses
      At line 270 in file gpio.s
Comment: GPIO_PORTA_AHB_DEN_R used once
GPIO_PORTA_AHB_DIR_R 40058400

Symbol: GPIO_PORTA_AHB_DIR_R
   Definitions
      At line 64 in file gpio.s
   Uses
      At line 225 in file gpio.s
Comment: GPIO_PORTA_AHB_DIR_R used once
GPIO_PORTA_AHB_LOCK_R 40058520

Symbol: GPIO_PORTA_AHB_LOCK_R
   Definitions
      At line 60 in file gpio.s
   Uses
      None
Comment: GPIO_PORTA_AHB_LOCK_R unused
GPIO_PORTA_AHB_PCTL_R 4005852C

Symbol: GPIO_PORTA_AHB_PCTL_R
   Definitions
      At line 63 in file gpio.s
   Uses
      At line 209 in file gpio.s
Comment: GPIO_PORTA_AHB_PCTL_R used once
GPIO_PORTA_AHB_PUR_R 40058510

Symbol: GPIO_PORTA_AHB_PUR_R
   Definitions
      At line 67 in file gpio.s
   Uses
      None
Comment: GPIO_PORTA_AHB_PUR_R unused
GPIO_PORTJ 00000100

Symbol: GPIO_PORTJ
   Definitions
      At line 86 in file gpio.s



ARM Macro Assembler    Page 3 Alphabetic symbol ordering
Absolute symbols

   Uses
      At line 172 in file gpio.s
      At line 183 in file gpio.s

GPIO_PORTJ_AHB_AFSEL_R 40060420

Symbol: GPIO_PORTJ_AHB_AFSEL_R
   Definitions
      At line 76 in file gpio.s
   Uses
      At line 257 in file gpio.s
Comment: GPIO_PORTJ_AHB_AFSEL_R used once
GPIO_PORTJ_AHB_AMSEL_R 40060528

Symbol: GPIO_PORTJ_AHB_AMSEL_R
   Definitions
      At line 73 in file gpio.s
   Uses
      At line 195 in file gpio.s
Comment: GPIO_PORTJ_AHB_AMSEL_R used once
GPIO_PORTJ_AHB_CR_R 40060524

Symbol: GPIO_PORTJ_AHB_CR_R
   Definitions
      At line 72 in file gpio.s
   Uses
      None
Comment: GPIO_PORTJ_AHB_CR_R unused
GPIO_PORTJ_AHB_DATA_R 400603FC

Symbol: GPIO_PORTJ_AHB_DATA_R
   Definitions
      At line 79 in file gpio.s
   Uses
      None
Comment: GPIO_PORTJ_AHB_DATA_R unused
GPIO_PORTJ_AHB_DEN_R 4006051C

Symbol: GPIO_PORTJ_AHB_DEN_R
   Definitions
      At line 77 in file gpio.s
   Uses
      At line 273 in file gpio.s
Comment: GPIO_PORTJ_AHB_DEN_R used once
GPIO_PORTJ_AHB_DIR_R 40060400

Symbol: GPIO_PORTJ_AHB_DIR_R
   Definitions
      At line 75 in file gpio.s
   Uses
      At line 229 in file gpio.s
Comment: GPIO_PORTJ_AHB_DIR_R used once
GPIO_PORTJ_AHB_IBE_R 40060408

Symbol: GPIO_PORTJ_AHB_IBE_R
   Definitions
      At line 82 in file gpio.s
   Uses
      At line 306 in file gpio.s



ARM Macro Assembler    Page 4 Alphabetic symbol ordering
Absolute symbols

Comment: GPIO_PORTJ_AHB_IBE_R used once
GPIO_PORTJ_AHB_ICR_R 4006041C

Symbol: GPIO_PORTJ_AHB_ICR_R
   Definitions
      At line 84 in file gpio.s
   Uses
      At line 312 in file gpio.s
      At line 717 in file gpio.s

GPIO_PORTJ_AHB_IEV_R 4006040C

Symbol: GPIO_PORTJ_AHB_IEV_R
   Definitions
      At line 83 in file gpio.s
   Uses
      At line 309 in file gpio.s
Comment: GPIO_PORTJ_AHB_IEV_R used once
GPIO_PORTJ_AHB_IM_R 40060410

Symbol: GPIO_PORTJ_AHB_IM_R
   Definitions
      At line 80 in file gpio.s
   Uses
      At line 299 in file gpio.s
      At line 315 in file gpio.s

GPIO_PORTJ_AHB_IS_R 40060404

Symbol: GPIO_PORTJ_AHB_IS_R
   Definitions
      At line 81 in file gpio.s
   Uses
      At line 303 in file gpio.s
Comment: GPIO_PORTJ_AHB_IS_R used once
GPIO_PORTJ_AHB_LOCK_R 40060520

Symbol: GPIO_PORTJ_AHB_LOCK_R
   Definitions
      At line 71 in file gpio.s
   Uses
      None
Comment: GPIO_PORTJ_AHB_LOCK_R unused
GPIO_PORTJ_AHB_PCTL_R 4006052C

Symbol: GPIO_PORTJ_AHB_PCTL_R
   Definitions
      At line 74 in file gpio.s
   Uses
      At line 211 in file gpio.s
Comment: GPIO_PORTJ_AHB_PCTL_R used once
GPIO_PORTJ_AHB_PUR_R 40060510

Symbol: GPIO_PORTJ_AHB_PUR_R
   Definitions
      At line 78 in file gpio.s
   Uses
      At line 292 in file gpio.s
Comment: GPIO_PORTJ_AHB_PUR_R used once



ARM Macro Assembler    Page 5 Alphabetic symbol ordering
Absolute symbols

GPIO_PORTJ_AHB_RIS_R 40060414

Symbol: GPIO_PORTJ_AHB_RIS_R
   Definitions
      At line 85 in file gpio.s
   Uses
      At line 707 in file gpio.s
Comment: GPIO_PORTJ_AHB_RIS_R used once
GPIO_PORTK 00000200

Symbol: GPIO_PORTK
   Definitions
      At line 97 in file gpio.s
   Uses
      At line 173 in file gpio.s
      At line 184 in file gpio.s

GPIO_PORTK_AFSEL_R 40061420

Symbol: GPIO_PORTK_AFSEL_R
   Definitions
      At line 93 in file gpio.s
   Uses
      At line 259 in file gpio.s
Comment: GPIO_PORTK_AFSEL_R used once
GPIO_PORTK_AMSEL_R 40061528

Symbol: GPIO_PORTK_AMSEL_R
   Definitions
      At line 90 in file gpio.s
   Uses
      At line 197 in file gpio.s
Comment: GPIO_PORTK_AMSEL_R used once
GPIO_PORTK_CR_R 40061524

Symbol: GPIO_PORTK_CR_R
   Definitions
      At line 89 in file gpio.s
   Uses
      None
Comment: GPIO_PORTK_CR_R unused
GPIO_PORTK_DATA_R 400613FC

Symbol: GPIO_PORTK_DATA_R
   Definitions
      At line 96 in file gpio.s
   Uses
      At line 401 in file gpio.s
      At line 428 in file gpio.s

GPIO_PORTK_DEN_R 4006151C

Symbol: GPIO_PORTK_DEN_R
   Definitions
      At line 94 in file gpio.s
   Uses
      At line 276 in file gpio.s
Comment: GPIO_PORTK_DEN_R used once
GPIO_PORTK_DIR_R 40061400



ARM Macro Assembler    Page 6 Alphabetic symbol ordering
Absolute symbols


Symbol: GPIO_PORTK_DIR_R
   Definitions
      At line 92 in file gpio.s
   Uses
      At line 233 in file gpio.s
Comment: GPIO_PORTK_DIR_R used once
GPIO_PORTK_LOCK_R 40061520

Symbol: GPIO_PORTK_LOCK_R
   Definitions
      At line 88 in file gpio.s
   Uses
      None
Comment: GPIO_PORTK_LOCK_R unused
GPIO_PORTK_PCTL_R 4006152C

Symbol: GPIO_PORTK_PCTL_R
   Definitions
      At line 91 in file gpio.s
   Uses
      At line 213 in file gpio.s
Comment: GPIO_PORTK_PCTL_R used once
GPIO_PORTK_PUR_R 40061510

Symbol: GPIO_PORTK_PUR_R
   Definitions
      At line 95 in file gpio.s
   Uses
      None
Comment: GPIO_PORTK_PUR_R unused
GPIO_PORTL 00000400

Symbol: GPIO_PORTL
   Definitions
      At line 108 in file gpio.s
   Uses
      At line 174 in file gpio.s
      At line 185 in file gpio.s

GPIO_PORTL_AFSEL_R 40062420

Symbol: GPIO_PORTL_AFSEL_R
   Definitions
      At line 104 in file gpio.s
   Uses
      At line 261 in file gpio.s
Comment: GPIO_PORTL_AFSEL_R used once
GPIO_PORTL_AMSEL_R 40062528

Symbol: GPIO_PORTL_AMSEL_R
   Definitions
      At line 101 in file gpio.s
   Uses
      At line 199 in file gpio.s
Comment: GPIO_PORTL_AMSEL_R used once
GPIO_PORTL_CR_R 40062524

Symbol: GPIO_PORTL_CR_R



ARM Macro Assembler    Page 7 Alphabetic symbol ordering
Absolute symbols

   Definitions
      At line 100 in file gpio.s
   Uses
      None
Comment: GPIO_PORTL_CR_R unused
GPIO_PORTL_DATA_R 400623FC

Symbol: GPIO_PORTL_DATA_R
   Definitions
      At line 107 in file gpio.s
   Uses
      At line 638 in file gpio.s
Comment: GPIO_PORTL_DATA_R used once
GPIO_PORTL_DEN_R 4006251C

Symbol: GPIO_PORTL_DEN_R
   Definitions
      At line 105 in file gpio.s
   Uses
      At line 279 in file gpio.s
Comment: GPIO_PORTL_DEN_R used once
GPIO_PORTL_DIR_R 40062400

Symbol: GPIO_PORTL_DIR_R
   Definitions
      At line 103 in file gpio.s
   Uses
      At line 237 in file gpio.s
Comment: GPIO_PORTL_DIR_R used once
GPIO_PORTL_LOCK_R 40062520

Symbol: GPIO_PORTL_LOCK_R
   Definitions
      At line 99 in file gpio.s
   Uses
      None
Comment: GPIO_PORTL_LOCK_R unused
GPIO_PORTL_PCTL_R 4006252C

Symbol: GPIO_PORTL_PCTL_R
   Definitions
      At line 102 in file gpio.s
   Uses
      At line 215 in file gpio.s
Comment: GPIO_PORTL_PCTL_R used once
GPIO_PORTL_PUR_R 40062510

Symbol: GPIO_PORTL_PUR_R
   Definitions
      At line 106 in file gpio.s
   Uses
      At line 295 in file gpio.s
Comment: GPIO_PORTL_PUR_R used once
GPIO_PORTM 00000800

Symbol: GPIO_PORTM
   Definitions
      At line 119 in file gpio.s
   Uses



ARM Macro Assembler    Page 8 Alphabetic symbol ordering
Absolute symbols

      At line 175 in file gpio.s
      At line 186 in file gpio.s

GPIO_PORTM_AFSEL_R 40063420

Symbol: GPIO_PORTM_AFSEL_R
   Definitions
      At line 115 in file gpio.s
   Uses
      At line 263 in file gpio.s
Comment: GPIO_PORTM_AFSEL_R used once
GPIO_PORTM_AMSEL_R 40063528

Symbol: GPIO_PORTM_AMSEL_R
   Definitions
      At line 112 in file gpio.s
   Uses
      At line 201 in file gpio.s
Comment: GPIO_PORTM_AMSEL_R used once
GPIO_PORTM_CR_R 40063524

Symbol: GPIO_PORTM_CR_R
   Definitions
      At line 111 in file gpio.s
   Uses
      None
Comment: GPIO_PORTM_CR_R unused
GPIO_PORTM_DATA_R 400633FC

Symbol: GPIO_PORTM_DATA_R
   Definitions
      At line 118 in file gpio.s
   Uses
      At line 404 in file gpio.s
      At line 413 in file gpio.s
      At line 430 in file gpio.s
      At line 439 in file gpio.s
      At line 630 in file gpio.s

GPIO_PORTM_DEN_R 4006351C

Symbol: GPIO_PORTM_DEN_R
   Definitions
      At line 116 in file gpio.s
   Uses
      At line 282 in file gpio.s
Comment: GPIO_PORTM_DEN_R used once
GPIO_PORTM_DIR_R 40063400

Symbol: GPIO_PORTM_DIR_R
   Definitions
      At line 114 in file gpio.s
   Uses
      At line 242 in file gpio.s
      At line 624 in file gpio.s

GPIO_PORTM_LOCK_R 40063520

Symbol: GPIO_PORTM_LOCK_R



ARM Macro Assembler    Page 9 Alphabetic symbol ordering
Absolute symbols

   Definitions
      At line 110 in file gpio.s
   Uses
      None
Comment: GPIO_PORTM_LOCK_R unused
GPIO_PORTM_PCTL_R 4006352C

Symbol: GPIO_PORTM_PCTL_R
   Definitions
      At line 113 in file gpio.s
   Uses
      At line 217 in file gpio.s
Comment: GPIO_PORTM_PCTL_R used once
GPIO_PORTM_PUR_R 40063510

Symbol: GPIO_PORTM_PUR_R
   Definitions
      At line 117 in file gpio.s
   Uses
      None
Comment: GPIO_PORTM_PUR_R unused
GPIO_PORTP 00002000

Symbol: GPIO_PORTP
   Definitions
      At line 130 in file gpio.s
   Uses
      At line 176 in file gpio.s
      At line 187 in file gpio.s

GPIO_PORTP_AFSEL_R 40065420

Symbol: GPIO_PORTP_AFSEL_R
   Definitions
      At line 126 in file gpio.s
   Uses
      At line 265 in file gpio.s
Comment: GPIO_PORTP_AFSEL_R used once
GPIO_PORTP_AMSEL_R 40065528

Symbol: GPIO_PORTP_AMSEL_R
   Definitions
      At line 123 in file gpio.s
   Uses
      At line 203 in file gpio.s
Comment: GPIO_PORTP_AMSEL_R used once
GPIO_PORTP_CR_R 40065524

Symbol: GPIO_PORTP_CR_R
   Definitions
      At line 122 in file gpio.s
   Uses
      None
Comment: GPIO_PORTP_CR_R unused
GPIO_PORTP_DATA_R 400653FC

Symbol: GPIO_PORTP_DATA_R
   Definitions
      At line 129 in file gpio.s



ARM Macro Assembler    Page 10 Alphabetic symbol ordering
Absolute symbols

   Uses
      At line 677 in file gpio.s
      At line 689 in file gpio.s

GPIO_PORTP_DEN_R 4006551C

Symbol: GPIO_PORTP_DEN_R
   Definitions
      At line 127 in file gpio.s
   Uses
      At line 285 in file gpio.s
Comment: GPIO_PORTP_DEN_R used once
GPIO_PORTP_DIR_R 40065400

Symbol: GPIO_PORTP_DIR_R
   Definitions
      At line 125 in file gpio.s
   Uses
      At line 246 in file gpio.s
Comment: GPIO_PORTP_DIR_R used once
GPIO_PORTP_LOCK_R 40065520

Symbol: GPIO_PORTP_LOCK_R
   Definitions
      At line 121 in file gpio.s
   Uses
      None
Comment: GPIO_PORTP_LOCK_R unused
GPIO_PORTP_PCTL_R 4006552C

Symbol: GPIO_PORTP_PCTL_R
   Definitions
      At line 124 in file gpio.s
   Uses
      At line 219 in file gpio.s
Comment: GPIO_PORTP_PCTL_R used once
GPIO_PORTP_PUR_R 40065510

Symbol: GPIO_PORTP_PUR_R
   Definitions
      At line 128 in file gpio.s
   Uses
      None
Comment: GPIO_PORTP_PUR_R unused
GPIO_PORTQ 00004000

Symbol: GPIO_PORTQ
   Definitions
      At line 141 in file gpio.s
   Uses
      At line 177 in file gpio.s
      At line 188 in file gpio.s

GPIO_PORTQ_AFSEL_R 40066420

Symbol: GPIO_PORTQ_AFSEL_R
   Definitions
      At line 137 in file gpio.s
   Uses



ARM Macro Assembler    Page 11 Alphabetic symbol ordering
Absolute symbols

      At line 267 in file gpio.s
Comment: GPIO_PORTQ_AFSEL_R used once
GPIO_PORTQ_AMSEL_R 40066528

Symbol: GPIO_PORTQ_AMSEL_R
   Definitions
      At line 134 in file gpio.s
   Uses
      At line 205 in file gpio.s
Comment: GPIO_PORTQ_AMSEL_R used once
GPIO_PORTQ_CR_R 40066524

Symbol: GPIO_PORTQ_CR_R
   Definitions
      At line 133 in file gpio.s
   Uses
      None
Comment: GPIO_PORTQ_CR_R unused
GPIO_PORTQ_DATA_R 400663FC

Symbol: GPIO_PORTQ_DATA_R
   Definitions
      At line 140 in file gpio.s
   Uses
      At line 333 in file gpio.s
Comment: GPIO_PORTQ_DATA_R used once
GPIO_PORTQ_DEN_R 4006651C

Symbol: GPIO_PORTQ_DEN_R
   Definitions
      At line 138 in file gpio.s
   Uses
      At line 288 in file gpio.s
Comment: GPIO_PORTQ_DEN_R used once
GPIO_PORTQ_DIR_R 40066400

Symbol: GPIO_PORTQ_DIR_R
   Definitions
      At line 136 in file gpio.s
   Uses
      At line 250 in file gpio.s
Comment: GPIO_PORTQ_DIR_R used once
GPIO_PORTQ_LOCK_R 40066520

Symbol: GPIO_PORTQ_LOCK_R
   Definitions
      At line 132 in file gpio.s
   Uses
      None
Comment: GPIO_PORTQ_LOCK_R unused
GPIO_PORTQ_PCTL_R 4006652C

Symbol: GPIO_PORTQ_PCTL_R
   Definitions
      At line 135 in file gpio.s
   Uses
      At line 221 in file gpio.s
Comment: GPIO_PORTQ_PCTL_R used once
GPIO_PORTQ_PUR_R 40066510



ARM Macro Assembler    Page 12 Alphabetic symbol ordering
Absolute symbols


Symbol: GPIO_PORTQ_PUR_R
   Definitions
      At line 139 in file gpio.s
   Uses
      None
Comment: GPIO_PORTQ_PUR_R unused
NVIC_EN1_R E000E104

Symbol: NVIC_EN1_R
   Definitions
      At line 53 in file gpio.s
   Uses
      At line 319 in file gpio.s
Comment: NVIC_EN1_R used once
NVIC_PORTJ_EN_SHIFT 00000013

Symbol: NVIC_PORTJ_EN_SHIFT
   Definitions
      At line 55 in file gpio.s
   Uses
      At line 321 in file gpio.s
Comment: NVIC_PORTJ_EN_SHIFT used once
NVIC_PORTJ_PRI_SHIFT 0000001D

Symbol: NVIC_PORTJ_PRI_SHIFT
   Definitions
      At line 56 in file gpio.s
   Uses
      At line 326 in file gpio.s
Comment: NVIC_PORTJ_PRI_SHIFT used once
NVIC_PRI12_R E000E430

Symbol: NVIC_PRI12_R
   Definitions
      At line 54 in file gpio.s
   Uses
      At line 324 in file gpio.s
Comment: NVIC_PRI12_R used once
PORTK_LCD_DATA 000000FF

Symbol: PORTK_LCD_DATA
   Definitions
      At line 31 in file gpio.s
   Uses
      None
Comment: PORTK_LCD_DATA unused
PORTL_L 0000000F

Symbol: PORTL_L
   Definitions
      At line 41 in file gpio.s
   Uses
      None
Comment: PORTL_L unused
PORTL_L1 00000001

Symbol: PORTL_L1
   Definitions



ARM Macro Assembler    Page 13 Alphabetic symbol ordering
Absolute symbols

      At line 37 in file gpio.s
   Uses
      At line 502 in file gpio.s
      At line 530 in file gpio.s
      At line 558 in file gpio.s
      At line 586 in file gpio.s
      At line 641 in file gpio.s
      At line 643 in file gpio.s

PORTL_L2 00000002

Symbol: PORTL_L2
   Definitions
      At line 38 in file gpio.s
   Uses
      At line 507 in file gpio.s
      At line 535 in file gpio.s
      At line 563 in file gpio.s
      At line 591 in file gpio.s
      At line 646 in file gpio.s
      At line 648 in file gpio.s

PORTL_L3 00000004

Symbol: PORTL_L3
   Definitions
      At line 39 in file gpio.s
   Uses
      At line 512 in file gpio.s
      At line 540 in file gpio.s
      At line 568 in file gpio.s
      At line 596 in file gpio.s
      At line 651 in file gpio.s
      At line 653 in file gpio.s

PORTL_L4 00000008

Symbol: PORTL_L4
   Definitions
      At line 40 in file gpio.s
   Uses
      At line 517 in file gpio.s
      At line 545 in file gpio.s
      At line 573 in file gpio.s
      At line 601 in file gpio.s
      At line 656 in file gpio.s
      At line 658 in file gpio.s

PORTM_C 000000F0

Symbol: PORTM_C
   Definitions
      At line 46 in file gpio.s
   Uses
      At line 626 in file gpio.s
Comment: PORTM_C used once
PORTM_C1 00000010

Symbol: PORTM_C1



ARM Macro Assembler    Page 14 Alphabetic symbol ordering
Absolute symbols

   Definitions
      At line 42 in file gpio.s
   Uses
      At line 496 in file gpio.s
Comment: PORTM_C1 used once
PORTM_C2 00000020

Symbol: PORTM_C2
   Definitions
      At line 43 in file gpio.s
   Uses
      At line 524 in file gpio.s
Comment: PORTM_C2 used once
PORTM_C3 00000040

Symbol: PORTM_C3
   Definitions
      At line 44 in file gpio.s
   Uses
      At line 552 in file gpio.s
Comment: PORTM_C3 used once
PORTM_C4 00000080

Symbol: PORTM_C4
   Definitions
      At line 45 in file gpio.s
   Uses
      At line 580 in file gpio.s
Comment: PORTM_C4 used once
PORTM_LCD_EN 00000004

Symbol: PORTM_LCD_EN
   Definitions
      At line 34 in file gpio.s
   Uses
      At line 408 in file gpio.s
      At line 409 in file gpio.s
      At line 415 in file gpio.s
      At line 434 in file gpio.s
      At line 435 in file gpio.s
      At line 441 in file gpio.s

PORTM_LCD_RS 00000001

Symbol: PORTM_LCD_RS
   Definitions
      At line 32 in file gpio.s
   Uses
      At line 406 in file gpio.s
      At line 432 in file gpio.s
      At line 433 in file gpio.s

PORTM_LCD_RW 00000002

Symbol: PORTM_LCD_RW
   Definitions
      At line 33 in file gpio.s
   Uses
      None



ARM Macro Assembler    Page 15 Alphabetic symbol ordering
Absolute symbols

Comment: PORTM_LCD_RW unused
STATE_BLOCKED 00000004

Symbol: STATE_BLOCKED
   Definitions
      At line 11 in file gpio.s
   Uses
      At line 699 in file gpio.s
Comment: STATE_BLOCKED used once
STATE_CLOSED 00000002

Symbol: STATE_CLOSED
   Definitions
      At line 9 in file gpio.s
   Uses
      None
Comment: STATE_CLOSED unused
STATE_CLOSING 00000003

Symbol: STATE_CLOSING
   Definitions
      At line 10 in file gpio.s
   Uses
      None
Comment: STATE_CLOSING unused
STATE_OPEN 00000000

Symbol: STATE_OPEN
   Definitions
      At line 7 in file gpio.s
   Uses
      At line 347 in file gpio.s
      At line 455 in file gpio.s

STATE_OPENING 00000001

Symbol: STATE_OPENING
   Definitions
      At line 8 in file gpio.s
   Uses
      None
Comment: STATE_OPENING unused
SW1_STATE_PTR 20000040

Symbol: SW1_STATE_PTR
   Definitions
      At line 18 in file gpio.s
   Uses
      At line 702 in file gpio.s
      At line 712 in file gpio.s

SYSCTL_PRGPIO_R 400FEA08

Symbol: SYSCTL_PRGPIO_R
   Definitions
      At line 50 in file gpio.s
   Uses
      At line 179 in file gpio.s
Comment: SYSCTL_PRGPIO_R used once



ARM Macro Assembler    Page 16 Alphabetic symbol ordering
Absolute symbols

SYSCTL_RCGCGPIO_R 400FE608

Symbol: SYSCTL_RCGCGPIO_R
   Definitions
      At line 49 in file gpio.s
   Uses
      At line 170 in file gpio.s
Comment: SYSCTL_RCGCGPIO_R used once
106 symbols



ARM Macro Assembler    Page 1 Alphabetic symbol ordering
External symbols

STR_BLOCKED 00000000

Symbol: STR_BLOCKED
   Definitions
      At line 162 in file gpio.s
   Uses
      None
Comment: STR_BLOCKED unused
STR_CLOSED 00000000

Symbol: STR_CLOSED
   Definitions
      At line 160 in file gpio.s
   Uses
      None
Comment: STR_CLOSED unused
STR_CLOSING 00000000

Symbol: STR_CLOSING
   Definitions
      At line 161 in file gpio.s
   Uses
      None
Comment: STR_CLOSING unused
STR_OPEN 00000000

Symbol: STR_OPEN
   Definitions
      At line 158 in file gpio.s
   Uses
      None
Comment: STR_OPEN unused
STR_OPENING 00000000

Symbol: STR_OPENING
   Definitions
      At line 159 in file gpio.s
   Uses
      None
Comment: STR_OPENING unused
SysTick_Wait1ms 00000000

Symbol: SysTick_Wait1ms
   Definitions
      At line 157 in file gpio.s
   Uses
      At line 472 in file gpio.s
      At line 484 in file gpio.s
      At line 611 in file gpio.s
      At line 667 in file gpio.s

SysTick_Wait1us 00000000

Symbol: SysTick_Wait1us
   Definitions
      At line 156 in file gpio.s
   Uses
      At line 412 in file gpio.s
      At line 419 in file gpio.s



ARM Macro Assembler    Page 2 Alphabetic symbol ordering
External symbols

      At line 438 in file gpio.s
      At line 445 in file gpio.s
      At line 636 in file gpio.s

7 symbols
485 symbols in table
